
> metafin@1.0.2 build
> vite build

[36mvite v6.4.1 [32mbuilding for production...[36m[39m
transforming...
[32mÔ£ô[39m 3308 modules transformed.
rendering chunks...
computing gzip size...
[2mdist/[22m[32mregisterSW.js                       [39m[1m[2m  0.13 kB[22m[1m[22m
[2mdist/[22m[32mindex.html                          [39m[1m[2m  3.79 kB[22m[1m[22m[2m Ôöé gzip:   1.43 kB[22m
[2mdist/[22m[35massets/index-DFDgrUUo.css           [39m[1m[2m102.87 kB[22m[1m[22m[2m Ôöé gzip:  16.84 kB[22m
[2mdist/[22m[36massets/usePlan-8k1P-EHM.js          [39m[1m[2m  0.36 kB[22m[1m[22m[2m Ôöé gzip:   0.27 kB[22m
[2mdist/[22m[36massets/CurrencyInput-CBGwOIoT.js    [39m[1m[2m  1.20 kB[22m[1m[22m[2m Ôöé gzip:   0.72 kB[22m
[2mdist/[22m[36massets/plans-Du0o6ls3.js            [39m[1m[2m  1.77 kB[22m[1m[22m[2m Ôöé gzip:   0.79 kB[22m
[2mdist/[22m[36massets/data-CxnZJ_ch.js             [39m[1m[2m  1.92 kB[22m[1m[22m[2m Ôöé gzip:   0.72 kB[22m
[2mdist/[22m[36massets/lgpd-CdIZc_aR.js             [39m[1m[2m  1.95 kB[22m[1m[22m[2m Ôöé gzip:   0.98 kB[22m
[2mdist/[22m[36massets/useTransactions-g7yPoymM.js  [39m[1m[2m  3.44 kB[22m[1m[22m[2m Ôöé gzip:   1.28 kB[22m
[2mdist/[22m[36massets/usePluggy-CxT7EF7_.js        [39m[1m[2m  3.93 kB[22m[1m[22m[2m Ôöé gzip:   1.47 kB[22m
[2mdist/[22m[36massets/Upgrade-CXZKUymT.js          [39m[1m[2m  6.96 kB[22m[1m[22m[2m Ôöé gzip:   2.30 kB[22m
[2mdist/[22m[36massets/Reports-DunZfzFt.js          [39m[1m[2m 11.00 kB[22m[1m[22m[2m Ôöé gzip:   3.18 kB[22m
[2mdist/[22m[36massets/Budget-Cx84SP-P.js           [39m[1m[2m 11.40 kB[22m[1m[22m[2m Ôöé gzip:   3.69 kB[22m
[2mdist/[22m[36massets/Dashboard-u8jnU60J.js        [39m[1m[2m 13.19 kB[22m[1m[22m[2m Ôöé gzip:   3.76 kB[22m
[2mdist/[22m[36massets/NetWorth-0UDJuO37.js         [39m[1m[2m 13.31 kB[22m[1m[22m[2m Ôöé gzip:   4.02 kB[22m
[2mdist/[22m[36massets/Settings-CIb6iL3e.js         [39m[1m[2m 14.35 kB[22m[1m[22m[2m Ôöé gzip:   3.90 kB[22m
[2mdist/[22m[36massets/Webhooks-kCh6bFDj.js         [39m[1m[2m 15.46 kB[22m[1m[22m[2m Ôöé gzip:   4.41 kB[22m
[2mdist/[22m[36massets/FinancialHealth-73PY-4wt.js  [39m[1m[2m 15.87 kB[22m[1m[22m[2m Ôöé gzip:   5.52 kB[22m
[2mdist/[22m[36massets/CreditCards-C34ElYj_.js      [39m[1m[2m 16.61 kB[22m[1m[22m[2m Ôöé gzip:   4.18 kB[22m
[2mdist/[22m[36massets/AiChat-CMVaGnd0.js           [39m[1m[2m 17.02 kB[22m[1m[22m[2m Ôöé gzip:   5.97 kB[22m
[2mdist/[22m[36massets/Goals-DF2mHRFa.js            [39m[1m[2m 17.78 kB[22m[1m[22m[2m Ôöé gzip:   5.21 kB[22m
[2mdist/[22m[36massets/Bills-CgMR2Rpy.js            [39m[1m[2m 18.83 kB[22m[1m[22m[2m Ôöé gzip:   5.09 kB[22m
[2mdist/[22m[36massets/Investments-BN_RlVud.js      [39m[1m[2m 22.14 kB[22m[1m[22m[2m Ôöé gzip:   5.55 kB[22m
[2mdist/[22m[36massets/AIAssistant-CQNWkcYd.js      [39m[1m[2m 23.36 kB[22m[1m[22m[2m Ôöé gzip:   7.30 kB[22m
[2mdist/[22m[36massets/vendor-icons-BKG0oAv3.js     [39m[1m[2m 24.23 kB[22m[1m[22m[2m Ôöé gzip:   8.18 kB[22m
[2mdist/[22m[36massets/BankAccounts-DgiOV8xs.js     [39m[1m[2m 26.33 kB[22m[1m[22m[2m Ôöé gzip:   7.14 kB[22m
[2mdist/[22m[36massets/Transactions-DxkPs7nz.js     [39m[1m[2m 29.59 kB[22m[1m[22m[2m Ôöé gzip:   8.33 kB[22m
[2mdist/[22m[36massets/fileParser-DQ4TeTFM.js       [39m[1m[2m 37.55 kB[22m[1m[22m[2m Ôöé gzip:  10.14 kB[22m
[2mdist/[22m[36massets/vendor-utils-BoOTE9nJ.js     [39m[1m[2m 45.90 kB[22m[1m[22m[2m Ôöé gzip:  16.80 kB[22m
[2mdist/[22m[36massets/index-DjFgihaW.js            [39m[1m[2m 91.27 kB[22m[1m[22m[2m Ôöé gzip:  26.75 kB[22m
[2mdist/[22m[36massets/Simulators-Bbb_F4ZM.js       [39m[1m[2m 92.24 kB[22m[1m[22m[2m Ôöé gzip:  20.85 kB[22m
[2mdist/[22m[36massets/vendor-ui-BwVC777G.js        [39m[1m[2m124.82 kB[22m[1m[22m[2m Ôöé gzip:  39.92 kB[22m
[2mdist/[22m[36massets/index.es-Dx8TkIiP.js         [39m[1m[2m156.56 kB[22m[1m[22m[2m Ôöé gzip:  51.42 kB[22m
[2mdist/[22m[36massets/vendor-react-CIfh-c49.js     [39m[1m[2m162.60 kB[22m[1m[22m[2m Ôöé gzip:  53.17 kB[22m
[2mdist/[22m[36massets/vendor-supabase-QeT-7LZZ.js  [39m[1m[2m169.98 kB[22m[1m[22m[2m Ôöé gzip:  43.18 kB[22m
[2mdist/[22m[36massets/vendor-charts-CxITwX4i.js    [39m[1m[33m421.17 kB[39m[22m[2m Ôöé gzip: 107.52 kB[22m
[2mdist/[22m[36massets/vendor-pdf-np6mu4rN.js       [39m[1m[33m590.98 kB[39m[22m[2m Ôöé gzip: 172.80 kB[22m

(!) Some chunks are larger than 400 kB after minification. Consider:
- Using dynamic import() to code-split the application
- Use build.rollupOptions.output.manualChunks to improve chunking: https://rollupjs.org/configuration-options/#output-manualchunks
- Adjust chunk size limit for this warning via build.chunkSizeWarningLimit.
[32mÔ£ô built in 23.90s[39m

Ô£¿ [vite-plugin-compression]:algorithm=gzip - compressed file successfully: 
dist/C:/Users/felip/OneDrive/├ürea de Trabalho/smart-finance-hub/assets/AIAssistant-3AVoFdoH.js.gz           11.24kb / gzip: 3.54kb
dist/C:/Users/felip/OneDrive/├ürea de Trabalho/smart-finance-hub/assets/AIAssistant-BBUGY_FW.js.gz           11.24kb / gzip: 3.54kb
dist/C:/Users/felip/OneDrive/├ürea de Trabalho/smart-finance-hub/assets/AIAssistant-Bb8FeBsS.js.gz           18.21kb / gzip: 6.89kb
dist/C:/Users/felip/OneDrive/├ürea de Trabalho/smart-finance-hub/assets/AIAssistant-BbJ6QTvG.js.gz           11.24kb / gzip: 3.54kb
dist/C:/Users/felip/OneDrive/├ürea de Trabalho/smart-finance-hub/assets/AIAssistant-Bk8yZvS8.js.gz           22.38kb / gzip: 7.07kb
dist/C:/Users/felip/OneDrive/├ürea de Trabalho/smart-finance-hub/assets/AIAssistant-BL73wBqH.js.gz           12.45kb / gzip: 4.08kb
dist/C:/Users/felip/OneDrive/├ürea de Trabalho/smart-finance-hub/assets/AIAssistant-BEFHMfBA.js.gz           11.21kb / gzip: 3.53kb
dist/C:/Users/felip/OneDrive/├ürea de Trabalho/smart-finance-hub/assets/AIAssistant-BmyAnQjg.js.gz           11.21kb / gzip: 3.52kb
dist/C:/Users/felip/OneDrive/├ürea de Trabalho/smart-finance-hub/assets/AIAssistant-BtGmWFd3.js.gz           22.38kb / gzip: 7.07kb
dist/C:/Users/felip/OneDrive/├ürea de Trabalho/smart-finance-hub/assets/AIAssistant-BoKGneVP.js.gz           22.51kb / gzip: 7.12kb
dist/C:/Users/felip/OneDrive/├ürea de Trabalho/smart-finance-hub/assets/AIAssistant-BvVEt5_i.js.gz           22.51kb / gzip: 7.12kb
dist/C:/Users/felip/OneDrive/├ürea de Trabalho/smart-finance-hub/assets/AIAssistant-BPJ-ch3I.js.gz           11.24kb / gzip: 3.54kb
dist/C:/Users/felip/OneDrive/├ürea de Trabalho/smart-finance-hub/assets/AIAssistant-BxqU0OxN.js.gz           22.38kb / gzip: 7.07kb
dist/C:/Users/felip/OneDrive/├ürea de Trabalho/smart-finance-hub/assets/AIAssistant-BXb0XRom.js.gz           22.45kb / gzip: 7.11kb
dist/C:/Users/felip/OneDrive/├ürea de Trabalho/smart-finance-hub/assets/AIAssistant-CmdUWklL.js.gz           11.24kb / gzip: 3.54kb
dist/C:/Users/felip/OneDrive/├ürea de Trabalho/smart-finance-hub/assets/AIAssistant-CAb0-Fpp.js.gz           11.24kb / gzip: 3.54kb
dist/C:/Users/felip/OneDrive/├ürea de Trabalho/smart-finance-hub/assets/AIAssistant-C2eK8kmv.js.gz           22.38kb / gzip: 7.07kb
dist/C:/Users/felip/OneDrive/├ürea de Trabalho/smart-finance-hub/assets/AIAssistant-Ckq7t8L3.js.gz           22.38kb / gzip: 7.08kb
dist/C:/Users/felip/OneDrive/├ürea de Trabalho/smart-finance-hub/assets/AIAssistant-CNlxAFu9.js.gz           11.24kb / gzip: 3.54kb
dist/C:/Users/felip/OneDrive/├ürea de Trabalho/smart-finance-hub/assets/AIAssistant-CQNWkcYd.js.gz           22.81kb / gzip: 7.13kb
dist/C:/Users/felip/OneDrive/├ürea de Trabalho/smart-finance-hub/assets/AIAssistant-CSxCg2dr.js.gz           22.68kb / gzip: 7.11kb
dist/C:/Users/felip/OneDrive/├ürea de Trabalho/smart-finance-hub/assets/AIAssistant-D2_WpqRG.js.gz           18.14kb / gzip: 6.86kb
dist/C:/Users/felip/OneDrive/├ürea de Trabalho/smart-finance-hub/assets/AIAssistant-DdMVY5qj.js.gz           22.38kb / gzip: 7.08kb
dist/C:/Users/felip/OneDrive/├ürea de Trabalho/smart-finance-hub/assets/AIAssistant-D6Xypuc7.js.gz           22.38kb / gzip: 7.08kb
dist/C:/Users/felip/OneDrive/├ürea de Trabalho/smart-finance-hub/assets/AIAssistant-D-ixf6om.js.gz           12.45kb / gzip: 4.08kb
dist/C:/Users/felip/OneDrive/├ürea de Trabalho/smart-finance-hub/assets/AIAssistant-DGyG1FW6.js.gz           11.24kb / gzip: 3.54kb
dist/C:/Users/felip/OneDrive/├ürea de Trabalho/smart-finance-hub/assets/AIAssistant-CvFhLZIj.js.gz           22.51kb / gzip: 7.12kb
dist/C:/Users/felip/OneDrive/├ürea de Trabalho/smart-finance-hub/assets/AIAssistant-BOtPR9ar.js.gz           11.24kb / gzip: 3.54kb
dist/C:/Users/felip/OneDrive/├ürea de Trabalho/smart-finance-hub/assets/AIAssistant-DIU7xAfB.js.gz           22.50kb / gzip: 7.11kb
dist/C:/Users/felip/OneDrive/├ürea de Trabalho/smart-finance-hub/assets/AIAssistant-Dk-wjgKF.js.gz           22.38kb / gzip: 7.08kb
dist/C:/Users/felip/OneDrive/├ürea de Trabalho/smart-finance-hub/assets/AIAssistant-DxBdyxuc.js.gz           22.38kb / gzip: 7.07kb
dist/C:/Users/felip/OneDrive/├ürea de Trabalho/smart-finance-hub/assets/AIAssistant-DmKyaPI9.js.gz           11.24kb / gzip: 3.54kb
dist/C:/Users/felip/OneDrive/├ürea de Trabalho/smart-finance-hub/assets/AIAssistant-iY2nhKJE.js.gz           22.38kb / gzip: 7.07kb
dist/C:/Users/felip/OneDrive/├ürea de Trabalho/smart-finance-hub/assets/AIAssistant-eTIL0tTt.js.gz           11.24kb / gzip: 3.54kb
dist/C:/Users/felip/OneDrive/├ürea de Trabalho/smart-finance-hub/assets/AIAssistant-DS29y2NV.js.gz           18.52kb / gzip: 6.98kb
dist/C:/Users/felip/OneDrive/├ürea de Trabalho/smart-finance-hub/assets/AIAssistant-g296tBRP.js.gz           18.21kb / gzip: 6.89kb
dist/C:/Users/felip/OneDrive/├ürea de Trabalho/smart-finance-hub/assets/AIAssistant-Pein7NPy.js.gz           11.24kb / gzip: 3.54kb
dist/C:/Users/felip/OneDrive/├ürea de Trabalho/smart-finance-hub/assets/AIAssistant-xLgjkiTP.js.gz           11.21kb / gzip: 3.53kb
dist/C:/Users/felip/OneDrive/├ürea de Trabalho/smart-finance-hub/assets/AIAssistant-sXF6d63B.js.gz           22.45kb / gzip: 7.11kb
dist/C:/Users/felip/OneDrive/├ürea de Trabalho/smart-finance-hub/assets/AIAssistant-YQZaSzmQ.js.gz           22.51kb / gzip: 7.11kb
dist/C:/Users/felip/OneDrive/├ürea de Trabalho/smart-finance-hub/assets/AiChat-960Lv8qz.js.gz                11.50kb / gzip: 4.34kb
dist/C:/Users/felip/OneDrive/├ürea de Trabalho/smart-finance-hub/assets/AiChat-9GJGlY22.js.gz                9.64kb / gzip: 3.63kb
dist/C:/Users/felip/OneDrive/├ürea de Trabalho/smart-finance-hub/assets/AIAssistant-VJr6wwZx.js.gz           22.38kb / gzip: 7.08kb
dist/C:/Users/felip/OneDrive/├ürea de Trabalho/smart-finance-hub/assets/AiChat-BqP16H7S.js.gz                16.12kb / gzip: 5.77kb
dist/C:/Users/felip/OneDrive/├ürea de Trabalho/smart-finance-hub/assets/AiChat-B0M65tGi.js.gz                9.67kb / gzip: 3.63kb
dist/C:/Users/felip/OneDrive/├ürea de Trabalho/smart-finance-hub/assets/AiChat-BL_MpBT9.js.gz                16.19kb / gzip: 5.79kb
dist/C:/Users/felip/OneDrive/├ürea de Trabalho/smart-finance-hub/assets/AiChat-BEr18chf.js.gz                16.19kb / gzip: 5.79kb
dist/C:/Users/felip/OneDrive/├ürea de Trabalho/smart-finance-hub/assets/AiChat-BcGBLDIM.js.gz                9.30kb / gzip: 3.49kb
dist/C:/Users/felip/OneDrive/├ürea de Trabalho/smart-finance-hub/assets/AiChat-BKMCIgFE.js.gz                9.67kb / gzip: 3.64kb
dist/C:/Users/felip/OneDrive/├ürea de Trabalho/smart-finance-hub/assets/AiChat-BvxQ7zDh.js.gz                10.57kb / gzip: 3.99kb
dist/C:/Users/felip/OneDrive/├ürea de Trabalho/smart-finance-hub/assets/AiChat-Bnow2zyk.js.gz                16.12kb / gzip: 5.76kb
dist/C:/Users/felip/OneDrive/├ürea de Trabalho/smart-finance-hub/assets/AiChat-BvJI9qwu.js.gz                9.23kb / gzip: 3.46kb
dist/C:/Users/felip/OneDrive/├ürea de Trabalho/smart-finance-hub/assets/AiChat-CMVaGnd0.js.gz                16.62kb / gzip: 5.81kb
dist/C:/Users/felip/OneDrive/├ürea de Trabalho/smart-finance-hub/assets/AiChat-C2IaCpyr.js.gz                9.44kb / gzip: 3.53kb
dist/C:/Users/felip/OneDrive/├ürea de Trabalho/smart-finance-hub/assets/AiChat-CF3m9qku.js.gz                16.12kb / gzip: 5.76kb
dist/C:/Users/felip/OneDrive/├ürea de Trabalho/smart-finance-hub/assets/AiChat-C5sm-mmw.js.gz                16.31kb / gzip: 5.80kb
dist/C:/Users/felip/OneDrive/├ürea de Trabalho/smart-finance-hub/assets/AiChat-CCMOnRo8.js.gz                11.47kb / gzip: 4.33kb
dist/C:/Users/felip/OneDrive/├ürea de Trabalho/smart-finance-hub/assets/AiChat-CI-6gPZA.js.gz                9.67kb / gzip: 3.63kb
dist/C:/Users/felip/OneDrive/├ürea de Trabalho/smart-finance-hub/assets/AiChat-CupvlX5B.js.gz                16.12kb / gzip: 5.76kb
dist/C:/Users/felip/OneDrive/├ürea de Trabalho/smart-finance-hub/assets/AiChat-CS5eUPq8.js.gz                16.12kb / gzip: 5.77kb
dist/C:/Users/felip/OneDrive/├ürea de Trabalho/smart-finance-hub/assets/AIAssistant-VGnKNseg.js.gz           22.38kb / gzip: 7.07kb
dist/C:/Users/felip/OneDrive/├ürea de Trabalho/smart-finance-hub/assets/AiChat-Ci-Idrnw.js.gz                9.67kb / gzip: 3.63kb
dist/C:/Users/felip/OneDrive/├ürea de Trabalho/smart-finance-hub/assets/AiChat-D2e7OotT.js.gz                9.67kb / gzip: 3.64kb
dist/C:/Users/felip/OneDrive/├ürea de Trabalho/smart-finance-hub/assets/AiChat-CNONHh5t.js.gz                11.69kb / gzip: 4.41kb
dist/C:/Users/felip/OneDrive/├ürea de Trabalho/smart-finance-hub/assets/AiChat-CXDZOU3u.js.gz                15.80kb / gzip: 5.59kb
dist/C:/Users/felip/OneDrive/├ürea de Trabalho/smart-finance-hub/assets/AiChat-CvatXMtJ.js.gz                16.12kb / gzip: 5.76kb
dist/C:/Users/felip/OneDrive/├ürea de Trabalho/smart-finance-hub/assets/AiChat-D0EcF96W.js.gz                9.64kb / gzip: 3.62kb
dist/C:/Users/felip/OneDrive/├ürea de Trabalho/smart-finance-hub/assets/AiChat-DfAXtGgd.js.gz                15.72kb / gzip: 5.56kb
dist/C:/Users/felip/OneDrive/├ürea de Trabalho/smart-finance-hub/assets/AiChat-D8e_Mn4F.js.gz                16.12kb / gzip: 5.76kb
dist/C:/Users/felip/OneDrive/├ürea de Trabalho/smart-finance-hub/assets/AiChat-DPmzSxAi.js.gz                16.31kb / gzip: 5.80kb
dist/C:/Users/felip/OneDrive/├ürea de Trabalho/smart-finance-hub/assets/AiChat-DD1mwLWd.js.gz                9.67kb / gzip: 3.63kb
dist/C:/Users/felip/OneDrive/├ürea de Trabalho/smart-finance-hub/assets/AiChat-DuhSho8g.js.gz                15.80kb / gzip: 5.58kb
dist/C:/Users/felip/OneDrive/├ürea de Trabalho/smart-finance-hub/assets/AiChat-Dh-W3qJk.js.gz                16.53kb / gzip: 5.81kb
dist/C:/Users/felip/OneDrive/├ürea de Trabalho/smart-finance-hub/assets/AiChat-DQ_KFx-o.js.gz                16.26kb / gzip: 5.80kb
dist/C:/Users/felip/OneDrive/├ürea de Trabalho/smart-finance-hub/assets/AiChat-DQ-BqkyS.js.gz                11.50kb / gzip: 4.34kb
dist/C:/Users/felip/OneDrive/├ürea de Trabalho/smart-finance-hub/assets/AiChat-DzKN9Epn.js.gz                15.80kb / gzip: 5.58kb
dist/C:/Users/felip/OneDrive/├ürea de Trabalho/smart-finance-hub/assets/AiChat-rfApjUGc.js.gz                10.57kb / gzip: 3.99kb
dist/C:/Users/felip/OneDrive/├ürea de Trabalho/smart-finance-hub/assets/apiClient-Dp88v761.js.gz             1.44kb / gzip: 0.84kb
dist/C:/Users/felip/OneDrive/├ürea de Trabalho/smart-finance-hub/assets/AiChat-GcamxFW5.js.gz                16.31kb / gzip: 5.80kb
dist/C:/Users/felip/OneDrive/├ürea de Trabalho/smart-finance-hub/assets/AiChat-s7cG48wu.js.gz                9.30kb / gzip: 3.49kb
dist/C:/Users/felip/OneDrive/├ürea de Trabalho/smart-finance-hub/assets/AiChat-ZV3WQgcn.js.gz                16.12kb / gzip: 5.77kb
dist/C:/Users/felip/OneDrive/├ürea de Trabalho/smart-finance-hub/assets/AiChat-qTy0mgOu.js.gz                9.67kb / gzip: 3.63kb
dist/C:/Users/felip/OneDrive/├ürea de Trabalho/smart-finance-hub/assets/AiChat-yjZap0bY.js.gz                9.67kb / gzip: 3.63kb
dist/C:/Users/felip/OneDrive/├ürea de Trabalho/smart-finance-hub/assets/aiProviders-6svKUSVX.js.gz           1.94kb / gzip: 0.89kb
dist/C:/Users/felip/OneDrive/├ürea de Trabalho/smart-finance-hub/assets/AiChat-d70SWGTp.js.gz                16.31kb / gzip: 5.80kb
dist/C:/Users/felip/OneDrive/├ürea de Trabalho/smart-finance-hub/assets/AiChat-Zwdr8Y8s.js.gz                9.67kb / gzip: 3.63kb
dist/C:/Users/felip/OneDrive/├ürea de Trabalho/smart-finance-hub/assets/apiClient-C4H4rVr2.js.gz             1.49kb / gzip: 0.86kb
dist/C:/Users/felip/OneDrive/├ürea de Trabalho/smart-finance-hub/assets/BankAccounts-Acgknbl5.js.gz          25.10kb / gzip: 6.94kb
dist/C:/Users/felip/OneDrive/├ürea de Trabalho/smart-finance-hub/assets/BankAccounts-aA1GPxys.js.gz          25.10kb / gzip: 6.95kb
dist/C:/Users/felip/OneDrive/├ürea de Trabalho/smart-finance-hub/assets/BankAccounts-B2V0i3Fo.js.gz          24.88kb / gzip: 6.89kb
dist/C:/Users/felip/OneDrive/├ürea de Trabalho/smart-finance-hub/assets/BankAccounts-BdfSkhfx.js.gz          18.08kb / gzip: 5.53kb
dist/C:/Users/felip/OneDrive/├ürea de Trabalho/smart-finance-hub/assets/BankAccounts-9y8J9GiE.js.gz          16.91kb / gzip: 4.99kb
dist/C:/Users/felip/OneDrive/├ürea de Trabalho/smart-finance-hub/assets/BankAccounts-B6IOPDhQ.js.gz          24.88kb / gzip: 6.90kb
dist/C:/Users/felip/OneDrive/├ürea de Trabalho/smart-finance-hub/assets/BankAccounts-B8IuFqCT.js.gz          16.87kb / gzip: 4.98kb
dist/C:/Users/felip/OneDrive/├ürea de Trabalho/smart-finance-hub/assets/BankAccounts-BhD7bB53.js.gz          16.91kb / gzip: 4.99kb
dist/C:/Users/felip/OneDrive/├ürea de Trabalho/smart-finance-hub/assets/BankAccounts-BKrdFvMK.js.gz          24.88kb / gzip: 6.90kb
dist/C:/Users/felip/OneDrive/├ürea de Trabalho/smart-finance-hub/assets/BankAccounts-BJOGzSNp.js.gz          16.91kb / gzip: 4.99kb
dist/C:/Users/felip/OneDrive/├ürea de Trabalho/smart-finance-hub/assets/BankAccounts-BxHyDSFa.js.gz          25.06kb / gzip: 6.93kb
dist/C:/Users/felip/OneDrive/├ürea de Trabalho/smart-finance-hub/assets/BankAccounts-CfnnBJG6.js.gz          17.78kb / gzip: 5.27kb
dist/C:/Users/felip/OneDrive/├ürea de Trabalho/smart-finance-hub/assets/BankAccounts-CCeSMNjg.js.gz          24.97kb / gzip: 6.88kb
dist/C:/Users/felip/OneDrive/├ürea de Trabalho/smart-finance-hub/assets/BankAccounts--r4GjoDx.js.gz          16.91kb / gzip: 4.97kb
dist/C:/Users/felip/OneDrive/├ürea de Trabalho/smart-finance-hub/assets/BankAccounts-Cjs93bS6.js.gz          21.13kb / gzip: 6.01kb
dist/C:/Users/felip/OneDrive/├ürea de Trabalho/smart-finance-hub/assets/BankAccounts-C4VQ1sQ7.js.gz          25.10kb / gzip: 6.95kb
dist/C:/Users/felip/OneDrive/├ürea de Trabalho/smart-finance-hub/assets/BankAccounts-B_e_oBMN.js.gz          16.91kb / gzip: 4.99kb
dist/C:/Users/felip/OneDrive/├ürea de Trabalho/smart-finance-hub/assets/BankAccounts-CixZ2HxR.js.gz          16.91kb / gzip: 4.99kb
dist/C:/Users/felip/OneDrive/├ürea de Trabalho/smart-finance-hub/assets/BankAccounts-BTjHcmmB.js.gz          17.02kb / gzip: 4.98kb
dist/C:/Users/felip/OneDrive/├ürea de Trabalho/smart-finance-hub/assets/BankAccounts-CofNTvFA.js.gz          17.78kb / gzip: 5.27kb
dist/C:/Users/felip/OneDrive/├ürea de Trabalho/smart-finance-hub/assets/BankAccounts-CO41FlpR.js.gz          16.91kb / gzip: 4.99kb
dist/C:/Users/felip/OneDrive/├ürea de Trabalho/smart-finance-hub/assets/BankAccounts-CiEaytK1.js.gz          24.91kb / gzip: 6.92kb
dist/C:/Users/felip/OneDrive/├ürea de Trabalho/smart-finance-hub/assets/BankAccounts-CMRWCEgM.js.gz          16.91kb / gzip: 4.99kb
dist/C:/Users/felip/OneDrive/├ürea de Trabalho/smart-finance-hub/assets/BankAccounts-COEdNVmI.js.gz          16.91kb / gzip: 4.99kb
dist/C:/Users/felip/OneDrive/├ürea de Trabalho/smart-finance-hub/assets/BankAccounts-CUHGAU0f.js.gz          24.63kb / gzip: 6.83kb
dist/C:/Users/felip/OneDrive/├ürea de Trabalho/smart-finance-hub/assets/BankAccounts-DgiOV8xs.js.gz          25.71kb / gzip: 6.95kb
dist/C:/Users/felip/OneDrive/├ürea de Trabalho/smart-finance-hub/assets/BankAccounts-CQ0IcwVT.js.gz          25.46kb / gzip: 6.94kb
dist/C:/Users/felip/OneDrive/├ürea de Trabalho/smart-finance-hub/assets/BankAccounts-CY0l4Pju.js.gz          24.91kb / gzip: 6.92kb
dist/C:/Users/felip/OneDrive/├ürea de Trabalho/smart-finance-hub/assets/BankAccounts-CP67FULz.js.gz          16.91kb / gzip: 4.99kb
dist/C:/Users/felip/OneDrive/├ürea de Trabalho/smart-finance-hub/assets/BankAccounts-D04hadJQ.js.gz          16.91kb / gzip: 4.99kb
dist/C:/Users/felip/OneDrive/├ürea de Trabalho/smart-finance-hub/assets/BankAccounts-CZpsz-pA.js.gz          24.88kb / gzip: 6.90kb
dist/C:/Users/felip/OneDrive/├ürea de Trabalho/smart-finance-hub/assets/BankAccounts-pRZJOGKM.js.gz          17.78kb / gzip: 5.27kb
dist/C:/Users/felip/OneDrive/├ürea de Trabalho/smart-finance-hub/assets/BankAccounts-DLdRycq2.js.gz          24.88kb / gzip: 6.90kb
dist/C:/Users/felip/OneDrive/├ürea de Trabalho/smart-finance-hub/assets/BankAccounts-WLVqqy4b.js.gz          17.43kb / gzip: 5.28kb
dist/C:/Users/felip/OneDrive/├ürea de Trabalho/smart-finance-hub/assets/BankAccounts-DZO1e7W6.js.gz          21.13kb / gzip: 6.01kb
dist/C:/Users/felip/OneDrive/├ürea de Trabalho/smart-finance-hub/assets/BankAccounts-hdHAAQ7N.js.gz          16.95kb / gzip: 4.97kb
dist/C:/Users/felip/OneDrive/├ürea de Trabalho/smart-finance-hub/assets/BankAccounts-IbkQu7MY.js.gz          16.91kb / gzip: 4.99kb
dist/C:/Users/felip/OneDrive/├ürea de Trabalho/smart-finance-hub/assets/BankAccounts-VB65tI58.js.gz          16.88kb / gzip: 4.94kb
dist/C:/Users/felip/OneDrive/├ürea de Trabalho/smart-finance-hub/assets/BankAccounts-weeWoS0a.js.gz          24.88kb / gzip: 6.90kb
dist/C:/Users/felip/OneDrive/├ürea de Trabalho/smart-finance-hub/assets/Bills-23nT_S0Y.js.gz                 17.74kb / gzip: 4.97kb
dist/C:/Users/felip/OneDrive/├ürea de Trabalho/smart-finance-hub/assets/BankAccounts-wITLEbLw.js.gz          16.91kb / gzip: 4.99kb
dist/C:/Users/felip/OneDrive/├ürea de Trabalho/smart-finance-hub/assets/BankAccounts-SlZsdMbf.js.gz          16.91kb / gzip: 4.99kb
dist/C:/Users/felip/OneDrive/├ürea de Trabalho/smart-finance-hub/assets/BankAccounts-ZR_CyW0g.js.gz          16.91kb / gzip: 4.99kb
dist/C:/Users/felip/OneDrive/├ürea de Trabalho/smart-finance-hub/assets/Bills-BB5NSExL.js.gz                 17.71kb / gzip: 4.95kb
dist/C:/Users/felip/OneDrive/├ürea de Trabalho/smart-finance-hub/assets/Bills-0BWPm6A3.js.gz                 17.74kb / gzip: 4.97kb
dist/C:/Users/felip/OneDrive/├ürea de Trabalho/smart-finance-hub/assets/Bills-aNlv6dRC.js.gz                 17.74kb / gzip: 4.97kb
dist/C:/Users/felip/OneDrive/├ürea de Trabalho/smart-finance-hub/assets/Bills-BjqW9eLJ.js.gz                 17.73kb / gzip: 4.96kb
dist/C:/Users/felip/OneDrive/├ürea de Trabalho/smart-finance-hub/assets/Bills-BeiiMaDw.js.gz                 21.26kb / gzip: 6.33kb
dist/C:/Users/felip/OneDrive/├ürea de Trabalho/smart-finance-hub/assets/Bills-BsbG56es.js.gz                 17.74kb / gzip: 4.97kb
dist/C:/Users/felip/OneDrive/├ürea de Trabalho/smart-finance-hub/assets/Bills-BlX1Mv16.js.gz                 17.74kb / gzip: 4.97kb
dist/C:/Users/felip/OneDrive/├ürea de Trabalho/smart-finance-hub/assets/Bills-CaFEgJdB.js.gz                 17.80kb / gzip: 5.00kb
dist/C:/Users/felip/OneDrive/├ürea de Trabalho/smart-finance-hub/assets/Bills-CgMR2Rpy.js.gz                 18.39kb / gzip: 4.95kb
dist/C:/Users/felip/OneDrive/├ürea de Trabalho/smart-finance-hub/assets/Bills-BlXCumaP.js.gz                 17.74kb / gzip: 4.97kb
dist/C:/Users/felip/OneDrive/├ürea de Trabalho/smart-finance-hub/assets/Bills-CBG4U_6T.js.gz                 17.74kb / gzip: 4.97kb
dist/C:/Users/felip/OneDrive/├ürea de Trabalho/smart-finance-hub/assets/Bills-B_Q7sQUK.js.gz                 17.74kb / gzip: 4.97kb
dist/C:/Users/felip/OneDrive/├ürea de Trabalho/smart-finance-hub/assets/Bills-CQbm-TNq.js.gz                 17.96kb / gzip: 5.02kb
dist/C:/Users/felip/OneDrive/├ürea de Trabalho/smart-finance-hub/assets/Bills-C7tc9aQj.js.gz                 17.67kb / gzip: 4.93kb
dist/C:/Users/felip/OneDrive/├ürea de Trabalho/smart-finance-hub/assets/Bills-CEcgPrmy.js.gz                 17.74kb / gzip: 4.97kb
dist/C:/Users/felip/OneDrive/├ürea de Trabalho/smart-finance-hub/assets/Bills-CRpHwJ0u.js.gz                 17.96kb / gzip: 5.02kb
dist/C:/Users/felip/OneDrive/├ürea de Trabalho/smart-finance-hub/assets/Bills-Cefj74AB.js.gz                 17.74kb / gzip: 4.96kb
dist/C:/Users/felip/OneDrive/├ürea de Trabalho/smart-finance-hub/assets/Bills-CzBll9Db.js.gz                 17.74kb / gzip: 4.97kb
dist/C:/Users/felip/OneDrive/├ürea de Trabalho/smart-finance-hub/assets/Bills-CFAw1ren.js.gz                 17.74kb / gzip: 4.97kb
dist/C:/Users/felip/OneDrive/├ürea de Trabalho/smart-finance-hub/assets/Bills-CKa4EoYQ.js.gz                 21.30kb / gzip: 6.35kb
dist/C:/Users/felip/OneDrive/├ürea de Trabalho/smart-finance-hub/assets/Bills-DKsbtNGT.js.gz                 17.74kb / gzip: 4.97kb
dist/C:/Users/felip/OneDrive/├ürea de Trabalho/smart-finance-hub/assets/Bills-DC1oUG2o.js.gz                 17.74kb / gzip: 4.97kb
dist/C:/Users/felip/OneDrive/├ürea de Trabalho/smart-finance-hub/assets/Bills-CPp0Jiii.js.gz                 17.74kb / gzip: 4.97kb
dist/C:/Users/felip/OneDrive/├ürea de Trabalho/smart-finance-hub/assets/Bills-D9JZB_6L.js.gz                 17.74kb / gzip: 4.97kb
dist/C:/Users/felip/OneDrive/├ürea de Trabalho/smart-finance-hub/assets/Bills-DawbE7Hb.js.gz                 18.53kb / gzip: 5.33kb
dist/C:/Users/felip/OneDrive/├ürea de Trabalho/smart-finance-hub/assets/Bills-D4vh_7zI.js.gz                 17.80kb / gzip: 5.00kb
dist/C:/Users/felip/OneDrive/├ürea de Trabalho/smart-finance-hub/assets/Bills-KkR_SAqT.js.gz                 17.96kb / gzip: 5.02kb
dist/C:/Users/felip/OneDrive/├ürea de Trabalho/smart-finance-hub/assets/Bills-IeSfJrVM.js.gz                 18.06kb / gzip: 4.94kb
dist/C:/Users/felip/OneDrive/├ürea de Trabalho/smart-finance-hub/assets/Bills-DRl9-n_k.js.gz                 17.74kb / gzip: 4.97kb
dist/C:/Users/felip/OneDrive/├ürea de Trabalho/smart-finance-hub/assets/Bills-DI72y7nG.js.gz                 17.73kb / gzip: 4.96kb
dist/C:/Users/felip/OneDrive/├ürea de Trabalho/smart-finance-hub/assets/Bills-Dyi-vk_9.js.gz                 17.69kb / gzip: 4.94kb
dist/C:/Users/felip/OneDrive/├ürea de Trabalho/smart-finance-hub/assets/Bills-mTDPYI48.js.gz                 17.74kb / gzip: 4.97kb
dist/C:/Users/felip/OneDrive/├ürea de Trabalho/smart-finance-hub/assets/Bills-n9hrVCyR.js.gz                 17.74kb / gzip: 4.97kb
dist/C:/Users/felip/OneDrive/├ürea de Trabalho/smart-finance-hub/assets/Bills-MGOUocLt.js.gz                 17.90kb / gzip: 5.01kb
dist/C:/Users/felip/OneDrive/├ürea de Trabalho/smart-finance-hub/assets/Budget-B3Qy8K-u.js.gz                8.36kb / gzip: 2.73kb
dist/C:/Users/felip/OneDrive/├ürea de Trabalho/smart-finance-hub/assets/browser-COZJDbPg.js.gz               9.84kb / gzip: 4.99kb
dist/C:/Users/felip/OneDrive/├ürea de Trabalho/smart-finance-hub/assets/Budget-7d0nZ-H3.js.gz                8.30kb / gzip: 2.70kb
dist/C:/Users/felip/OneDrive/├ürea de Trabalho/smart-finance-hub/assets/Budget-B8SyusNs.js.gz                10.96kb / gzip: 3.58kb
dist/C:/Users/felip/OneDrive/├ürea de Trabalho/smart-finance-hub/assets/Budget-Bhz5V7C2.js.gz                8.30kb / gzip: 2.70kb
dist/C:/Users/felip/OneDrive/├ürea de Trabalho/smart-finance-hub/assets/Budget-BhA_eGNl.js.gz                8.30kb / gzip: 2.70kb
dist/C:/Users/felip/OneDrive/├ürea de Trabalho/smart-finance-hub/assets/Bills-Ot-Qm9SM.js.gz                 17.74kb / gzip: 4.97kb
dist/C:/Users/felip/OneDrive/├ürea de Trabalho/smart-finance-hub/assets/Budget-B93VIuWE.js.gz                8.13kb / gzip: 2.67kb
dist/C:/Users/felip/OneDrive/├ürea de Trabalho/smart-finance-hub/assets/Budget-17m--UHN.js.gz                8.13kb / gzip: 2.67kb
dist/C:/Users/felip/OneDrive/├ürea de Trabalho/smart-finance-hub/assets/Budget-BkC4F57g.js.gz                8.65kb / gzip: 2.96kb
dist/C:/Users/felip/OneDrive/├ürea de Trabalho/smart-finance-hub/assets/Budget-BSiImGq3.js.gz                10.74kb / gzip: 3.56kb
dist/C:/Users/felip/OneDrive/├ürea de Trabalho/smart-finance-hub/assets/Budget-C8_0Tlqn.js.gz                8.30kb / gzip: 2.70kb
dist/C:/Users/felip/OneDrive/├ürea de Trabalho/smart-finance-hub/assets/Budget-Bs3kCoZc.js.gz                8.13kb / gzip: 2.66kb
dist/C:/Users/felip/OneDrive/├ürea de Trabalho/smart-finance-hub/assets/Budget-Be1Z9jEM.js.gz                8.10kb / gzip: 2.65kb
dist/C:/Users/felip/OneDrive/├ürea de Trabalho/smart-finance-hub/assets/Budget-BVwuwIHG.js.gz                8.13kb / gzip: 2.66kb
dist/C:/Users/felip/OneDrive/├ürea de Trabalho/smart-finance-hub/assets/Budget-C3-Ftml5.js.gz                8.10kb / gzip: 2.65kb
dist/C:/Users/felip/OneDrive/├ürea de Trabalho/smart-finance-hub/assets/Budget-Cluy4a5P.js.gz                8.30kb / gzip: 2.70kb
dist/C:/Users/felip/OneDrive/├ürea de Trabalho/smart-finance-hub/assets/Budget-CDVqebHO.js.gz                10.78kb / gzip: 3.59kb
dist/C:/Users/felip/OneDrive/├ürea de Trabalho/smart-finance-hub/assets/Budget-CBox-Oi3.js.gz                8.13kb / gzip: 2.66kb
dist/C:/Users/felip/OneDrive/├ürea de Trabalho/smart-finance-hub/assets/browser-CUuLUful.js.gz               9.84kb / gzip: 4.99kb
dist/C:/Users/felip/OneDrive/├ürea de Trabalho/smart-finance-hub/assets/Budget-CcovV27q.js.gz                8.13kb / gzip: 2.66kb
dist/C:/Users/felip/OneDrive/├ürea de Trabalho/smart-finance-hub/assets/Budget-CojE6Fv2.js.gz                10.81kb / gzip: 3.61kb
dist/C:/Users/felip/OneDrive/├ürea de Trabalho/smart-finance-hub/assets/Budget-Cf6XBLX0.js.gz                8.10kb / gzip: 2.65kb
dist/C:/Users/felip/OneDrive/├ürea de Trabalho/smart-finance-hub/assets/Budget-CReA5s4a.js.gz                8.30kb / gzip: 2.70kb
dist/C:/Users/felip/OneDrive/├ürea de Trabalho/smart-finance-hub/assets/Budget-CjRn-Ojm.js.gz                8.13kb / gzip: 2.67kb
dist/C:/Users/felip/OneDrive/├ürea de Trabalho/smart-finance-hub/assets/Budget-CTTE56KZ.js.gz                8.30kb / gzip: 2.70kb
dist/C:/Users/felip/OneDrive/├ürea de Trabalho/smart-finance-hub/assets/Budget-Cx84SP-P.js.gz                11.13kb / gzip: 3.59kb
dist/C:/Users/felip/OneDrive/├ürea de Trabalho/smart-finance-hub/assets/Budget-CXMBh9ra.js.gz                10.81kb / gzip: 3.61kb
dist/C:/Users/felip/OneDrive/├ürea de Trabalho/smart-finance-hub/assets/Budget-CKb9Z9aS.js.gz                10.81kb / gzip: 3.61kb
dist/C:/Users/felip/OneDrive/├ürea de Trabalho/smart-finance-hub/assets/Budget-D1g69YRe.js.gz                10.81kb / gzip: 3.62kb
dist/C:/Users/felip/OneDrive/├ürea de Trabalho/smart-finance-hub/assets/Budget-D9NeQwnU.js.gz                8.30kb / gzip: 2.70kb
dist/C:/Users/felip/OneDrive/├ürea de Trabalho/smart-finance-hub/assets/Budget-COD1dJos.js.gz                8.13kb / gzip: 2.67kb
dist/C:/Users/felip/OneDrive/├ürea de Trabalho/smart-finance-hub/assets/Budget-DCyERtKU.js.gz                8.65kb / gzip: 2.96kb
dist/C:/Users/felip/OneDrive/├ürea de Trabalho/smart-finance-hub/assets/Budget-CWx2Sr1x.js.gz                8.10kb / gzip: 2.65kb
dist/C:/Users/felip/OneDrive/├ürea de Trabalho/smart-finance-hub/assets/Budget-DE4ARtXk.js.gz                8.13kb / gzip: 2.66kb
dist/C:/Users/felip/OneDrive/├ürea de Trabalho/smart-finance-hub/assets/Budget-H9U0pQoE.js.gz                8.13kb / gzip: 2.66kb
dist/C:/Users/felip/OneDrive/├ürea de Trabalho/smart-finance-hub/assets/Budget-DaYG9ocj.js.gz                8.13kb / gzip: 2.67kb
dist/C:/Users/felip/OneDrive/├ürea de Trabalho/smart-finance-hub/assets/Budget-Jy5p3is0.js.gz                8.13kb / gzip: 2.67kb
dist/C:/Users/felip/OneDrive/├ürea de Trabalho/smart-finance-hub/assets/Budget-w2OOBkuA.js.gz                8.30kb / gzip: 2.70kb
dist/C:/Users/felip/OneDrive/├ürea de Trabalho/smart-finance-hub/assets/Budget-LAXnbtmR.js.gz                8.22kb / gzip: 2.67kb
dist/C:/Users/felip/OneDrive/├ürea de Trabalho/smart-finance-hub/assets/Budget-wCloa55J.js.gz                8.09kb / gzip: 2.64kb
dist/C:/Users/felip/OneDrive/├ürea de Trabalho/smart-finance-hub/assets/Budget-yyHXve75.js.gz                8.03kb / gzip: 2.62kb
dist/C:/Users/felip/OneDrive/├ürea de Trabalho/smart-finance-hub/assets/CreditCards-8ysIeIxR.js.gz           15.67kb / gzip: 4.11kb
dist/C:/Users/felip/OneDrive/├ürea de Trabalho/smart-finance-hub/assets/CreditCards-aJ9nsRf_.js.gz           15.67kb / gzip: 4.11kb
dist/C:/Users/felip/OneDrive/├ürea de Trabalho/smart-finance-hub/assets/CreditCards-BLds57dA.js.gz           15.77kb / gzip: 4.13kb
dist/C:/Users/felip/OneDrive/├ürea de Trabalho/smart-finance-hub/assets/CreditCards-BYdSxdo1.js.gz           16.49kb / gzip: 4.53kb
dist/C:/Users/felip/OneDrive/├ürea de Trabalho/smart-finance-hub/assets/CreditCards-Bfq4_0Kq.js.gz           15.67kb / gzip: 4.11kb
dist/C:/Users/felip/OneDrive/├ürea de Trabalho/smart-finance-hub/assets/CreditCards-C34ElYj_.js.gz           16.22kb / gzip: 4.07kb
dist/C:/Users/felip/OneDrive/├ürea de Trabalho/smart-finance-hub/assets/CreditCards-CFRjKq9E.js.gz           15.67kb / gzip: 4.11kb
dist/C:/Users/felip/OneDrive/├ürea de Trabalho/smart-finance-hub/assets/CreditCards-C52Vh4gE.js.gz           15.81kb / gzip: 4.14kb
dist/C:/Users/felip/OneDrive/├ürea de Trabalho/smart-finance-hub/assets/CreditCards-Cjrbs_9c.js.gz           15.67kb / gzip: 4.11kb
dist/C:/Users/felip/OneDrive/├ürea de Trabalho/smart-finance-hub/assets/CreditCards-CmRTK2bN.js.gz           15.67kb / gzip: 4.11kb
dist/C:/Users/felip/OneDrive/├ürea de Trabalho/smart-finance-hub/assets/CreditCards-CMVtYffu.js.gz           15.67kb / gzip: 4.11kb
dist/C:/Users/felip/OneDrive/├ürea de Trabalho/smart-finance-hub/assets/CreditCards-CQ1fblRn.js.gz           15.77kb / gzip: 4.13kb
dist/C:/Users/felip/OneDrive/├ürea de Trabalho/smart-finance-hub/assets/CreditCards-CrQg8OyK.js.gz           15.77kb / gzip: 4.13kb
dist/C:/Users/felip/OneDrive/├ürea de Trabalho/smart-finance-hub/assets/CreditCards-D1K0wzkM.js.gz           15.67kb / gzip: 4.11kb
dist/C:/Users/felip/OneDrive/├ürea de Trabalho/smart-finance-hub/assets/CreditCards-DcaAKfD0.js.gz           16.49kb / gzip: 4.52kb
dist/C:/Users/felip/OneDrive/├ürea de Trabalho/smart-finance-hub/assets/CreditCards-DDBtffe2.js.gz           15.67kb / gzip: 4.11kb
dist/C:/Users/felip/OneDrive/├ürea de Trabalho/smart-finance-hub/assets/CreditCards-DCRSg5m2.js.gz           15.77kb / gzip: 4.13kb
dist/C:/Users/felip/OneDrive/├ürea de Trabalho/smart-finance-hub/assets/CreditCards-DLP9Fxhf.js.gz           15.77kb / gzip: 4.13kb
dist/C:/Users/felip/OneDrive/├ürea de Trabalho/smart-finance-hub/assets/CreditCards-Dm3pjbgk.js.gz           15.77kb / gzip: 4.13kb
dist/C:/Users/felip/OneDrive/├ürea de Trabalho/smart-finance-hub/assets/CreditCards-VFpxbh5t.js.gz           15.87kb / gzip: 4.10kb
dist/C:/Users/felip/OneDrive/├ürea de Trabalho/smart-finance-hub/assets/CreditCards-Ngourr-I.js.gz           15.77kb / gzip: 4.13kb
dist/C:/Users/felip/OneDrive/├ürea de Trabalho/smart-finance-hub/assets/CreditCards-m7R-vucK.js.gz           15.77kb / gzip: 4.13kb
dist/C:/Users/felip/OneDrive/├ürea de Trabalho/smart-finance-hub/assets/CreditCards-_Qqk_T8L.js.gz           15.85kb / gzip: 4.10kb
dist/C:/Users/felip/OneDrive/├ürea de Trabalho/smart-finance-hub/assets/CreditCards-wtI6VXQ2.js.gz           15.64kb / gzip: 4.09kb
dist/C:/Users/felip/OneDrive/├ürea de Trabalho/smart-finance-hub/assets/CurrencyInput-2Mq1QdmT.js.gz         1.15kb / gzip: 0.70kb
dist/C:/Users/felip/OneDrive/├ürea de Trabalho/smart-finance-hub/assets/CurrencyInput-B3dW7pm8.js.gz         1.16kb / gzip: 0.70kb
dist/C:/Users/felip/OneDrive/├ürea de Trabalho/smart-finance-hub/assets/CreditCards-PldSF2-X.js.gz           15.78kb / gzip: 4.13kb
dist/C:/Users/felip/OneDrive/├ürea de Trabalho/smart-finance-hub/assets/CurrencyInput-afmwIB2U.js.gz         1.16kb / gzip: 0.70kb
dist/C:/Users/felip/OneDrive/├ürea de Trabalho/smart-finance-hub/assets/CurrencyInput-7TgCbYpr.js.gz         1.15kb / gzip: 0.69kb
dist/C:/Users/felip/OneDrive/├ürea de Trabalho/smart-finance-hub/assets/CurrencyInput-B8Lwxhpm.js.gz         1.16kb / gzip: 0.69kb
dist/C:/Users/felip/OneDrive/├ürea de Trabalho/smart-finance-hub/assets/CurrencyInput-C9Btq-pp.js.gz         1.16kb / gzip: 0.70kb
dist/C:/Users/felip/OneDrive/├ürea de Trabalho/smart-finance-hub/assets/CurrencyInput-CBGwOIoT.js.gz         1.17kb / gzip: 0.70kb
dist/C:/Users/felip/OneDrive/├ürea de Trabalho/smart-finance-hub/assets/CurrencyInput-BE7iZpKc.js.gz         1.17kb / gzip: 0.70kb
dist/C:/Users/felip/OneDrive/├ürea de Trabalho/smart-finance-hub/assets/CurrencyInput-1JVbjc8s.js.gz         1.15kb / gzip: 0.70kb
dist/C:/Users/felip/OneDrive/├ürea de Trabalho/smart-finance-hub/assets/CreditCards-z_pOikAD.js.gz           15.86kb / gzip: 4.17kb
dist/C:/Users/felip/OneDrive/├ürea de Trabalho/smart-finance-hub/assets/CurrencyInput-CHBAIQmU.js.gz         1.16kb / gzip: 0.69kb
dist/C:/Users/felip/OneDrive/├ürea de Trabalho/smart-finance-hub/assets/CurrencyInput-BM4Ez0NV.js.gz         1.15kb / gzip: 0.70kb
dist/C:/Users/felip/OneDrive/├ürea de Trabalho/smart-finance-hub/assets/CurrencyInput-DbWAPkw7.js.gz         1.16kb / gzip: 0.69kb
dist/C:/Users/felip/OneDrive/├ürea de Trabalho/smart-finance-hub/assets/CurrencyInput-BntcqOp-.js.gz         1.13kb / gzip: 0.68kb
dist/C:/Users/felip/OneDrive/├ürea de Trabalho/smart-finance-hub/assets/CurrencyInput-Ctj6wkoH.js.gz         1.15kb / gzip: 0.70kb
dist/C:/Users/felip/OneDrive/├ürea de Trabalho/smart-finance-hub/assets/CurrencyInput-D3pckGJC.js.gz         1.16kb / gzip: 0.70kb
dist/C:/Users/felip/OneDrive/├ürea de Trabalho/smart-finance-hub/assets/CurrencyInput-CxkHOozh.js.gz         1.11kb / gzip: 0.67kb
dist/C:/Users/felip/OneDrive/├ürea de Trabalho/smart-finance-hub/assets/CurrencyInput-Dozy4BCl.js.gz         1.16kb / gzip: 0.70kb
dist/C:/Users/felip/OneDrive/├ürea de Trabalho/smart-finance-hub/assets/CurrencyInput-Di1C6tu2.js.gz         1.11kb / gzip: 0.67kb
dist/C:/Users/felip/OneDrive/├ürea de Trabalho/smart-finance-hub/assets/CurrencyInput-D_XanXZe.js.gz         1.16kb / gzip: 0.69kb
dist/C:/Users/felip/OneDrive/├ürea de Trabalho/smart-finance-hub/assets/CurrencyInput-w8TjAZMi.js.gz         1.16kb / gzip: 0.70kb
dist/C:/Users/felip/OneDrive/├ürea de Trabalho/smart-finance-hub/assets/CurrencyInput-DLxJkRpK.js.gz         1.15kb / gzip: 0.69kb
dist/C:/Users/felip/OneDrive/├ürea de Trabalho/smart-finance-hub/assets/CurrencyInput-Dzu1oxQh.js.gz         1.15kb / gzip: 0.70kb
dist/C:/Users/felip/OneDrive/├ürea de Trabalho/smart-finance-hub/assets/CurrencyInput-DjGqM3ar.js.gz         1.15kb / gzip: 0.70kb
dist/C:/Users/felip/OneDrive/├ürea de Trabalho/smart-finance-hub/assets/Dashboard-BF0Fo0WB.js.gz             12.71kb / gzip: 3.64kb
dist/C:/Users/felip/OneDrive/├ürea de Trabalho/smart-finance-hub/assets/Dashboard-BjPP6Onf.js.gz             12.38kb / gzip: 3.59kb
dist/C:/Users/felip/OneDrive/├ürea de Trabalho/smart-finance-hub/assets/CurrencyInput-zoTjXCSm.js.gz         1.15kb / gzip: 0.69kb
dist/C:/Users/felip/OneDrive/├ürea de Trabalho/smart-finance-hub/assets/Dashboard-BK7XmZlV.js.gz             12.38kb / gzip: 3.58kb
dist/C:/Users/felip/OneDrive/├ürea de Trabalho/smart-finance-hub/assets/Dashboard-Bzi0-taT.js.gz             12.45kb / gzip: 3.60kb
dist/C:/Users/felip/OneDrive/├ürea de Trabalho/smart-finance-hub/assets/Dashboard-BDUWCDUW.js.gz             17.95kb / gzip: 4.69kb
dist/C:/Users/felip/OneDrive/├ürea de Trabalho/smart-finance-hub/assets/Dashboard-BjRJsrac.js.gz             15.12kb / gzip: 4.02kb
dist/C:/Users/felip/OneDrive/├ürea de Trabalho/smart-finance-hub/assets/Dashboard-BNf9qWZU.js.gz             12.38kb / gzip: 3.58kb
dist/C:/Users/felip/OneDrive/├ürea de Trabalho/smart-finance-hub/assets/Dashboard-C1M1hRJU.js.gz             12.36kb / gzip: 3.58kb
dist/C:/Users/felip/OneDrive/├ürea de Trabalho/smart-finance-hub/assets/Dashboard-Bt9RcwPh.js.gz             22.72kb / gzip: 5.61kb
dist/C:/Users/felip/OneDrive/├ürea de Trabalho/smart-finance-hub/assets/Dashboard-BPhDjbvr.js.gz             30.63kb / gzip: 8.88kb
dist/C:/Users/felip/OneDrive/├ürea de Trabalho/smart-finance-hub/assets/Dashboard-Cel3u7GX.js.gz             12.38kb / gzip: 3.59kb
dist/C:/Users/felip/OneDrive/├ürea de Trabalho/smart-finance-hub/assets/Dashboard-C4WRhAYG.js.gz             22.73kb / gzip: 5.62kb
dist/C:/Users/felip/OneDrive/├ürea de Trabalho/smart-finance-hub/assets/Dashboard-CeR1uV5E.js.gz             8.06kb / gzip: 2.49kb
dist/C:/Users/felip/OneDrive/├ürea de Trabalho/smart-finance-hub/assets/Bills-DWnDyQtc.js.gz                 17.93kb / gzip: 5.00kb
dist/C:/Users/felip/OneDrive/├ürea de Trabalho/smart-finance-hub/assets/Bills-DxmXXlfV.js.gz                 18.53kb / gzip: 5.33kb
dist/C:/Users/felip/OneDrive/├ürea de Trabalho/smart-finance-hub/assets/Bills-De4TVUM7.js.gz                 17.74kb / gzip: 4.97kb
dist/C:/Users/felip/OneDrive/├ürea de Trabalho/smart-finance-hub/assets/Dashboard-CPjOo-yb.js.gz             12.50kb / gzip: 3.62kb
dist/C:/Users/felip/OneDrive/├ürea de Trabalho/smart-finance-hub/assets/Dashboard-Cbp4_uyo.js.gz             22.69kb / gzip: 5.58kb
dist/C:/Users/felip/OneDrive/├ürea de Trabalho/smart-finance-hub/assets/Dashboard-CEOD0916.js.gz             15.20kb / gzip: 4.04kb
dist/C:/Users/felip/OneDrive/├ürea de Trabalho/smart-finance-hub/assets/Dashboard-CdsUL3yi.js.gz             30.61kb / gzip: 8.87kb
dist/C:/Users/felip/OneDrive/├ürea de Trabalho/smart-finance-hub/assets/Dashboard-CPmF8IZC.js.gz             12.38kb / gzip: 3.59kb
dist/C:/Users/felip/OneDrive/├ürea de Trabalho/smart-finance-hub/assets/Dashboard-CPNCXi1V.js.gz             12.50kb / gzip: 3.62kb
dist/C:/Users/felip/OneDrive/├ürea de Trabalho/smart-finance-hub/assets/Dashboard-CvQhkUJM.js.gz             12.46kb / gzip: 3.62kb
dist/C:/Users/felip/OneDrive/├ürea de Trabalho/smart-finance-hub/assets/Dashboard-DEvtFXN_.js.gz             12.50kb / gzip: 3.61kb
dist/C:/Users/felip/OneDrive/├ürea de Trabalho/smart-finance-hub/assets/Dashboard-Cr33eKpu.js.gz             15.20kb / gzip: 4.04kb
dist/C:/Users/felip/OneDrive/├ürea de Trabalho/smart-finance-hub/assets/Dashboard-ChJDzFTq.js.gz             30.72kb / gzip: 8.84kb
dist/C:/Users/felip/OneDrive/├ürea de Trabalho/smart-finance-hub/assets/Dashboard-DcVp6FoI.js.gz             12.38kb / gzip: 3.58kb
dist/C:/Users/felip/OneDrive/├ürea de Trabalho/smart-finance-hub/assets/Dashboard-Cll7j2GD.js.gz             30.68kb / gzip: 8.90kb
dist/C:/Users/felip/OneDrive/├ürea de Trabalho/smart-finance-hub/assets/Dashboard-Dh551aGi.js.gz             12.36kb / gzip: 3.58kb
dist/C:/Users/felip/OneDrive/├ürea de Trabalho/smart-finance-hub/assets/Dashboard-DK_VjMUC.js.gz             12.50kb / gzip: 3.61kb
dist/C:/Users/felip/OneDrive/├ürea de Trabalho/smart-finance-hub/assets/Dashboard-DXMt8Hns.js.gz             12.38kb / gzip: 3.58kb
dist/C:/Users/felip/OneDrive/├ürea de Trabalho/smart-finance-hub/assets/Dashboard-LNa8sjmN.js.gz             12.38kb / gzip: 3.59kb
dist/C:/Users/felip/OneDrive/├ürea de Trabalho/smart-finance-hub/assets/Dashboard-lO24OZLO.js.gz             12.36kb / gzip: 3.58kb
dist/C:/Users/felip/OneDrive/├ürea de Trabalho/smart-finance-hub/assets/Dashboard-CRJgGEqO.js.gz             22.68kb / gzip: 5.59kb
dist/C:/Users/felip/OneDrive/├ürea de Trabalho/smart-finance-hub/assets/Dashboard-SPj5QZS7.js.gz             12.38kb / gzip: 3.58kb
dist/C:/Users/felip/OneDrive/├ürea de Trabalho/smart-finance-hub/assets/Dashboard-u8jnU60J.js.gz             12.88kb / gzip: 3.65kb
dist/C:/Users/felip/OneDrive/├ürea de Trabalho/smart-finance-hub/assets/Dashboard-UxLWfPjA.js.gz             8.06kb / gzip: 2.49kb
dist/C:/Users/felip/OneDrive/├ürea de Trabalho/smart-finance-hub/assets/data-CxnZJ_ch.js.gz                  1.87kb / gzip: 0.70kb
dist/C:/Users/felip/OneDrive/├ürea de Trabalho/smart-finance-hub/assets/Dashboard-DL126MCT.js.gz             22.81kb / gzip: 5.66kb
dist/C:/Users/felip/OneDrive/├ürea de Trabalho/smart-finance-hub/assets/DeveloperAPI-BvH3xvEn.js.gz          7.90kb / gzip: 2.59kb
dist/C:/Users/felip/OneDrive/├ürea de Trabalho/smart-finance-hub/assets/Dashboard-zGhcRh3A.js.gz             12.46kb / gzip: 3.61kb
dist/C:/Users/felip/OneDrive/├ürea de Trabalho/smart-finance-hub/assets/Dashboard-SLXeDPi9.js.gz             18.20kb / gzip: 4.72kb
dist/C:/Users/felip/OneDrive/├ürea de Trabalho/smart-finance-hub/assets/DeveloperAPI-asTcgbTY.js.gz          6.78kb / gzip: 2.14kb
dist/C:/Users/felip/OneDrive/├ürea de Trabalho/smart-finance-hub/assets/Dashboard-YwyzwD24.js.gz             18.20kb / gzip: 4.72kb
dist/C:/Users/felip/OneDrive/├ürea de Trabalho/smart-finance-hub/assets/Dashboard-xlyo6HdA.js.gz             22.72kb / gzip: 5.61kb
dist/C:/Users/felip/OneDrive/├ürea de Trabalho/smart-finance-hub/assets/DeveloperAPI-CrIj9wyq.js.gz          7.90kb / gzip: 2.59kb
dist/C:/Users/felip/OneDrive/├ürea de Trabalho/smart-finance-hub/assets/DeveloperAPI-BDfTXurQ.js.gz          6.78kb / gzip: 2.14kb
dist/C:/Users/felip/OneDrive/├ürea de Trabalho/smart-finance-hub/assets/DeveloperAPI-BDwXTI08.js.gz          6.79kb / gzip: 2.14kb
dist/C:/Users/felip/OneDrive/├ürea de Trabalho/smart-finance-hub/assets/DeveloperAPI-C4YgConR.js.gz          6.78kb / gzip: 2.14kb
dist/C:/Users/felip/OneDrive/├ürea de Trabalho/smart-finance-hub/assets/DeveloperAPI-C-q5WnDA.js.gz          6.83kb / gzip: 2.16kb
dist/C:/Users/felip/OneDrive/├ürea de Trabalho/smart-finance-hub/assets/Dashboard-zFD3M8d5.js.gz             22.69kb / gzip: 5.60kb
dist/C:/Users/felip/OneDrive/├ürea de Trabalho/smart-finance-hub/assets/DeveloperAPI-D52XBdqh.js.gz          6.78kb / gzip: 2.14kb
dist/C:/Users/felip/OneDrive/├ürea de Trabalho/smart-finance-hub/assets/DeveloperAPI-CFhdzOui.js.gz          6.78kb / gzip: 2.14kb
dist/C:/Users/felip/OneDrive/├ürea de Trabalho/smart-finance-hub/assets/DeveloperAPI-DnXEoxf7.js.gz          6.78kb / gzip: 2.14kb
dist/C:/Users/felip/OneDrive/├ürea de Trabalho/smart-finance-hub/assets/DeveloperAPI-DwVQRkkC.js.gz          6.79kb / gzip: 2.14kb
dist/C:/Users/felip/OneDrive/├ürea de Trabalho/smart-finance-hub/assets/DeveloperAPI-DZTnIidm.js.gz          6.78kb / gzip: 2.14kb
dist/C:/Users/felip/OneDrive/├ürea de Trabalho/smart-finance-hub/assets/DeveloperAPI-DzhqMHYo.js.gz          6.78kb / gzip: 2.14kb
dist/C:/Users/felip/OneDrive/├ürea de Trabalho/smart-finance-hub/assets/fileParser-CPkoipiX.js.gz            7.77kb / gzip: 2.98kb
dist/C:/Users/felip/OneDrive/├ürea de Trabalho/smart-finance-hub/assets/fileParser-CsfY14vJ.js.gz            7.83kb / gzip: 3.00kb
dist/C:/Users/felip/OneDrive/├ürea de Trabalho/smart-finance-hub/assets/fileParser-DQ4TeTFM.js.gz            36.67kb / gzip: 9.87kb
dist/C:/Users/felip/OneDrive/├ürea de Trabalho/smart-finance-hub/assets/fileParser-COh3XVX8.js.gz            41.73kb / gzip: 12.37kb
dist/C:/Users/felip/OneDrive/├ürea de Trabalho/smart-finance-hub/assets/fileParser-TW-ee0VC.js.gz            7.83kb / gzip: 3.00kb
dist/C:/Users/felip/OneDrive/├ürea de Trabalho/smart-finance-hub/assets/fileParser-B7nsfSVL.js.gz            36.67kb / gzip: 9.88kb
dist/C:/Users/felip/OneDrive/├ürea de Trabalho/smart-finance-hub/assets/financialAgent-BP0TdrPd.js.gz        11.21kb / gzip: 4.06kb
dist/C:/Users/felip/OneDrive/├ürea de Trabalho/smart-finance-hub/assets/financialAgent-CKtVMXNn.js.gz        11.21kb / gzip: 4.06kb
dist/C:/Users/felip/OneDrive/├ürea de Trabalho/smart-finance-hub/assets/financialAgent-BFz0V23-.js.gz        10.86kb / gzip: 3.86kb
dist/C:/Users/felip/OneDrive/├ürea de Trabalho/smart-finance-hub/assets/FinancialHealth-73PY-4wt.js.gz       15.49kb / gzip: 5.38kb
dist/C:/Users/felip/OneDrive/├ürea de Trabalho/smart-finance-hub/assets/financialAgent-B-VNsbDa.js.gz        10.86kb / gzip: 3.86kb
dist/C:/Users/felip/OneDrive/├ürea de Trabalho/smart-finance-hub/assets/financialAgent-Yjy5l7Cy.js.gz        10.87kb / gzip: 3.87kb
dist/C:/Users/felip/OneDrive/├ürea de Trabalho/smart-finance-hub/assets/FinancialHealth-06FRgH6K.js.gz       15.25kb / gzip: 5.39kb
dist/C:/Users/felip/OneDrive/├ürea de Trabalho/smart-finance-hub/assets/financialAgent-CN96KmRd.js.gz        10.87kb / gzip: 3.87kb
dist/C:/Users/felip/OneDrive/├ürea de Trabalho/smart-finance-hub/assets/FinancialHealth-B0q_BgN3.js.gz       15.34kb / gzip: 5.36kb
dist/C:/Users/felip/OneDrive/├ürea de Trabalho/smart-finance-hub/assets/FinancialHealth-Bij0PKs5.js.gz       12.88kb / gzip: 4.36kb
dist/C:/Users/felip/OneDrive/├ürea de Trabalho/smart-finance-hub/assets/FinancialHealth-Bj76gf8B.js.gz       12.88kb / gzip: 4.36kb
dist/C:/Users/felip/OneDrive/├ürea de Trabalho/smart-finance-hub/assets/FinancialHealth-BKVRy-FT.js.gz       12.88kb / gzip: 4.36kb
dist/C:/Users/felip/OneDrive/├ürea de Trabalho/smart-finance-hub/assets/FinancialHealth-Blp2HM0R.js.gz       12.82kb / gzip: 4.35kb
dist/C:/Users/felip/OneDrive/├ürea de Trabalho/smart-finance-hub/assets/FinancialHealth-bTS6XWJc.js.gz       12.85kb / gzip: 4.36kb
dist/C:/Users/felip/OneDrive/├ürea de Trabalho/smart-finance-hub/assets/FinancialHealth-BXjlNx1E.js.gz       15.25kb / gzip: 5.39kb
dist/C:/Users/felip/OneDrive/├ürea de Trabalho/smart-finance-hub/assets/FinancialHealth-BxPxdFJg.js.gz       15.25kb / gzip: 5.40kb
dist/C:/Users/felip/OneDrive/├ürea de Trabalho/smart-finance-hub/assets/FinancialHealth-C-PFHCEu.js.gz       12.78kb / gzip: 4.69kb
dist/C:/Users/felip/OneDrive/├ürea de Trabalho/smart-finance-hub/assets/FinancialHealth-CdS69ZUn.js.gz       14.77kb / gzip: 5.28kb
dist/C:/Users/felip/OneDrive/├ürea de Trabalho/smart-finance-hub/assets/FinancialHealth-BwlhUXqa.js.gz       12.88kb / gzip: 4.36kb
dist/C:/Users/felip/OneDrive/├ürea de Trabalho/smart-finance-hub/assets/FinancialHealth-CMv89u9-.js.gz       13.79kb / gzip: 4.86kb
dist/C:/Users/felip/OneDrive/├ürea de Trabalho/smart-finance-hub/assets/fileParser-Daqw3B6G.js.gz            7.83kb / gzip: 3.00kb
dist/C:/Users/felip/OneDrive/├ürea de Trabalho/smart-finance-hub/assets/FinancialHealth-Crxd9r66.js.gz       14.77kb / gzip: 5.28kb
dist/C:/Users/felip/OneDrive/├ürea de Trabalho/smart-finance-hub/assets/FinancialHealth-CwFSqu0c.js.gz       13.99kb / gzip: 4.88kb
dist/C:/Users/felip/OneDrive/├ürea de Trabalho/smart-finance-hub/assets/FinancialHealth-B1i0PFwO.js.gz       12.88kb / gzip: 4.36kb
dist/C:/Users/felip/OneDrive/├ürea de Trabalho/smart-finance-hub/assets/FinancialHealth-BymiRWCq.js.gz       12.88kb / gzip: 4.36kb
dist/C:/Users/felip/OneDrive/├ürea de Trabalho/smart-finance-hub/assets/FinancialHealth-CuKoLoN8.js.gz       12.75kb / gzip: 4.69kb
dist/C:/Users/felip/OneDrive/├ürea de Trabalho/smart-finance-hub/assets/FinancialHealth-Cu2tD5ut.js.gz       12.88kb / gzip: 4.36kb
dist/C:/Users/felip/OneDrive/├ürea de Trabalho/smart-finance-hub/assets/FinancialHealth-BsvTSZ7i.js.gz       12.88kb / gzip: 4.36kb
dist/C:/Users/felip/OneDrive/├ürea de Trabalho/smart-finance-hub/assets/FinancialHealth-DnUX_CSC.js.gz       12.75kb / gzip: 4.69kb
dist/C:/Users/felip/OneDrive/├ürea de Trabalho/smart-finance-hub/assets/FinancialHealth-D60wmx9M.js.gz       14.77kb / gzip: 5.28kb
dist/C:/Users/felip/OneDrive/├ürea de Trabalho/smart-finance-hub/assets/FinancialHealth-DLZ7wdXg.js.gz       13.79kb / gzip: 4.87kb
dist/C:/Users/felip/OneDrive/├ürea de Trabalho/smart-finance-hub/assets/FinancialHealth-CU8lBUtj.js.gz       12.88kb / gzip: 4.36kb
dist/C:/Users/felip/OneDrive/├ürea de Trabalho/smart-finance-hub/assets/FinancialHealth-DvGQ96LQ.js.gz       15.16kb / gzip: 5.38kb
dist/C:/Users/felip/OneDrive/├ürea de Trabalho/smart-finance-hub/assets/FinancialHealth-DjnPp-yo.js.gz       12.81kb / gzip: 4.33kb
dist/C:/Users/felip/OneDrive/├ürea de Trabalho/smart-finance-hub/assets/FinancialHealth-DdusTWlt.js.gz       12.88kb / gzip: 4.36kb
dist/C:/Users/felip/OneDrive/├ürea de Trabalho/smart-finance-hub/assets/FinancialHealth-Els8TncK.js.gz       15.25kb / gzip: 5.40kb
dist/C:/Users/felip/OneDrive/├ürea de Trabalho/smart-finance-hub/assets/FinancialHealth-DdpFUkn9.js.gz       12.88kb / gzip: 4.36kb
dist/C:/Users/felip/OneDrive/├ürea de Trabalho/smart-finance-hub/assets/FinancialHealth-YMHP6fbZ.js.gz       13.99kb / gzip: 4.88kb
dist/C:/Users/felip/OneDrive/├ürea de Trabalho/smart-finance-hub/assets/FinancialHealth-DRcAwepf.js.gz       12.89kb / gzip: 4.36kb
dist/C:/Users/felip/OneDrive/├ürea de Trabalho/smart-finance-hub/assets/FinancialHealth-nRzQjilv.js.gz       12.75kb / gzip: 4.70kb
dist/C:/Users/felip/OneDrive/├ürea de Trabalho/smart-finance-hub/assets/FinancialHealth-Yego2U-U.js.gz       15.21kb / gzip: 5.39kb
dist/C:/Users/felip/OneDrive/├ürea de Trabalho/smart-finance-hub/assets/FinancialHealth-DSXRBjp5.js.gz       12.88kb / gzip: 4.36kb
dist/C:/Users/felip/OneDrive/├ürea de Trabalho/smart-finance-hub/assets/FinancialHealth-f7CjAQ65.js.gz       12.89kb / gzip: 4.38kb
dist/C:/Users/felip/OneDrive/├ürea de Trabalho/smart-finance-hub/assets/FinancialHealth-C_rdJ7z-.js.gz       15.16kb / gzip: 5.38kb
dist/C:/Users/felip/OneDrive/├ürea de Trabalho/smart-finance-hub/assets/Goals-B1aBEkET.js.gz                 16.95kb / gzip: 5.12kb
dist/C:/Users/felip/OneDrive/├ürea de Trabalho/smart-finance-hub/assets/Goals-BewCWJ0V.js.gz                 16.72kb / gzip: 5.12kb
dist/C:/Users/felip/OneDrive/├ürea de Trabalho/smart-finance-hub/assets/FinancialHealth-nLqFRhAR.js.gz       12.88kb / gzip: 4.36kb
dist/C:/Users/felip/OneDrive/├ürea de Trabalho/smart-finance-hub/assets/Goals-B0NG5RbZ.js.gz                 16.69kb / gzip: 5.13kb
dist/C:/Users/felip/OneDrive/├ürea de Trabalho/smart-finance-hub/assets/Goals-BHcrTAhD.js.gz                 16.96kb / gzip: 5.13kb
dist/C:/Users/felip/OneDrive/├ürea de Trabalho/smart-finance-hub/assets/Goals-C3hFiAgB.js.gz                 16.65kb / gzip: 5.09kb
dist/C:/Users/felip/OneDrive/├ürea de Trabalho/smart-finance-hub/assets/Goals-Bg4tF29p.js.gz                 16.63kb / gzip: 5.11kb
dist/C:/Users/felip/OneDrive/├ürea de Trabalho/smart-finance-hub/assets/Goals-CBDN2tDS.js.gz                 16.65kb / gzip: 5.10kb
dist/C:/Users/felip/OneDrive/├ürea de Trabalho/smart-finance-hub/assets/Goals-cBKW8Uax.js.gz                 16.65kb / gzip: 5.09kb
dist/C:/Users/felip/OneDrive/├ürea de Trabalho/smart-finance-hub/assets/Goals-BLPo21HV.js.gz                 16.69kb / gzip: 5.13kb
dist/C:/Users/felip/OneDrive/├ürea de Trabalho/smart-finance-hub/assets/Goals-CD5nWpou.js.gz                 17.14kb / gzip: 5.06kb
dist/C:/Users/felip/OneDrive/├ürea de Trabalho/smart-finance-hub/assets/Goals-BMGXi0r4.js.gz                 16.69kb / gzip: 5.13kb
dist/C:/Users/felip/OneDrive/├ürea de Trabalho/smart-finance-hub/assets/Goals-CFHg6dYB.js.gz                 16.97kb / gzip: 5.24kb
dist/C:/Users/felip/OneDrive/├ürea de Trabalho/smart-finance-hub/assets/Goals-CDTQ96yG.js.gz                 16.65kb / gzip: 5.10kb
dist/C:/Users/felip/OneDrive/├ürea de Trabalho/smart-finance-hub/assets/Goals-BPJsqcwK.js.gz                 16.69kb / gzip: 5.13kb
dist/C:/Users/felip/OneDrive/├ürea de Trabalho/smart-finance-hub/assets/Goals-CEfELHfA.js.gz                 16.69kb / gzip: 5.13kb
dist/C:/Users/felip/OneDrive/├ürea de Trabalho/smart-finance-hub/assets/Goals-CdkRUoI9.js.gz                 16.69kb / gzip: 5.13kb
dist/C:/Users/felip/OneDrive/├ürea de Trabalho/smart-finance-hub/assets/Goals-D8KseCcz.js.gz                 16.65kb / gzip: 5.09kb
dist/C:/Users/felip/OneDrive/├ürea de Trabalho/smart-finance-hub/assets/Goals-Cf7Yr1Jh.js.gz                 16.70kb / gzip: 5.12kb
dist/C:/Users/felip/OneDrive/├ürea de Trabalho/smart-finance-hub/assets/Goals-Df6wmFXA.js.gz                 16.65kb / gzip: 5.09kb
dist/C:/Users/felip/OneDrive/├ürea de Trabalho/smart-finance-hub/assets/Goals-DF2mHRFa.js.gz                 17.36kb / gzip: 5.07kb
dist/C:/Users/felip/OneDrive/├ürea de Trabalho/smart-finance-hub/assets/Goals-CRuljAvA.js.gz                 16.69kb / gzip: 5.13kb
dist/C:/Users/felip/OneDrive/├ürea de Trabalho/smart-finance-hub/assets/Goals-CRa4sHxG.js.gz                 16.62kb / gzip: 5.09kb
dist/C:/Users/felip/OneDrive/├ürea de Trabalho/smart-finance-hub/assets/Goals-CYpdby0o.js.gz                 16.66kb / gzip: 5.11kb
dist/C:/Users/felip/OneDrive/├ürea de Trabalho/smart-finance-hub/assets/Goals-Dh2cgGWO.js.gz                 16.96kb / gzip: 5.13kb
dist/C:/Users/felip/OneDrive/├ürea de Trabalho/smart-finance-hub/assets/Goals-DJKaKJyg.js.gz                 16.65kb / gzip: 5.09kb
dist/C:/Users/felip/OneDrive/├ürea de Trabalho/smart-finance-hub/assets/Goals-D28810-j.js.gz                 16.69kb / gzip: 5.13kb
dist/C:/Users/felip/OneDrive/├ürea de Trabalho/smart-finance-hub/assets/Goals-DsnQgHAI.js.gz                 16.65kb / gzip: 5.09kb
dist/C:/Users/felip/OneDrive/├ürea de Trabalho/smart-finance-hub/assets/Goals-DlhTLEgr.js.gz                 16.69kb / gzip: 5.13kb
dist/C:/Users/felip/OneDrive/├ürea de Trabalho/smart-finance-hub/assets/Goals-DtePizVz.js.gz                 16.96kb / gzip: 5.13kb
dist/C:/Users/felip/OneDrive/├ürea de Trabalho/smart-finance-hub/assets/Goals-Dt5FvuaS.js.gz                 16.69kb / gzip: 5.13kb
dist/C:/Users/felip/OneDrive/├ürea de Trabalho/smart-finance-hub/assets/Goals-DTBWG2p7.js.gz                 16.65kb / gzip: 5.09kb
dist/C:/Users/felip/OneDrive/├ürea de Trabalho/smart-finance-hub/assets/Goals-FwmoKN6P.js.gz                 16.97kb / gzip: 5.24kb
dist/C:/Users/felip/OneDrive/├ürea de Trabalho/smart-finance-hub/assets/Goals-oBig4Egk.js.gz                 16.72kb / gzip: 5.12kb
dist/C:/Users/felip/OneDrive/├ürea de Trabalho/smart-finance-hub/assets/heart-pulse-BZ1G7KVL.js.gz           1.11kb / gzip: 0.52kb
dist/C:/Users/felip/OneDrive/├ürea de Trabalho/smart-finance-hub/assets/heart-pulse-DENDpdVA.js.gz           1.11kb / gzip: 0.52kb
dist/C:/Users/felip/OneDrive/├ürea de Trabalho/smart-finance-hub/assets/Goals-DN88Zohx.js.gz                 16.69kb / gzip: 5.13kb
dist/C:/Users/felip/OneDrive/├ürea de Trabalho/smart-finance-hub/assets/Goals-tnnOeWBW.js.gz                 16.96kb / gzip: 5.13kb
dist/C:/Users/felip/OneDrive/├ürea de Trabalho/smart-finance-hub/assets/Goals-DyrmVvdY.js.gz                 16.69kb / gzip: 5.13kb
dist/C:/Users/felip/OneDrive/├ürea de Trabalho/smart-finance-hub/assets/Goals-GnfufO9l.js.gz                 16.69kb / gzip: 5.13kb
dist/C:/Users/felip/OneDrive/├ürea de Trabalho/smart-finance-hub/assets/Home-5F_o4CpA.js.gz                  12.35kb / gzip: 4.24kb
dist/C:/Users/felip/OneDrive/├ürea de Trabalho/smart-finance-hub/assets/Goals-gbeEO5cG.js.gz                 16.69kb / gzip: 5.13kb
dist/C:/Users/felip/OneDrive/├ürea de Trabalho/smart-finance-hub/assets/Goals-zEzXhDnE.js.gz                 16.69kb / gzip: 5.13kb
dist/C:/Users/felip/OneDrive/├ürea de Trabalho/smart-finance-hub/assets/Home-7a9y2GIn.js.gz                  13.41kb / gzip: 3.56kb
dist/C:/Users/felip/OneDrive/├ürea de Trabalho/smart-finance-hub/assets/Home-B3MjgUVc.js.gz                  11.75kb / gzip: 3.99kb
dist/C:/Users/felip/OneDrive/├ürea de Trabalho/smart-finance-hub/assets/Home-9146JflC.js.gz                  11.87kb / gzip: 3.96kb
dist/C:/Users/felip/OneDrive/├ürea de Trabalho/smart-finance-hub/assets/Home-B8PJ19Do.js.gz                  11.87kb / gzip: 3.95kb
dist/C:/Users/felip/OneDrive/├ürea de Trabalho/smart-finance-hub/assets/Home-bo6btbAA.js.gz                  11.83kb / gzip: 3.93kb
dist/C:/Users/felip/OneDrive/├ürea de Trabalho/smart-finance-hub/assets/Home-BlafzPuN.js.gz                  11.83kb / gzip: 3.93kb
dist/C:/Users/felip/OneDrive/├ürea de Trabalho/smart-finance-hub/assets/Home-C6T5mCsd.js.gz                  13.41kb / gzip: 3.56kb
dist/C:/Users/felip/OneDrive/├ürea de Trabalho/smart-finance-hub/assets/Home-D96cxifj.js.gz                  12.38kb / gzip: 4.26kb
dist/C:/Users/felip/OneDrive/├ürea de Trabalho/smart-finance-hub/assets/Home-BsClWTv-.js.gz                  11.75kb / gzip: 3.99kb
dist/C:/Users/felip/OneDrive/├ürea de Trabalho/smart-finance-hub/assets/Home-CTupuPQH.js.gz                  11.75kb / gzip: 3.99kb
dist/C:/Users/felip/OneDrive/├ürea de Trabalho/smart-finance-hub/assets/Home-CyvxGhWD.js.gz                  11.83kb / gzip: 3.93kb
dist/C:/Users/felip/OneDrive/├ürea de Trabalho/smart-finance-hub/assets/Home-Cy21MoVg.js.gz                  13.60kb / gzip: 3.66kb
dist/C:/Users/felip/OneDrive/├ürea de Trabalho/smart-finance-hub/assets/Home-D9SumgqQ.js.gz                  11.91kb / gzip: 3.98kb
dist/C:/Users/felip/OneDrive/├ürea de Trabalho/smart-finance-hub/assets/Home-DgutzDtn.js.gz                  11.87kb / gzip: 3.96kb
dist/C:/Users/felip/OneDrive/├ürea de Trabalho/smart-finance-hub/assets/Home-dDPtJeuz.js.gz                  11.83kb / gzip: 3.93kb
dist/C:/Users/felip/OneDrive/├ürea de Trabalho/smart-finance-hub/assets/Home-DHmNRPRk.js.gz                  12.07kb / gzip: 4.07kb
dist/C:/Users/felip/OneDrive/├ürea de Trabalho/smart-finance-hub/assets/Home-EbjmGNf0.js.gz                  11.75kb / gzip: 3.99kb
dist/C:/Users/felip/OneDrive/├ürea de Trabalho/smart-finance-hub/assets/Home-fyrhLu5C.js.gz                  11.75kb / gzip: 3.99kb
dist/C:/Users/felip/OneDrive/├ürea de Trabalho/smart-finance-hub/assets/Home-RH9NWhq4.js.gz                  11.75kb / gzip: 3.99kb
dist/C:/Users/felip/OneDrive/├ürea de Trabalho/smart-finance-hub/assets/index-1nKjvmAL.css.gz                80.96kb / gzip: 12.53kb
dist/C:/Users/felip/OneDrive/├ürea de Trabalho/smart-finance-hub/assets/FinancialHealth-CiteNQQm.js.gz       12.88kb / gzip: 4.36kb
dist/C:/Users/felip/OneDrive/├ürea de Trabalho/smart-finance-hub/assets/index-Bbi8CvwD.css.gz                89.99kb / gzip: 13.49kb
dist/C:/Users/felip/OneDrive/├ürea de Trabalho/smart-finance-hub/assets/index-BfMfugOY.css.gz                76.46kb / gzip: 11.85kb
dist/C:/Users/felip/OneDrive/├ürea de Trabalho/smart-finance-hub/assets/index-BFuYnEmZ.css.gz                70.80kb / gzip: 11.17kb
dist/C:/Users/felip/OneDrive/├ürea de Trabalho/smart-finance-hub/assets/Dashboard-DiT_OxwF.js.gz             22.72kb / gzip: 5.60kb
dist/C:/Users/felip/OneDrive/├ürea de Trabalho/smart-finance-hub/assets/index-BJwbU_Ld.css.gz                81.82kb / gzip: 12.59kb
dist/C:/Users/felip/OneDrive/├ürea de Trabalho/smart-finance-hub/assets/index-BNUpkA6F.css.gz                95.21kb / gzip: 15.10kb
dist/C:/Users/felip/OneDrive/├ürea de Trabalho/smart-finance-hub/assets/index-BLkIeNfn.css.gz                69.62kb / gzip: 10.96kb
dist/C:/Users/felip/OneDrive/├ürea de Trabalho/smart-finance-hub/assets/index-BYyHZ5mZ.css.gz                40.57kb / gzip: 7.04kb
dist/C:/Users/felip/OneDrive/├ürea de Trabalho/smart-finance-hub/assets/index-BZuyJ8Aj.css.gz                104.03kb / gzip: 14.97kb
dist/C:/Users/felip/OneDrive/├ürea de Trabalho/smart-finance-hub/assets/index-BYwTK6AD.css.gz                77.54kb / gzip: 12.11kb
dist/C:/Users/felip/OneDrive/├ürea de Trabalho/smart-finance-hub/assets/index-CdlYXVTC.css.gz                81.58kb / gzip: 12.61kb
dist/C:/Users/felip/OneDrive/├ürea de Trabalho/smart-finance-hub/assets/index-CkYdGUXQ.css.gz                73.10kb / gzip: 11.42kb
dist/C:/Users/felip/OneDrive/├ürea de Trabalho/smart-finance-hub/assets/index-Cnx6DhKN.css.gz                71.29kb / gzip: 11.23kb
dist/C:/Users/felip/OneDrive/├ürea de Trabalho/smart-finance-hub/assets/index-CSNTqOxe.css.gz                81.99kb / gzip: 12.64kb
dist/C:/Users/felip/OneDrive/├ürea de Trabalho/smart-finance-hub/assets/index-CY6TXzp2.css.gz                41.54kb / gzip: 7.21kb
dist/C:/Users/felip/OneDrive/├ürea de Trabalho/smart-finance-hub/assets/index-CzdpUMwT.css.gz                81.89kb / gzip: 12.59kb
dist/C:/Users/felip/OneDrive/├ürea de Trabalho/smart-finance-hub/assets/index-DCfAFeTo.css.gz                40.48kb / gzip: 7.03kb
dist/C:/Users/felip/OneDrive/├ürea de Trabalho/smart-finance-hub/assets/index-DFmAbvnh.css.gz                82.82kb / gzip: 12.75kb
dist/C:/Users/felip/OneDrive/├ürea de Trabalho/smart-finance-hub/assets/index-kQM3-uos.js.gz                 37.06kb / gzip: 12.46kb
dist/C:/Users/felip/OneDrive/├ürea de Trabalho/smart-finance-hub/assets/index-r0ARow3A.css.gz                39.57kb / gzip: 6.80kb
dist/C:/Users/felip/OneDrive/├ürea de Trabalho/smart-finance-hub/assets/index-TktvOIb6.css.gz                81.76kb / gzip: 12.58kb
dist/C:/Users/felip/OneDrive/├ürea de Trabalho/smart-finance-hub/assets/index-vg4rgxXg.css.gz                41.83kb / gzip: 7.26kb
dist/C:/Users/felip/OneDrive/├ürea de Trabalho/smart-finance-hub/assets/index-_SRoHKHh.css.gz                69.59kb / gzip: 10.95kb
dist/C:/Users/felip/OneDrive/├ürea de Trabalho/smart-finance-hub/assets/Institutional-8ocMFVqg.js.gz         12.30kb / gzip: 3.69kb
dist/C:/Users/felip/OneDrive/├ürea de Trabalho/smart-finance-hub/assets/Institutional-BiwNEjNR.js.gz         13.48kb / gzip: 4.20kb
dist/C:/Users/felip/OneDrive/├ürea de Trabalho/smart-finance-hub/assets/Institutional-Bo_pNgg2.js.gz         12.38kb / gzip: 3.73kb
dist/C:/Users/felip/OneDrive/├ürea de Trabalho/smart-finance-hub/assets/Institutional-Ca7-p7DP.js.gz         12.36kb / gzip: 3.71kb
dist/C:/Users/felip/OneDrive/├ürea de Trabalho/smart-finance-hub/assets/Institutional-CzziwTu_.js.gz         13.48kb / gzip: 4.19kb
dist/C:/Users/felip/OneDrive/├ürea de Trabalho/smart-finance-hub/assets/Institutional-DHynS2K2.js.gz         12.40kb / gzip: 3.74kb
dist/C:/Users/felip/OneDrive/├ürea de Trabalho/smart-finance-hub/assets/Institutional-DkbmFcn7.js.gz         12.36kb / gzip: 3.72kb
dist/C:/Users/felip/OneDrive/├ürea de Trabalho/smart-finance-hub/assets/Institutional-DirAfBlB.js.gz         12.36kb / gzip: 3.72kb
dist/C:/Users/felip/OneDrive/├ürea de Trabalho/smart-finance-hub/assets/Institutional-EZFcn9iZ.js.gz         12.36kb / gzip: 3.72kb
dist/C:/Users/felip/OneDrive/├ürea de Trabalho/smart-finance-hub/assets/Institutional-CgF5hlYs.js.gz         12.36kb / gzip: 3.72kb
dist/C:/Users/felip/OneDrive/├ürea de Trabalho/smart-finance-hub/assets/Institutional-gjCi5aNz.js.gz         12.34kb / gzip: 3.71kb
dist/C:/Users/felip/OneDrive/├ürea de Trabalho/smart-finance-hub/assets/Institutional-WsWFnRK9.js.gz         12.36kb / gzip: 3.71kb
dist/C:/Users/felip/OneDrive/├ürea de Trabalho/smart-finance-hub/assets/Institutional-fkOMDmD3.js.gz         12.36kb / gzip: 3.72kb
dist/C:/Users/felip/OneDrive/├ürea de Trabalho/smart-finance-hub/assets/Institutional-iYJ8tpXO.js.gz         12.36kb / gzip: 3.72kb
dist/C:/Users/felip/OneDrive/├ürea de Trabalho/smart-finance-hub/assets/Investments-931Pi6cW.js.gz           21.12kb / gzip: 5.37kb
dist/C:/Users/felip/OneDrive/├ürea de Trabalho/smart-finance-hub/assets/Institutional-yvsIoqzQ.js.gz         12.36kb / gzip: 3.72kb
dist/C:/Users/felip/OneDrive/├ürea de Trabalho/smart-finance-hub/assets/Institutional-zHB3qT_9.js.gz         12.36kb / gzip: 3.72kb
dist/C:/Users/felip/OneDrive/├ürea de Trabalho/smart-finance-hub/assets/Investments-ANylNeOo.js.gz           20.42kb / gzip: 5.34kb
dist/C:/Users/felip/OneDrive/├ürea de Trabalho/smart-finance-hub/assets/Investments-BeEaCRbd.js.gz           20.42kb / gzip: 5.33kb
dist/C:/Users/felip/OneDrive/├ürea de Trabalho/smart-finance-hub/assets/Investments-BhGtSPvl.js.gz           20.32kb / gzip: 5.30kb
dist/C:/Users/felip/OneDrive/├ürea de Trabalho/smart-finance-hub/assets/Investments-BN_RlVud.js.gz           21.62kb / gzip: 5.39kb
dist/C:/Users/felip/OneDrive/├ürea de Trabalho/smart-finance-hub/assets/Investments-BJMCz0Dp.js.gz           20.99kb / gzip: 5.64kb
dist/C:/Users/felip/OneDrive/├ürea de Trabalho/smart-finance-hub/assets/Investments-Bl1W8QQy.js.gz           20.56kb / gzip: 5.36kb
dist/C:/Users/felip/OneDrive/├ürea de Trabalho/smart-finance-hub/assets/Institutional-CYyFCC-0.js.gz         12.36kb / gzip: 3.71kb
dist/C:/Users/felip/OneDrive/├ürea de Trabalho/smart-finance-hub/assets/Investments-BJUGv_E0.js.gz           20.42kb / gzip: 5.34kb
dist/C:/Users/felip/OneDrive/├ürea de Trabalho/smart-finance-hub/assets/Investments-BQ1GvW-j.js.gz           20.56kb / gzip: 5.36kb
dist/C:/Users/felip/OneDrive/├ürea de Trabalho/smart-finance-hub/assets/Investments-c-Q8f7Cr.js.gz           20.56kb / gzip: 5.36kb
dist/C:/Users/felip/OneDrive/├ürea de Trabalho/smart-finance-hub/assets/Investments-BoxEkw9N.js.gz           20.35kb / gzip: 5.31kb
dist/C:/Users/felip/OneDrive/├ürea de Trabalho/smart-finance-hub/assets/Investments-CDbpCage.js.gz           20.42kb / gzip: 5.34kb
dist/C:/Users/felip/OneDrive/├ürea de Trabalho/smart-finance-hub/assets/Investments-BpjHUNAF.js.gz           20.35kb / gzip: 5.31kb
dist/C:/Users/felip/OneDrive/├ürea de Trabalho/smart-finance-hub/assets/Investments-Cdg1i_P1.js.gz           20.42kb / gzip: 5.34kb
dist/C:/Users/felip/OneDrive/├ürea de Trabalho/smart-finance-hub/assets/Investments-CMr7vJfm.js.gz           20.49kb / gzip: 5.36kb
dist/C:/Users/felip/OneDrive/├ürea de Trabalho/smart-finance-hub/assets/Investments-C3uwNRCV.js.gz           20.32kb / gzip: 5.30kb
dist/C:/Users/felip/OneDrive/├ürea de Trabalho/smart-finance-hub/assets/Investments-Cgh3lbT9.js.gz           20.35kb / gzip: 5.31kb
dist/C:/Users/felip/OneDrive/├ürea de Trabalho/smart-finance-hub/assets/Investments-CR2vYHWh.js.gz           20.49kb / gzip: 5.37kb
dist/C:/Users/felip/OneDrive/├ürea de Trabalho/smart-finance-hub/assets/Investments-CUfIwFKl.js.gz           20.42kb / gzip: 5.33kb
dist/C:/Users/felip/OneDrive/├ürea de Trabalho/smart-finance-hub/assets/Investments-Cm6Slsgw.js.gz           16.53kb / gzip: 4.76kb
dist/C:/Users/felip/OneDrive/├ürea de Trabalho/smart-finance-hub/assets/Investments-CtP0eMKh.js.gz           16.53kb / gzip: 4.76kb
dist/C:/Users/felip/OneDrive/├ürea de Trabalho/smart-finance-hub/assets/Investments-CXTWDPYL.js.gz           20.99kb / gzip: 5.64kb
dist/C:/Users/felip/OneDrive/├ürea de Trabalho/smart-finance-hub/assets/Investments-Cq-Pvk0a.js.gz           18.53kb / gzip: 5.16kb
dist/C:/Users/felip/OneDrive/├ürea de Trabalho/smart-finance-hub/assets/Investments-Cw-Zn6Dg.js.gz           20.35kb / gzip: 5.31kb
dist/C:/Users/felip/OneDrive/├ürea de Trabalho/smart-finance-hub/assets/Investments-D5jwOx_k.js.gz           20.42kb / gzip: 5.34kb
dist/C:/Users/felip/OneDrive/├ürea de Trabalho/smart-finance-hub/assets/Investments-CWb7VTC1.js.gz           20.35kb / gzip: 5.31kb
dist/C:/Users/felip/OneDrive/├ürea de Trabalho/smart-finance-hub/assets/Investments-D8_kwU4J.js.gz           20.56kb / gzip: 5.37kb
dist/C:/Users/felip/OneDrive/├ürea de Trabalho/smart-finance-hub/assets/Investments-Da7yBQwb.js.gz           20.42kb / gzip: 5.34kb
dist/C:/Users/felip/OneDrive/├ürea de Trabalho/smart-finance-hub/assets/Investments-D3fquAoh.js.gz           20.35kb / gzip: 5.31kb
dist/C:/Users/felip/OneDrive/├ürea de Trabalho/smart-finance-hub/assets/Investments-Di7_IZup.js.gz           20.54kb / gzip: 5.36kb
dist/C:/Users/felip/OneDrive/├ürea de Trabalho/smart-finance-hub/assets/Investments-D88HwJy6.js.gz           16.47kb / gzip: 4.73kb
dist/C:/Users/felip/OneDrive/├ürea de Trabalho/smart-finance-hub/assets/Investments-DiKaFdlU.js.gz           20.42kb / gzip: 5.33kb
dist/C:/Users/felip/OneDrive/├ürea de Trabalho/smart-finance-hub/assets/Investments-DimNimqP.js.gz           20.42kb / gzip: 5.34kb
dist/C:/Users/felip/OneDrive/├ürea de Trabalho/smart-finance-hub/assets/Investments-Da5rwUsh.js.gz           20.35kb / gzip: 5.31kb
dist/C:/Users/felip/OneDrive/├ürea de Trabalho/smart-finance-hub/assets/Investments-OaCtdpNI.js.gz           20.42kb / gzip: 5.33kb
dist/C:/Users/felip/OneDrive/├ürea de Trabalho/smart-finance-hub/assets/Investments-DyKkfWNg.js.gz           16.53kb / gzip: 4.76kb
dist/C:/Users/felip/OneDrive/├ürea de Trabalho/smart-finance-hub/assets/Investments-Jc2iaqz-.js.gz           20.36kb / gzip: 5.31kb
dist/C:/Users/felip/OneDrive/├ürea de Trabalho/smart-finance-hub/assets/Investments-DDul7Wxj.js.gz           20.35kb / gzip: 5.31kb
dist/C:/Users/felip/OneDrive/├ürea de Trabalho/smart-finance-hub/assets/Investments-Us2JoWrt.js.gz           16.53kb / gzip: 4.76kb
dist/C:/Users/felip/OneDrive/├ürea de Trabalho/smart-finance-hub/assets/Investments-vGH549gY.js.gz           20.36kb / gzip: 5.31kb
dist/C:/Users/felip/OneDrive/├ürea de Trabalho/smart-finance-hub/assets/Layout-34H_DJdb.js.gz                7.49kb / gzip: 2.45kb
dist/C:/Users/felip/OneDrive/├ürea de Trabalho/smart-finance-hub/assets/Investments-Rtbtn1sr.js.gz           20.35kb / gzip: 5.31kb
dist/C:/Users/felip/OneDrive/├ürea de Trabalho/smart-finance-hub/assets/Investments-DL5x2Exz.js.gz           20.42kb / gzip: 5.33kb
dist/C:/Users/felip/OneDrive/├ürea de Trabalho/smart-finance-hub/assets/lgpd-CdIZc_aR.js.gz                  1.90kb / gzip: 0.95kb
dist/C:/Users/felip/OneDrive/├ürea de Trabalho/smart-finance-hub/assets/Layout-BIlHHuN2.js.gz                7.50kb / gzip: 2.45kb
dist/C:/Users/felip/OneDrive/├ürea de Trabalho/smart-finance-hub/assets/lgpd-C25N5dr6.js.gz                  1.85kb / gzip: 0.93kb
dist/C:/Users/felip/OneDrive/├ürea de Trabalho/smart-finance-hub/assets/Layout-BJFS8XwH.js.gz                7.46kb / gzip: 2.43kb
dist/C:/Users/felip/OneDrive/├ürea de Trabalho/smart-finance-hub/assets/Layout-B-lSeV9J.js.gz                7.50kb / gzip: 2.44kb
dist/C:/Users/felip/OneDrive/├ürea de Trabalho/smart-finance-hub/assets/Login-BvNj7MRJ.js.gz                 5.82kb / gzip: 2.30kb
dist/C:/Users/felip/OneDrive/├ürea de Trabalho/smart-finance-hub/assets/Layout-wStN4_xi.js.gz                9.28kb / gzip: 3.44kb
dist/C:/Users/felip/OneDrive/├ürea de Trabalho/smart-finance-hub/assets/Layout-CzKzuolA.js.gz                9.28kb / gzip: 3.44kb
dist/C:/Users/felip/OneDrive/├ürea de Trabalho/smart-finance-hub/assets/Login-BrVeCQJM.js.gz                 5.27kb / gzip: 2.09kb
dist/C:/Users/felip/OneDrive/├ürea de Trabalho/smart-finance-hub/assets/Login-C1hvs4IJ.js.gz                 5.27kb / gzip: 2.09kb
dist/C:/Users/felip/OneDrive/├ürea de Trabalho/smart-finance-hub/assets/Login-BAOC-Ttz.js.gz                 3.69kb / gzip: 1.64kb
dist/C:/Users/felip/OneDrive/├ürea de Trabalho/smart-finance-hub/assets/Login-C9FbePRD.js.gz                 5.31kb / gzip: 2.11kb
dist/C:/Users/felip/OneDrive/├ürea de Trabalho/smart-finance-hub/assets/Login-CC9hjuNu.js.gz                 5.27kb / gzip: 2.09kb
dist/C:/Users/felip/OneDrive/├ürea de Trabalho/smart-finance-hub/assets/Login-CIBMRv2q.js.gz                 5.28kb / gzip: 2.09kb
dist/C:/Users/felip/OneDrive/├ürea de Trabalho/smart-finance-hub/assets/Login-C7qpzpYc.js.gz                 5.27kb / gzip: 2.09kb
dist/C:/Users/felip/OneDrive/├ürea de Trabalho/smart-finance-hub/assets/Login-CE7O4YcT.js.gz                 5.32kb / gzip: 2.11kb
dist/C:/Users/felip/OneDrive/├ürea de Trabalho/smart-finance-hub/assets/Login-CqB5ldyZ.js.gz                 5.27kb / gzip: 2.09kb
dist/C:/Users/felip/OneDrive/├ürea de Trabalho/smart-finance-hub/assets/Login-CqzoVgub.js.gz                 5.27kb / gzip: 2.09kb
dist/C:/Users/felip/OneDrive/├ürea de Trabalho/smart-finance-hub/assets/Login-DoMMZZJA.js.gz                 6.51kb / gzip: 2.70kb
dist/C:/Users/felip/OneDrive/├ürea de Trabalho/smart-finance-hub/assets/Login-CUAki3WL.js.gz                 5.27kb / gzip: 2.09kb
dist/C:/Users/felip/OneDrive/├ürea de Trabalho/smart-finance-hub/assets/Login-DF3DbShR.js.gz                 3.69kb / gzip: 1.64kb
dist/C:/Users/felip/OneDrive/├ürea de Trabalho/smart-finance-hub/assets/Login-CSdQflia.js.gz                 5.27kb / gzip: 2.09kb
dist/C:/Users/felip/OneDrive/├ürea de Trabalho/smart-finance-hub/assets/Login-DozkEhHe.js.gz                 3.89kb / gzip: 1.62kb
dist/C:/Users/felip/OneDrive/├ürea de Trabalho/smart-finance-hub/assets/Login-DwQ4OJRg.js.gz                 3.63kb / gzip: 1.61kb
dist/C:/Users/felip/OneDrive/├ürea de Trabalho/smart-finance-hub/assets/MetaFinLogo-BS0upsUd.js.gz           1.69kb / gzip: 0.61kb
dist/C:/Users/felip/OneDrive/├ürea de Trabalho/smart-finance-hub/assets/Login-FnxsHfEX.js.gz                 5.27kb / gzip: 2.09kb
dist/C:/Users/felip/OneDrive/├ürea de Trabalho/smart-finance-hub/assets/MetaFinLogo-wiQk9Qea.js.gz           1.55kb / gzip: 0.55kb
dist/C:/Users/felip/OneDrive/├ürea de Trabalho/smart-finance-hub/assets/Login-nOqdc1ec.js.gz                 5.32kb / gzip: 2.11kb
dist/C:/Users/felip/OneDrive/├ürea de Trabalho/smart-finance-hub/assets/Login-QTPiY0U6.js.gz                 5.27kb / gzip: 2.09kb
dist/C:/Users/felip/OneDrive/├ürea de Trabalho/smart-finance-hub/assets/MetaFinLogo-BL_0ZuE5.js.gz           1.55kb / gzip: 0.55kb
dist/C:/Users/felip/OneDrive/├ürea de Trabalho/smart-finance-hub/assets/NetWorth-0UDJuO37.js.gz              13.00kb / gzip: 3.92kb
dist/C:/Users/felip/OneDrive/├ürea de Trabalho/smart-finance-hub/assets/MetaFinLogo-BFSiBPOz.js.gz           1.55kb / gzip: 0.55kb
dist/C:/Users/felip/OneDrive/├ürea de Trabalho/smart-finance-hub/assets/MetaFinLogo-BnXtD2XP.js.gz           1.55kb / gzip: 0.55kb
dist/C:/Users/felip/OneDrive/├ürea de Trabalho/smart-finance-hub/assets/Login-DlD9LSuV.js.gz                 5.27kb / gzip: 2.09kb
dist/C:/Users/felip/OneDrive/├ürea de Trabalho/smart-finance-hub/assets/MetaFinLogo-XUDYbVUo.js.gz           1.55kb / gzip: 0.55kb
dist/C:/Users/felip/OneDrive/├ürea de Trabalho/smart-finance-hub/assets/NetWorth-BC90DhsP.js.gz              12.41kb / gzip: 3.89kb
dist/C:/Users/felip/OneDrive/├ürea de Trabalho/smart-finance-hub/assets/NetWorth-BcGJ1OJr.js.gz              12.44kb / gzip: 3.89kb
dist/C:/Users/felip/OneDrive/├ürea de Trabalho/smart-finance-hub/assets/NetWorth-4UvS_bXu.js.gz              12.44kb / gzip: 3.89kb
dist/C:/Users/felip/OneDrive/├ürea de Trabalho/smart-finance-hub/assets/NetWorth-BvXUxg3t.js.gz              12.41kb / gzip: 3.88kb
dist/C:/Users/felip/OneDrive/├ürea de Trabalho/smart-finance-hub/assets/NetWorth-8dcL5bJJ.js.gz              12.44kb / gzip: 3.89kb
dist/C:/Users/felip/OneDrive/├ürea de Trabalho/smart-finance-hub/assets/NetWorth-BwgNMk2k.js.gz              14.29kb / gzip: 4.76kb
dist/C:/Users/felip/OneDrive/├ürea de Trabalho/smart-finance-hub/assets/NetWorth-1Zq7wSu2.js.gz              12.44kb / gzip: 3.89kb
dist/C:/Users/felip/OneDrive/├ürea de Trabalho/smart-finance-hub/assets/NetWorth-C-RTuHp_.js.gz              12.41kb / gzip: 3.89kb
dist/C:/Users/felip/OneDrive/├ürea de Trabalho/smart-finance-hub/assets/NetWorth-C3qcfFqp.js.gz              12.41kb / gzip: 3.88kb
dist/C:/Users/felip/OneDrive/├ürea de Trabalho/smart-finance-hub/assets/NetWorth-BPy4ezJ7.js.gz              12.45kb / gzip: 3.89kb
dist/C:/Users/felip/OneDrive/├ürea de Trabalho/smart-finance-hub/assets/NetWorth-BWAXHNZb.js.gz              12.44kb / gzip: 3.89kb
dist/C:/Users/felip/OneDrive/├ürea de Trabalho/smart-finance-hub/assets/NetWorth-C1gJAcoA.js.gz              12.53kb / gzip: 3.94kb
dist/C:/Users/felip/OneDrive/├ürea de Trabalho/smart-finance-hub/assets/NetWorth-CBf_Fqrl.js.gz              12.41kb / gzip: 3.89kb
dist/C:/Users/felip/OneDrive/├ürea de Trabalho/smart-finance-hub/assets/NetWorth-BGoeA18m.js.gz              12.44kb / gzip: 3.88kb
dist/C:/Users/felip/OneDrive/├ürea de Trabalho/smart-finance-hub/assets/NetWorth-CbpPcCY6.js.gz              12.44kb / gzip: 3.88kb
dist/C:/Users/felip/OneDrive/├ürea de Trabalho/smart-finance-hub/assets/NetWorth-CiRq4GxY.js.gz              12.75kb / gzip: 3.90kb
dist/C:/Users/felip/OneDrive/├ürea de Trabalho/smart-finance-hub/assets/NetWorth-CB5jujoo.js.gz              12.44kb / gzip: 3.89kb
dist/C:/Users/felip/OneDrive/├ürea de Trabalho/smart-finance-hub/assets/NetWorth-CKZp2mA7.js.gz              14.29kb / gzip: 4.76kb
dist/C:/Users/felip/OneDrive/├ürea de Trabalho/smart-finance-hub/assets/NetWorth-CoB6LY2I.js.gz              12.41kb / gzip: 3.88kb
dist/C:/Users/felip/OneDrive/├ürea de Trabalho/smart-finance-hub/assets/NetWorth-CzYwGrjW.js.gz              12.41kb / gzip: 3.88kb
dist/C:/Users/felip/OneDrive/├ürea de Trabalho/smart-finance-hub/assets/NetWorth-CKf027Jo.js.gz              12.44kb / gzip: 3.89kb
dist/C:/Users/felip/OneDrive/├ürea de Trabalho/smart-finance-hub/assets/NetWorth-C_SQYZGg.js.gz              12.48kb / gzip: 3.92kb
dist/C:/Users/felip/OneDrive/├ürea de Trabalho/smart-finance-hub/assets/NetWorth-D0UD9huS.js.gz              12.44kb / gzip: 3.89kb
dist/C:/Users/felip/OneDrive/├ürea de Trabalho/smart-finance-hub/assets/NetWorth-DAjsZf1Z.js.gz              12.53kb / gzip: 3.93kb
dist/C:/Users/felip/OneDrive/├ürea de Trabalho/smart-finance-hub/assets/NetWorth-D01wNzxa.js.gz              12.38kb / gzip: 3.86kb
dist/C:/Users/felip/OneDrive/├ürea de Trabalho/smart-finance-hub/assets/NetWorth-DAeeRLr6.js.gz              12.44kb / gzip: 3.89kb
dist/C:/Users/felip/OneDrive/├ürea de Trabalho/smart-finance-hub/assets/NetWorth-Du_4JVv2.js.gz              12.48kb / gzip: 3.91kb
dist/C:/Users/felip/OneDrive/├ürea de Trabalho/smart-finance-hub/assets/NetWorth-kSLu3n6m.js.gz              12.57kb / gzip: 3.95kb
dist/C:/Users/felip/OneDrive/├ürea de Trabalho/smart-finance-hub/assets/NetWorth-DcIe6zFP.js.gz              12.37kb / gzip: 3.86kb
dist/C:/Users/felip/OneDrive/├ürea de Trabalho/smart-finance-hub/assets/NetWorth-DMYAwXnC.js.gz              12.44kb / gzip: 3.89kb
dist/C:/Users/felip/OneDrive/├ürea de Trabalho/smart-finance-hub/assets/NetWorth-gqdOIe_k.js.gz              12.41kb / gzip: 3.88kb
dist/C:/Users/felip/OneDrive/├ürea de Trabalho/smart-finance-hub/assets/NetWorth-COj7Qe0I.js.gz              12.57kb / gzip: 3.95kb
dist/C:/Users/felip/OneDrive/├ürea de Trabalho/smart-finance-hub/assets/NetWorth-DgASRo_3.js.gz              12.44kb / gzip: 3.89kb
dist/C:/Users/felip/OneDrive/├ürea de Trabalho/smart-finance-hub/assets/NetWorth-lP0yabF0.js.gz              12.41kb / gzip: 3.88kb
dist/C:/Users/felip/OneDrive/├ürea de Trabalho/smart-finance-hub/assets/NetWorth-vsTf_gtY.js.gz              12.41kb / gzip: 3.89kb
dist/C:/Users/felip/OneDrive/├ürea de Trabalho/smart-finance-hub/assets/NetWorth-pthRUCtd.js.gz              12.44kb / gzip: 3.89kb
dist/C:/Users/felip/OneDrive/├ürea de Trabalho/smart-finance-hub/assets/NpsSurvey-BRYltp2t.js.gz             2.78kb / gzip: 1.32kb
dist/C:/Users/felip/OneDrive/├ürea de Trabalho/smart-finance-hub/assets/NpsSurvey-ByI5wB_a.js.gz             2.76kb / gzip: 1.31kb
dist/C:/Users/felip/OneDrive/├ürea de Trabalho/smart-finance-hub/assets/OnboardingTour-BBfwPEfq.js.gz        4.73kb / gzip: 1.94kb
dist/C:/Users/felip/OneDrive/├ürea de Trabalho/smart-finance-hub/assets/NetWorth-ZwnA8ZG4.js.gz              12.41kb / gzip: 3.88kb
dist/C:/Users/felip/OneDrive/├ürea de Trabalho/smart-finance-hub/assets/NpsSurvey-CBa8bhPf.js.gz             2.78kb / gzip: 1.32kb
dist/C:/Users/felip/OneDrive/├ürea de Trabalho/smart-finance-hub/assets/NpsSurvey-C2WAR1xF.js.gz             2.75kb / gzip: 1.31kb
dist/C:/Users/felip/OneDrive/├ürea de Trabalho/smart-finance-hub/assets/NpsSurvey-CvbJcizC.js.gz             2.72kb / gzip: 1.30kb
dist/C:/Users/felip/OneDrive/├ürea de Trabalho/smart-finance-hub/assets/plans-Du0o6ls3.js.gz                 1.73kb / gzip: 0.77kb
dist/C:/Users/felip/OneDrive/├ürea de Trabalho/smart-finance-hub/assets/NpsSurvey-DQydAXOC.js.gz             2.76kb / gzip: 1.31kb
dist/C:/Users/felip/OneDrive/├ürea de Trabalho/smart-finance-hub/assets/OnboardingTour-F6Hpya9Z.js.gz        4.73kb / gzip: 1.94kb
dist/C:/Users/felip/OneDrive/├ürea de Trabalho/smart-finance-hub/assets/OnboardingTour-6oKXgxMR.js.gz        4.35kb / gzip: 1.75kb
dist/C:/Users/felip/OneDrive/├ürea de Trabalho/smart-finance-hub/assets/OnboardingTour-DHNTgPp5.js.gz        4.35kb / gzip: 1.76kb
dist/C:/Users/felip/OneDrive/├ürea de Trabalho/smart-finance-hub/assets/OnboardingTour-BsYyc-o2.js.gz        4.35kb / gzip: 1.75kb
dist/C:/Users/felip/OneDrive/├ürea de Trabalho/smart-finance-hub/assets/OnboardingTour-VxUJWLg4.js.gz        4.39kb / gzip: 1.78kb
dist/C:/Users/felip/OneDrive/├ürea de Trabalho/smart-finance-hub/assets/NetWorth-Cd_7A0_4.js.gz              12.57kb / gzip: 3.96kb
dist/C:/Users/felip/OneDrive/├ürea de Trabalho/smart-finance-hub/assets/Reports-B3Gcx4Zh.js.gz               10.34kb / gzip: 3.08kb
dist/C:/Users/felip/OneDrive/├ürea de Trabalho/smart-finance-hub/assets/purify.es-0Z5D63Xw.js.gz             22.23kb / gzip: 8.42kb
dist/C:/Users/felip/OneDrive/├ürea de Trabalho/smart-finance-hub/assets/Reports-B0K4MFbC.js.gz               10.17kb / gzip: 2.98kb
dist/C:/Users/felip/OneDrive/├ürea de Trabalho/smart-finance-hub/assets/purify.es-B9ZVCkUG.js.gz             22.11kb / gzip: 8.54kb
dist/C:/Users/felip/OneDrive/├ürea de Trabalho/smart-finance-hub/assets/Reports-BqhXvN9Q.js.gz               10.06kb / gzip: 2.93kb
dist/C:/Users/felip/OneDrive/├ürea de Trabalho/smart-finance-hub/assets/Reports-C5wJxNUC.js.gz               10.35kb / gzip: 3.09kb
dist/C:/Users/felip/OneDrive/├ürea de Trabalho/smart-finance-hub/assets/purify.es--pntHxzD.js.gz             22.19kb / gzip: 8.40kb
dist/C:/Users/felip/OneDrive/├ürea de Trabalho/smart-finance-hub/assets/Reports-CI2pcjW_.js.gz               10.06kb / gzip: 2.93kb
dist/C:/Users/felip/OneDrive/├ürea de Trabalho/smart-finance-hub/assets/Reports-Cl4m8ZQB.js.gz               10.34kb / gzip: 3.08kb
dist/C:/Users/felip/OneDrive/├ürea de Trabalho/smart-finance-hub/assets/Reports-CyN5yNFN.js.gz               10.33kb / gzip: 3.08kb
dist/C:/Users/felip/OneDrive/├ürea de Trabalho/smart-finance-hub/assets/Reports-CjJcX_NU.js.gz               10.06kb / gzip: 2.93kb
dist/C:/Users/felip/OneDrive/├ürea de Trabalho/smart-finance-hub/assets/Reports-CVcVt0GA.js.gz               10.03kb / gzip: 2.91kb
dist/C:/Users/felip/OneDrive/├ürea de Trabalho/smart-finance-hub/assets/Reports-cJ9qAVJJ.js.gz               10.35kb / gzip: 3.09kb
dist/C:/Users/felip/OneDrive/├ürea de Trabalho/smart-finance-hub/assets/Reports-D-hJsJpQ.js.gz               10.48kb / gzip: 3.14kb
dist/C:/Users/felip/OneDrive/├ürea de Trabalho/smart-finance-hub/assets/Reports-D2mAqWFQ.js.gz               10.03kb / gzip: 2.92kb
dist/C:/Users/felip/OneDrive/├ürea de Trabalho/smart-finance-hub/assets/Reports-CzXhzNbB.js.gz               10.17kb / gzip: 2.99kb
dist/C:/Users/felip/OneDrive/├ürea de Trabalho/smart-finance-hub/assets/Reports-D7rdarNl.js.gz               10.17kb / gzip: 2.99kb
dist/C:/Users/felip/OneDrive/├ürea de Trabalho/smart-finance-hub/assets/Reports-DCHNBBGP.js.gz               10.55kb / gzip: 3.10kb
dist/C:/Users/felip/OneDrive/├ürea de Trabalho/smart-finance-hub/assets/Reports-DigwXHRj.js.gz               10.13kb / gzip: 2.98kb
dist/C:/Users/felip/OneDrive/├ürea de Trabalho/smart-finance-hub/assets/Reports-DH9eiNxZ.js.gz               10.03kb / gzip: 2.91kb
dist/C:/Users/felip/OneDrive/├ürea de Trabalho/smart-finance-hub/assets/Reports-DNCrDtrb.js.gz               10.06kb / gzip: 2.93kb
dist/C:/Users/felip/OneDrive/├ürea de Trabalho/smart-finance-hub/assets/Reports-DunZfzFt.js.gz               10.75kb / gzip: 3.11kb
dist/C:/Users/felip/OneDrive/├ürea de Trabalho/smart-finance-hub/assets/Reports-Dt_aWLd0.js.gz               10.06kb / gzip: 2.93kb
dist/C:/Users/felip/OneDrive/├ürea de Trabalho/smart-finance-hub/assets/Reports-DwkotlHa.js.gz               10.03kb / gzip: 2.92kb
dist/C:/Users/felip/OneDrive/├ürea de Trabalho/smart-finance-hub/assets/Reports-Drnl671I.js.gz               10.35kb / gzip: 3.09kb
dist/C:/Users/felip/OneDrive/├ürea de Trabalho/smart-finance-hub/assets/Reports-l1SUgKAl.js.gz               10.06kb / gzip: 2.92kb
dist/C:/Users/felip/OneDrive/├ürea de Trabalho/smart-finance-hub/assets/Reports-DXw3MXXK.js.gz               10.35kb / gzip: 3.09kb
dist/C:/Users/felip/OneDrive/├ürea de Trabalho/smart-finance-hub/assets/Reports-DZG-_z1A.js.gz               10.13kb / gzip: 2.97kb
dist/C:/Users/felip/OneDrive/├ürea de Trabalho/smart-finance-hub/assets/Reports-q0LEv-EO.js.gz               10.17kb / gzip: 2.98kb
dist/C:/Users/felip/OneDrive/├ürea de Trabalho/smart-finance-hub/assets/ScreenGuardProvider-BX253rJC.js.gz   1.95kb / gzip: 1.00kb
dist/C:/Users/felip/OneDrive/├ürea de Trabalho/smart-finance-hub/assets/ScreenGuardProvider-BYOVE-xb.js.gz   1.98kb / gzip: 1.01kb
dist/C:/Users/felip/OneDrive/├ürea de Trabalho/smart-finance-hub/assets/Reports-YMehgUZn.js.gz               10.06kb / gzip: 2.92kb
dist/C:/Users/felip/OneDrive/├ürea de Trabalho/smart-finance-hub/assets/ScreenGuardProvider-CO7fqOa-.js.gz   1.98kb / gzip: 1.01kb
dist/C:/Users/felip/OneDrive/├ürea de Trabalho/smart-finance-hub/assets/ScreenGuardProvider-v6b6lw5P.js.gz   1.95kb / gzip: 1.00kb
dist/C:/Users/felip/OneDrive/├ürea de Trabalho/smart-finance-hub/assets/ScreenGuardProvider-CuUid7kY.js.gz   1.98kb / gzip: 1.01kb
dist/C:/Users/felip/OneDrive/├ürea de Trabalho/smart-finance-hub/assets/ScreenGuardProvider-CSL85L9u.js.gz   1.94kb / gzip: 1.00kb
dist/C:/Users/felip/OneDrive/├ürea de Trabalho/smart-finance-hub/assets/Settings-awUuCV2P.js.gz              13.38kb / gzip: 3.76kb
dist/C:/Users/felip/OneDrive/├ürea de Trabalho/smart-finance-hub/assets/Settings-2oorFC-b.js.gz              13.40kb / gzip: 3.79kb
dist/C:/Users/felip/OneDrive/├ürea de Trabalho/smart-finance-hub/assets/Settings-B6nhMSwD.js.gz              14.10kb / gzip: 3.75kb
dist/C:/Users/felip/OneDrive/├ürea de Trabalho/smart-finance-hub/assets/Settings-BEEPnhgZ.js.gz              13.20kb / gzip: 3.73kb
dist/C:/Users/felip/OneDrive/├ürea de Trabalho/smart-finance-hub/assets/Settings-BDaP-1oA.js.gz              13.38kb / gzip: 3.78kb
dist/C:/Users/felip/OneDrive/├ürea de Trabalho/smart-finance-hub/assets/Settings-BDgw-rTZ.js.gz              13.38kb / gzip: 3.78kb
dist/C:/Users/felip/OneDrive/├ürea de Trabalho/smart-finance-hub/assets/Settings-BztSdMWh.js.gz              13.20kb / gzip: 3.73kb
dist/C:/Users/felip/OneDrive/├ürea de Trabalho/smart-finance-hub/assets/Settings-BOlgyXkT.js.gz              14.04kb / gzip: 3.73kb
dist/C:/Users/felip/OneDrive/├ürea de Trabalho/smart-finance-hub/assets/Settings-BD_UkySy.js.gz              14.07kb / gzip: 3.74kb
dist/C:/Users/felip/OneDrive/├ürea de Trabalho/smart-finance-hub/assets/Settings-C0AwJtZZ.js.gz              13.20kb / gzip: 3.73kb
dist/C:/Users/felip/OneDrive/├ürea de Trabalho/smart-finance-hub/assets/Settings-CfFVKWIB.js.gz              15.02kb / gzip: 4.49kb
dist/C:/Users/felip/OneDrive/├ürea de Trabalho/smart-finance-hub/assets/Settings-CEcbzzij.js.gz              13.27kb / gzip: 3.76kb
dist/C:/Users/felip/OneDrive/├ürea de Trabalho/smart-finance-hub/assets/Settings-BP3OXmO0.js.gz              13.40kb / gzip: 3.79kb
dist/C:/Users/felip/OneDrive/├ürea de Trabalho/smart-finance-hub/assets/Settings-CIb6iL3e.js.gz              14.01kb / gzip: 3.79kb
dist/C:/Users/felip/OneDrive/├ürea de Trabalho/smart-finance-hub/assets/Settings-CeNgpgBX.js.gz              14.11kb / gzip: 3.76kb
dist/C:/Users/felip/OneDrive/├ürea de Trabalho/smart-finance-hub/assets/Settings-CMqp1tgC.js.gz              13.38kb / gzip: 3.76kb
dist/C:/Users/felip/OneDrive/├ürea de Trabalho/smart-finance-hub/assets/Settings-CSV9eHCO.js.gz              13.39kb / gzip: 3.78kb
dist/C:/Users/felip/OneDrive/├ürea de Trabalho/smart-finance-hub/assets/Settings-CRuMc6s8.js.gz              13.38kb / gzip: 3.76kb
dist/C:/Users/felip/OneDrive/├ürea de Trabalho/smart-finance-hub/assets/Settings-CP5N_r8L.js.gz              13.40kb / gzip: 3.80kb
dist/C:/Users/felip/OneDrive/├ürea de Trabalho/smart-finance-hub/assets/Settings-C_QQEAG-.js.gz              13.39kb / gzip: 3.78kb
dist/C:/Users/felip/OneDrive/├ürea de Trabalho/smart-finance-hub/assets/Reports-DYE3s_cp.js.gz               10.48kb / gzip: 3.14kb
dist/C:/Users/felip/OneDrive/├ürea de Trabalho/smart-finance-hub/assets/Settings-BqXG4ewL.js.gz              13.38kb / gzip: 3.78kb
dist/C:/Users/felip/OneDrive/├ürea de Trabalho/smart-finance-hub/assets/Settings-D6BI-JQ5.js.gz              13.20kb / gzip: 3.73kb
dist/C:/Users/felip/OneDrive/├ürea de Trabalho/smart-finance-hub/assets/Settings-D8QmbM9u.js.gz              13.38kb / gzip: 3.77kb
dist/C:/Users/felip/OneDrive/├ürea de Trabalho/smart-finance-hub/assets/Settings-DDBnHCC-.js.gz              13.20kb / gzip: 3.73kb
dist/C:/Users/felip/OneDrive/├ürea de Trabalho/smart-finance-hub/assets/Settings-DmY2vY4I.js.gz              13.20kb / gzip: 3.73kb
dist/C:/Users/felip/OneDrive/├ürea de Trabalho/smart-finance-hub/assets/Settings-CZpJq2Ol.js.gz              13.40kb / gzip: 3.79kb
dist/C:/Users/felip/OneDrive/├ürea de Trabalho/smart-finance-hub/assets/Settings-D9-CBc6o.js.gz              13.40kb / gzip: 3.79kb
dist/C:/Users/felip/OneDrive/├ürea de Trabalho/smart-finance-hub/assets/Settings-DrFEe8vU.js.gz              13.39kb / gzip: 3.78kb
dist/C:/Users/felip/OneDrive/├ürea de Trabalho/smart-finance-hub/assets/Settings-DSWYbiug.js.gz              13.20kb / gzip: 3.73kb
dist/C:/Users/felip/OneDrive/├ürea de Trabalho/smart-finance-hub/assets/Settings-DwbFMux-.js.gz              13.74kb / gzip: 3.78kb
dist/C:/Users/felip/OneDrive/├ürea de Trabalho/smart-finance-hub/assets/Settings-DhENZGfw.js.gz              13.40kb / gzip: 3.79kb
dist/C:/Users/felip/OneDrive/├ürea de Trabalho/smart-finance-hub/assets/Settings-Dwbr-pDD.js.gz              15.02kb / gzip: 4.49kb
dist/C:/Users/felip/OneDrive/├ürea de Trabalho/smart-finance-hub/assets/Settings-DPxuKqQi.js.gz              14.11kb / gzip: 3.76kb
dist/C:/Users/felip/OneDrive/├ürea de Trabalho/smart-finance-hub/assets/Settings-DY2kMRKO.js.gz              13.20kb / gzip: 3.73kb
dist/C:/Users/felip/OneDrive/├ürea de Trabalho/smart-finance-hub/assets/Settings-HaGm20fj.js.gz              13.39kb / gzip: 3.79kb
dist/C:/Users/felip/OneDrive/├ürea de Trabalho/smart-finance-hub/assets/Settings-DeZjZu6S.js.gz              13.27kb / gzip: 3.76kb
dist/C:/Users/felip/OneDrive/├ürea de Trabalho/smart-finance-hub/assets/Settings-h0_NjAqz.js.gz              13.39kb / gzip: 3.77kb
dist/C:/Users/felip/OneDrive/├ürea de Trabalho/smart-finance-hub/assets/Settings-T6s2xedy.js.gz              13.40kb / gzip: 3.80kb
dist/C:/Users/felip/OneDrive/├ürea de Trabalho/smart-finance-hub/assets/Settings-HLIUqh4U.js.gz              13.39kb / gzip: 3.78kb
dist/C:/Users/felip/OneDrive/├ürea de Trabalho/smart-finance-hub/assets/Settings-t5Y4f_Ve.js.gz              13.35kb / gzip: 3.77kb
dist/C:/Users/felip/OneDrive/├ürea de Trabalho/smart-finance-hub/assets/Settings-D78jANap.js.gz              13.20kb / gzip: 3.73kb
dist/C:/Users/felip/OneDrive/├ürea de Trabalho/smart-finance-hub/assets/SignUp-BfjDc28E.js.gz                6.91kb / gzip: 2.25kb
dist/C:/Users/felip/OneDrive/├ürea de Trabalho/smart-finance-hub/assets/Settings-u5xIDouP.js.gz              13.38kb / gzip: 3.78kb
dist/C:/Users/felip/OneDrive/├ürea de Trabalho/smart-finance-hub/assets/SignUp-6S-5jHph.js.gz                6.96kb / gzip: 2.28kb
dist/C:/Users/felip/OneDrive/├ürea de Trabalho/smart-finance-hub/assets/SignUp-BHGo1jPC.js.gz                6.91kb / gzip: 2.25kb
dist/C:/Users/felip/OneDrive/├ürea de Trabalho/smart-finance-hub/assets/SignUp-D2ABy94V.js.gz                7.83kb / gzip: 2.46kb
dist/C:/Users/felip/OneDrive/├ürea de Trabalho/smart-finance-hub/assets/SignUp-CeVlvY4m.js.gz                6.91kb / gzip: 2.25kb
dist/C:/Users/felip/OneDrive/├ürea de Trabalho/smart-finance-hub/assets/SignUp-CFYoOTX6.js.gz                6.91kb / gzip: 2.25kb
dist/C:/Users/felip/OneDrive/├ürea de Trabalho/smart-finance-hub/assets/SignUp-CKoDOe86.js.gz                7.00kb / gzip: 2.30kb
dist/C:/Users/felip/OneDrive/├ürea de Trabalho/smart-finance-hub/assets/SignUp-Cl_bR_7i.js.gz                6.91kb / gzip: 2.25kb
dist/C:/Users/felip/OneDrive/├ürea de Trabalho/smart-finance-hub/assets/SignUp-CRJ0SFK5.js.gz                11.01kb / gzip: 3.19kb
dist/C:/Users/felip/OneDrive/├ürea de Trabalho/smart-finance-hub/assets/SignUp-DuaMY7dc.js.gz                7.83kb / gzip: 2.46kb
dist/C:/Users/felip/OneDrive/├ürea de Trabalho/smart-finance-hub/assets/SignUp-D2Vj6D0r.js.gz                6.91kb / gzip: 2.25kb
dist/C:/Users/felip/OneDrive/├ürea de Trabalho/smart-finance-hub/assets/SignUp-Dk4_uZ0b.js.gz                6.91kb / gzip: 2.25kb
dist/C:/Users/felip/OneDrive/├ürea de Trabalho/smart-finance-hub/assets/SignUp-Ctuxvc68.js.gz                6.91kb / gzip: 2.25kb
dist/C:/Users/felip/OneDrive/├ürea de Trabalho/smart-finance-hub/assets/SignUp-DQKW93QK.js.gz                6.91kb / gzip: 2.25kb
dist/C:/Users/felip/OneDrive/├ürea de Trabalho/smart-finance-hub/assets/SignUp-DyHryQBv.js.gz                6.91kb / gzip: 2.25kb
dist/C:/Users/felip/OneDrive/├ürea de Trabalho/smart-finance-hub/assets/SignUp-DWGcggsd.js.gz                11.07kb / gzip: 3.22kb
dist/C:/Users/felip/OneDrive/├ürea de Trabalho/smart-finance-hub/assets/SignUp-D_9W9gFS.js.gz                6.96kb / gzip: 2.28kb
dist/C:/Users/felip/OneDrive/├ürea de Trabalho/smart-finance-hub/assets/SignUp-IR0jREsw.js.gz                6.91kb / gzip: 2.25kb
dist/C:/Users/felip/OneDrive/├ürea de Trabalho/smart-finance-hub/assets/SignUp-KnY8Tzbj.js.gz                11.07kb / gzip: 3.22kb
dist/C:/Users/felip/OneDrive/├ürea de Trabalho/smart-finance-hub/assets/SignUp-ExKQ-Frg.js.gz                11.01kb / gzip: 3.19kb
dist/C:/Users/felip/OneDrive/├ürea de Trabalho/smart-finance-hub/assets/SignUp-XlEsM9Xh.js.gz                6.95kb / gzip: 2.27kb
dist/C:/Users/felip/OneDrive/├ürea de Trabalho/smart-finance-hub/assets/Transactions-B0t4LEo2.js.gz          24.81kb / gzip: 7.13kb
dist/C:/Users/felip/OneDrive/├ürea de Trabalho/smart-finance-hub/assets/Transactions-7kCWEKKi.js.gz          25.14kb / gzip: 7.22kb
dist/C:/Users/felip/OneDrive/├ürea de Trabalho/smart-finance-hub/assets/Transactions-B4QSqyP-.js.gz          28.53kb / gzip: 8.13kb
dist/C:/Users/felip/OneDrive/├ürea de Trabalho/smart-finance-hub/assets/Transactions-BFvl4kDS.js.gz          28.45kb / gzip: 8.11kb
dist/C:/Users/felip/OneDrive/├ürea de Trabalho/smart-finance-hub/assets/Transactions-BaPaMuDN.js.gz          28.16kb / gzip: 8.02kb
dist/C:/Users/felip/OneDrive/├ürea de Trabalho/smart-finance-hub/assets/Transactions-B5Hb2fyR.js.gz          24.81kb / gzip: 7.13kb
dist/C:/Users/felip/OneDrive/├ürea de Trabalho/smart-finance-hub/assets/Transactions-BHvivOjm.js.gz          28.45kb / gzip: 8.11kb
dist/C:/Users/felip/OneDrive/├ürea de Trabalho/smart-finance-hub/assets/Transactions-BHOMi9i0.js.gz          28.53kb / gzip: 8.13kb
dist/C:/Users/felip/OneDrive/├ürea de Trabalho/smart-finance-hub/assets/Transactions-BWdAo7kX.js.gz          28.60kb / gzip: 8.15kb
dist/C:/Users/felip/OneDrive/├ürea de Trabalho/smart-finance-hub/assets/Transactions-C5trnqcW.js.gz          28.35kb / gzip: 8.08kb
dist/C:/Users/felip/OneDrive/├ürea de Trabalho/smart-finance-hub/assets/Transactions-B_qdNVJv.js.gz          24.81kb / gzip: 7.13kb
dist/C:/Users/felip/OneDrive/├ürea de Trabalho/smart-finance-hub/assets/Transactions-CFtmBdtc.js.gz          25.14kb / gzip: 7.22kb
dist/C:/Users/felip/OneDrive/├ürea de Trabalho/smart-finance-hub/assets/Transactions-BhXZ0Hvj.js.gz          28.16kb / gzip: 8.02kb
dist/C:/Users/felip/OneDrive/├ürea de Trabalho/smart-finance-hub/assets/Transactions-BPUVjeRp.js.gz          24.69kb / gzip: 7.07kb
dist/C:/Users/felip/OneDrive/├ürea de Trabalho/smart-finance-hub/assets/Transactions-C1wRxgR6.js.gz          28.16kb / gzip: 8.03kb
dist/C:/Users/felip/OneDrive/├ürea de Trabalho/smart-finance-hub/assets/Transactions-C8Ht-1yn.js.gz          24.69kb / gzip: 7.07kb
dist/C:/Users/felip/OneDrive/├ürea de Trabalho/smart-finance-hub/assets/Transactions-CO3PKzre.js.gz          28.45kb / gzip: 8.11kb
dist/C:/Users/felip/OneDrive/├ürea de Trabalho/smart-finance-hub/assets/Transactions-CpOWNVh-.js.gz          28.45kb / gzip: 8.11kb
dist/C:/Users/felip/OneDrive/├ürea de Trabalho/smart-finance-hub/assets/Transactions-CChBXjS8.js.gz          24.86kb / gzip: 7.13kb
dist/C:/Users/felip/OneDrive/├ürea de Trabalho/smart-finance-hub/assets/Transactions-CkQQOG1e.js.gz          19.08kb / gzip: 5.69kb
dist/C:/Users/felip/OneDrive/├ürea de Trabalho/smart-finance-hub/assets/Transactions-CqPbfpth.js.gz          28.43kb / gzip: 8.10kb
dist/C:/Users/felip/OneDrive/├ürea de Trabalho/smart-finance-hub/assets/Transactions-ClhVEogA.js.gz          24.66kb / gzip: 7.06kb
dist/C:/Users/felip/OneDrive/├ürea de Trabalho/smart-finance-hub/assets/Transactions-CQIrV2Q0.js.gz          18.75kb / gzip: 5.62kb
dist/C:/Users/felip/OneDrive/├ürea de Trabalho/smart-finance-hub/assets/Transactions-CY97A9BF.js.gz          28.16kb / gzip: 8.02kb
dist/C:/Users/felip/OneDrive/├ürea de Trabalho/smart-finance-hub/assets/Transactions-CvAsAl9Y.js.gz          28.60kb / gzip: 8.15kb
dist/C:/Users/felip/OneDrive/├ürea de Trabalho/smart-finance-hub/assets/Transactions-DAmb2ZzZ.js.gz          24.81kb / gzip: 7.13kb
dist/C:/Users/felip/OneDrive/├ürea de Trabalho/smart-finance-hub/assets/Transactions-D00ygjt8.js.gz          26.08kb / gzip: 7.63kb
dist/C:/Users/felip/OneDrive/├ürea de Trabalho/smart-finance-hub/assets/Transactions-DIuzmF4R.js.gz          24.69kb / gzip: 7.07kb
dist/C:/Users/felip/OneDrive/├ürea de Trabalho/smart-finance-hub/assets/Transactions-DLXNDKQr.js.gz          28.50kb / gzip: 8.12kb
dist/C:/Users/felip/OneDrive/├ürea de Trabalho/smart-finance-hub/assets/Transactions-DW8ivrA3.js.gz          18.79kb / gzip: 5.63kb
dist/C:/Users/felip/OneDrive/├ürea de Trabalho/smart-finance-hub/assets/Transactions-DxkPs7nz.js.gz          28.90kb / gzip: 8.12kb
dist/C:/Users/felip/OneDrive/├ürea de Trabalho/smart-finance-hub/assets/Transactions-DmG1V8fi.js.gz          24.78kb / gzip: 7.11kb
dist/C:/Users/felip/OneDrive/├ürea de Trabalho/smart-finance-hub/assets/Transactions-GnxvZCVd.js.gz          28.48kb / gzip: 8.11kb
dist/C:/Users/felip/OneDrive/├ürea de Trabalho/smart-finance-hub/assets/Transactions-iyjIiQgB.js.gz          26.08kb / gzip: 7.63kb
dist/C:/Users/felip/OneDrive/├ürea de Trabalho/smart-finance-hub/assets/Transactions-HalNp2Jw.js.gz          18.79kb / gzip: 5.63kb
dist/C:/Users/felip/OneDrive/├ürea de Trabalho/smart-finance-hub/assets/Transactions-f65nfwG_.js.gz          24.81kb / gzip: 7.13kb
dist/C:/Users/felip/OneDrive/├ürea de Trabalho/smart-finance-hub/assets/Transactions-qIWST4B_.js.gz          28.16kb / gzip: 8.02kb
dist/C:/Users/felip/OneDrive/├ürea de Trabalho/smart-finance-hub/assets/Upgrade-B9UrWBKH.js.gz               6.63kb / gzip: 2.22kb
dist/C:/Users/felip/OneDrive/├ürea de Trabalho/smart-finance-hub/assets/Transactions-HUzv8mo_.js.gz          24.78kb / gzip: 7.11kb
dist/C:/Users/felip/OneDrive/├ürea de Trabalho/smart-finance-hub/assets/Upgrade-BBT2k7by.js.gz               6.61kb / gzip: 2.20kb
dist/C:/Users/felip/OneDrive/├ürea de Trabalho/smart-finance-hub/assets/Transactions-tJAVtNFJ.js.gz          25.14kb / gzip: 7.22kb
dist/C:/Users/felip/OneDrive/├ürea de Trabalho/smart-finance-hub/assets/Upgrade--XrNx2-_.js.gz               6.48kb / gzip: 2.14kb
dist/C:/Users/felip/OneDrive/├ürea de Trabalho/smart-finance-hub/assets/Transactions-pkgURTe2.js.gz          19.12kb / gzip: 5.65kb
dist/C:/Users/felip/OneDrive/├ürea de Trabalho/smart-finance-hub/assets/Upgrade-BdKByxIt.js.gz               6.54kb / gzip: 2.18kb
dist/C:/Users/felip/OneDrive/├ürea de Trabalho/smart-finance-hub/assets/Upgrade-B8bUwGdu.js.gz               6.45kb / gzip: 2.13kb
dist/C:/Users/felip/OneDrive/├ürea de Trabalho/smart-finance-hub/assets/Upgrade-Bhv96EFj.js.gz               6.63kb / gzip: 2.22kb
dist/C:/Users/felip/OneDrive/├ürea de Trabalho/smart-finance-hub/assets/Upgrade-BoJi7Sqy.js.gz               6.54kb / gzip: 2.17kb
dist/C:/Users/felip/OneDrive/├ürea de Trabalho/smart-finance-hub/assets/Upgrade-Bbd_BERl.js.gz               6.44kb / gzip: 2.12kb
dist/C:/Users/felip/OneDrive/├ürea de Trabalho/smart-finance-hub/assets/Upgrade-Bro1M_Uz.js.gz               6.54kb / gzip: 2.17kb
dist/C:/Users/felip/OneDrive/├ürea de Trabalho/smart-finance-hub/assets/Upgrade-Bm9KNpqB.js.gz               6.41kb / gzip: 2.11kb
dist/C:/Users/felip/OneDrive/├ürea de Trabalho/smart-finance-hub/assets/Upgrade-BdW1rmJ_.js.gz               6.45kb / gzip: 2.13kb
dist/C:/Users/felip/OneDrive/├ürea de Trabalho/smart-finance-hub/assets/Upgrade-BoZmlRpp.js.gz               6.61kb / gzip: 2.20kb
dist/C:/Users/felip/OneDrive/├ürea de Trabalho/smart-finance-hub/assets/Upgrade-C-ta79Hw.js.gz               1.57kb / gzip: 0.81kb
dist/C:/Users/felip/OneDrive/├ürea de Trabalho/smart-finance-hub/assets/Upgrade-C5AvMvMP.js.gz               6.45kb / gzip: 2.13kb
dist/C:/Users/felip/OneDrive/├ürea de Trabalho/smart-finance-hub/assets/Upgrade-BUGJ8mIN.js.gz               6.44kb / gzip: 2.12kb
dist/C:/Users/felip/OneDrive/├ürea de Trabalho/smart-finance-hub/assets/Upgrade-C9mN9DSo.js.gz               6.44kb / gzip: 2.12kb
dist/C:/Users/felip/OneDrive/├ürea de Trabalho/smart-finance-hub/assets/Upgrade-CDxR_U0k.js.gz               6.54kb / gzip: 2.18kb
dist/C:/Users/felip/OneDrive/├ürea de Trabalho/smart-finance-hub/assets/Upgrade-CFgbj78a.js.gz               6.48kb / gzip: 2.14kb
dist/C:/Users/felip/OneDrive/├ürea de Trabalho/smart-finance-hub/assets/Upgrade-CNmPFkpN.js.gz               6.54kb / gzip: 2.17kb
dist/C:/Users/felip/OneDrive/├ürea de Trabalho/smart-finance-hub/assets/Upgrade-CNTICuYt.js.gz               6.63kb / gzip: 2.22kb
dist/C:/Users/felip/OneDrive/├ürea de Trabalho/smart-finance-hub/assets/Upgrade-cjkagXZ9.js.gz               6.43kb / gzip: 2.12kb
dist/C:/Users/felip/OneDrive/├ürea de Trabalho/smart-finance-hub/assets/Upgrade-CsaEmsml.js.gz               6.54kb / gzip: 2.18kb
dist/C:/Users/felip/OneDrive/├ürea de Trabalho/smart-finance-hub/assets/Upgrade-CXvWqlT7.js.gz               6.54kb / gzip: 2.17kb
dist/C:/Users/felip/OneDrive/├ürea de Trabalho/smart-finance-hub/assets/Upgrade-CvVBpkWv.js.gz               1.53kb / gzip: 0.79kb
dist/C:/Users/felip/OneDrive/├ürea de Trabalho/smart-finance-hub/assets/Upgrade-CXZKUymT.js.gz               6.80kb / gzip: 2.23kb
dist/C:/Users/felip/OneDrive/├ürea de Trabalho/smart-finance-hub/assets/Upgrade-CvhTRM-T.js.gz               6.44kb / gzip: 2.12kb
dist/C:/Users/felip/OneDrive/├ürea de Trabalho/smart-finance-hub/assets/Upgrade-DcmvdXgH.js.gz               1.50kb / gzip: 0.77kb
dist/C:/Users/felip/OneDrive/├ürea de Trabalho/smart-finance-hub/assets/Upgrade-CTHV_fBG.js.gz               6.45kb / gzip: 2.13kb
dist/C:/Users/felip/OneDrive/├ürea de Trabalho/smart-finance-hub/assets/Upgrade-DBQs0Byw.js.gz               6.45kb / gzip: 2.13kb
dist/C:/Users/felip/OneDrive/├ürea de Trabalho/smart-finance-hub/assets/Upgrade-DEHXwQFN.js.gz               6.54kb / gzip: 2.17kb
dist/C:/Users/felip/OneDrive/├ürea de Trabalho/smart-finance-hub/assets/Upgrade-DNwBqHhq.js.gz               1.54kb / gzip: 0.79kb
dist/C:/Users/felip/OneDrive/├ürea de Trabalho/smart-finance-hub/assets/Upgrade-DHBLsnu_.js.gz               1.57kb / gzip: 0.81kb
dist/C:/Users/felip/OneDrive/├ürea de Trabalho/smart-finance-hub/assets/Upgrade-DDWrSHBW.js.gz               6.72kb / gzip: 2.23kb
dist/C:/Users/felip/OneDrive/├ürea de Trabalho/smart-finance-hub/assets/Upgrade-DvrdG2fu.js.gz               6.63kb / gzip: 2.22kb
dist/C:/Users/felip/OneDrive/├ürea de Trabalho/smart-finance-hub/assets/Upgrade-ePC5oUDU.js.gz               6.61kb / gzip: 2.21kb
dist/C:/Users/felip/OneDrive/├ürea de Trabalho/smart-finance-hub/assets/Upgrade-DA3V1rII.js.gz               1.54kb / gzip: 0.79kb
dist/C:/Users/felip/OneDrive/├ürea de Trabalho/smart-finance-hub/assets/Upgrade-DxvbXePQ.js.gz               6.54kb / gzip: 2.18kb
dist/C:/Users/felip/OneDrive/├ürea de Trabalho/smart-finance-hub/assets/Upgrade-DwV6O-qz.js.gz               6.45kb / gzip: 2.13kb
dist/C:/Users/felip/OneDrive/├ürea de Trabalho/smart-finance-hub/assets/Upgrade-K8-N7wsz.js.gz               6.54kb / gzip: 2.18kb
dist/C:/Users/felip/OneDrive/├ürea de Trabalho/smart-finance-hub/assets/Upgrade-NxkVOHjP.js.gz               6.54kb / gzip: 2.18kb
dist/C:/Users/felip/OneDrive/├ürea de Trabalho/smart-finance-hub/assets/Upgrade-V_fykCFo.js.gz               6.54kb / gzip: 2.18kb
dist/C:/Users/felip/OneDrive/├ürea de Trabalho/smart-finance-hub/assets/usePlan-C1Ce-8iO.js.gz               2.00kb / gzip: 0.93kb
dist/C:/Users/felip/OneDrive/├ürea de Trabalho/smart-finance-hub/assets/usePlan-DKCpzgjV.js.gz               2.00kb / gzip: 0.93kb
dist/C:/Users/felip/OneDrive/├ürea de Trabalho/smart-finance-hub/assets/usePluggy-B6SdAxN6.js.gz             3.84kb / gzip: 1.44kb
dist/C:/Users/felip/OneDrive/├ürea de Trabalho/smart-finance-hub/assets/Upgrade-UPV_hDgP.js.gz               6.45kb / gzip: 2.13kb
dist/C:/Users/felip/OneDrive/├ürea de Trabalho/smart-finance-hub/assets/usePluggy-B6CEIl8O.js.gz             3.84kb / gzip: 1.44kb
dist/C:/Users/felip/OneDrive/├ürea de Trabalho/smart-finance-hub/assets/usePluggy-BCdswF5y.js.gz             3.84kb / gzip: 1.44kb
dist/C:/Users/felip/OneDrive/├ürea de Trabalho/smart-finance-hub/assets/usePluggy-BgikMWuF.js.gz             3.84kb / gzip: 1.44kb
dist/C:/Users/felip/OneDrive/├ürea de Trabalho/smart-finance-hub/assets/usePluggy-BfhpiqtZ.js.gz             3.84kb / gzip: 1.43kb
dist/C:/Users/felip/OneDrive/├ürea de Trabalho/smart-finance-hub/assets/usePluggy-BOpjuEWH.js.gz             3.84kb / gzip: 1.44kb
dist/C:/Users/felip/OneDrive/├ürea de Trabalho/smart-finance-hub/assets/usePluggy-08l8l7Bx.js.gz             3.84kb / gzip: 1.43kb
dist/C:/Users/felip/OneDrive/├ürea de Trabalho/smart-finance-hub/assets/usePluggy-C1qWam2t.js.gz             3.84kb / gzip: 1.44kb
dist/C:/Users/felip/OneDrive/├ürea de Trabalho/smart-finance-hub/assets/usePluggy-Cf3AVJ_T.js.gz             3.84kb / gzip: 1.44kb
dist/C:/Users/felip/OneDrive/├ürea de Trabalho/smart-finance-hub/assets/usePluggy-Bq1SWxhP.js.gz             3.84kb / gzip: 1.44kb
dist/C:/Users/felip/OneDrive/├ürea de Trabalho/smart-finance-hub/assets/usePluggy-Chy2swKh.js.gz             3.84kb / gzip: 1.44kb
dist/C:/Users/felip/OneDrive/├ürea de Trabalho/smart-finance-hub/assets/usePluggy-Bx8DBeHI.js.gz             3.84kb / gzip: 1.43kb
dist/C:/Users/felip/OneDrive/├ürea de Trabalho/smart-finance-hub/assets/usePluggy-C5c7KGBi.js.gz             3.84kb / gzip: 1.44kb
dist/C:/Users/felip/OneDrive/├ürea de Trabalho/smart-finance-hub/assets/usePluggy-CL_kQsKd.js.gz             3.84kb / gzip: 1.44kb
dist/C:/Users/felip/OneDrive/├ürea de Trabalho/smart-finance-hub/assets/usePluggy-CgZrR8Sn.js.gz             3.84kb / gzip: 1.43kb
dist/C:/Users/felip/OneDrive/├ürea de Trabalho/smart-finance-hub/assets/usePluggy-Ct2Qqs-h.js.gz             3.84kb / gzip: 1.44kb
dist/C:/Users/felip/OneDrive/├ürea de Trabalho/smart-finance-hub/assets/usePluggy-CIc0idTP.js.gz             3.84kb / gzip: 1.43kb
dist/C:/Users/felip/OneDrive/├ürea de Trabalho/smart-finance-hub/assets/usePluggy-D8oleCvz.js.gz             3.84kb / gzip: 1.44kb
dist/C:/Users/felip/OneDrive/├ürea de Trabalho/smart-finance-hub/assets/usePluggy-CxT7EF7_.js.gz             3.84kb / gzip: 1.44kb
dist/C:/Users/felip/OneDrive/├ürea de Trabalho/smart-finance-hub/assets/usePluggy-DB_oOPtm.js.gz             3.84kb / gzip: 1.44kb
dist/C:/Users/felip/OneDrive/├ürea de Trabalho/smart-finance-hub/assets/usePluggy-DAHVKYov.js.gz             3.84kb / gzip: 1.44kb
dist/C:/Users/felip/OneDrive/├ürea de Trabalho/smart-finance-hub/assets/usePluggy-DmGBWFVS.js.gz             3.84kb / gzip: 1.43kb
dist/C:/Users/felip/OneDrive/├ürea de Trabalho/smart-finance-hub/assets/usePluggy-DKTB520z.js.gz             3.84kb / gzip: 1.43kb
dist/C:/Users/felip/OneDrive/├ürea de Trabalho/smart-finance-hub/assets/usePluggy-CVGx3GlW.js.gz             3.84kb / gzip: 1.44kb
dist/C:/Users/felip/OneDrive/├ürea de Trabalho/smart-finance-hub/assets/usePluggy-DNqN2cNL.js.gz             3.84kb / gzip: 1.44kb
dist/C:/Users/felip/OneDrive/├ürea de Trabalho/smart-finance-hub/assets/usePluggy-DYV5OvEH.js.gz             3.84kb / gzip: 1.44kb
dist/C:/Users/felip/OneDrive/├ürea de Trabalho/smart-finance-hub/assets/usePluggy-DzZiUybM.js.gz             3.84kb / gzip: 1.44kb
dist/C:/Users/felip/OneDrive/├ürea de Trabalho/smart-finance-hub/assets/usePluggy-DQrgzoXr.js.gz             3.84kb / gzip: 1.44kb
dist/C:/Users/felip/OneDrive/├ürea de Trabalho/smart-finance-hub/assets/usePluggy-DXAnH3JI.js.gz             3.84kb / gzip: 1.44kb
dist/C:/Users/felip/OneDrive/├ürea de Trabalho/smart-finance-hub/assets/usePluggy-gqWUkPp-.js.gz             3.84kb / gzip: 1.44kb
dist/C:/Users/felip/OneDrive/├ürea de Trabalho/smart-finance-hub/assets/usePluggy-DzQkqjHT.js.gz             3.84kb / gzip: 1.44kb
dist/C:/Users/felip/OneDrive/├ürea de Trabalho/smart-finance-hub/assets/usePluggy-Bmb51vQd.js.gz             3.84kb / gzip: 1.44kb
dist/C:/Users/felip/OneDrive/├ürea de Trabalho/smart-finance-hub/assets/usePluggy-HWkqLYyP.js.gz             3.84kb / gzip: 1.44kb
dist/C:/Users/felip/OneDrive/├ürea de Trabalho/smart-finance-hub/assets/usePluggy-IcckvTw-.js.gz             3.84kb / gzip: 1.44kb
dist/C:/Users/felip/OneDrive/├ürea de Trabalho/smart-finance-hub/assets/usePluggy-DzLWqmi6.js.gz             3.84kb / gzip: 1.43kb
dist/C:/Users/felip/OneDrive/├ürea de Trabalho/smart-finance-hub/assets/usePluggy-urD8O44X.js.gz             3.84kb / gzip: 1.43kb
dist/C:/Users/felip/OneDrive/├ürea de Trabalho/smart-finance-hub/assets/usePluggy-lAgQL2iR.js.gz             3.84kb / gzip: 1.43kb
dist/C:/Users/felip/OneDrive/├ürea de Trabalho/smart-finance-hub/assets/usePluggy-W_lllAwd.js.gz             3.84kb / gzip: 1.44kb
dist/C:/Users/felip/OneDrive/├ürea de Trabalho/smart-finance-hub/assets/useSubscription-4Gagdfhd.js.gz       1.19kb / gzip: 0.71kb
dist/C:/Users/felip/OneDrive/├ürea de Trabalho/smart-finance-hub/assets/useSubscription-CUkyZ7tj.js.gz       1.19kb / gzip: 0.71kb
dist/C:/Users/felip/OneDrive/├ürea de Trabalho/smart-finance-hub/assets/usePluggy-obPQNKyC.js.gz             3.84kb / gzip: 1.43kb
dist/C:/Users/felip/OneDrive/├ürea de Trabalho/smart-finance-hub/assets/usePluggy-SOhqB_2s.js.gz             3.84kb / gzip: 1.43kb
dist/C:/Users/felip/OneDrive/├ürea de Trabalho/smart-finance-hub/assets/usePluggy-x1ZAHK23.js.gz             3.84kb / gzip: 1.44kb
dist/C:/Users/felip/OneDrive/├ürea de Trabalho/smart-finance-hub/assets/useTransactions-1m7rKX-R.js.gz       4.74kb / gzip: 1.80kb
dist/C:/Users/felip/OneDrive/├ürea de Trabalho/smart-finance-hub/assets/useTransactions-8T4wzmzi.js.gz       3.33kb / gzip: 1.24kb
dist/C:/Users/felip/OneDrive/├ürea de Trabalho/smart-finance-hub/assets/usePluggy-uECl1mzL.js.gz             3.84kb / gzip: 1.43kb
dist/C:/Users/felip/OneDrive/├ürea de Trabalho/smart-finance-hub/assets/useTransactions-2QvlOhaI.js.gz       4.85kb / gzip: 1.85kb
dist/C:/Users/felip/OneDrive/├ürea de Trabalho/smart-finance-hub/assets/useTransactions-BCHajsCi.js.gz       3.33kb / gzip: 1.24kb
dist/C:/Users/felip/OneDrive/├ürea de Trabalho/smart-finance-hub/assets/useTransactions-9hpz1sWa.js.gz       3.36kb / gzip: 1.25kb
dist/C:/Users/felip/OneDrive/├ürea de Trabalho/smart-finance-hub/assets/useTransactions-8C1pMunp.js.gz       4.85kb / gzip: 1.85kb
dist/C:/Users/felip/OneDrive/├ürea de Trabalho/smart-finance-hub/assets/useTransactions-B-VAgRvn.js.gz       4.85kb / gzip: 1.85kb
dist/C:/Users/felip/OneDrive/├ürea de Trabalho/smart-finance-hub/assets/useTransactions-BGFirsIC.js.gz       3.36kb / gzip: 1.25kb
dist/C:/Users/felip/OneDrive/├ürea de Trabalho/smart-finance-hub/assets/useTransactions-BLbTwO5q.js.gz       3.33kb / gzip: 1.24kb
dist/C:/Users/felip/OneDrive/├ürea de Trabalho/smart-finance-hub/assets/useTransactions-bbPsiK1I.js.gz       4.74kb / gzip: 1.80kb
dist/C:/Users/felip/OneDrive/├ürea de Trabalho/smart-finance-hub/assets/Transactions-BJK77xO3.js.gz          24.69kb / gzip: 7.07kb
dist/C:/Users/felip/OneDrive/├ürea de Trabalho/smart-finance-hub/assets/useTransactions-BF83VGoP.js.gz       4.85kb / gzip: 1.85kb
dist/C:/Users/felip/OneDrive/├ürea de Trabalho/smart-finance-hub/assets/useTransactions-BndPiHR7.js.gz       3.33kb / gzip: 1.24kb
dist/C:/Users/felip/OneDrive/├ürea de Trabalho/smart-finance-hub/assets/useTransactions-BEFvrt9d.js.gz       6.94kb / gzip: 2.47kb
dist/C:/Users/felip/OneDrive/├ürea de Trabalho/smart-finance-hub/assets/useTransactions-Bpx59Fb4.js.gz       3.36kb / gzip: 1.25kb
dist/C:/Users/felip/OneDrive/├ürea de Trabalho/smart-finance-hub/assets/useTransactions-Bs_sqe62.js.gz       3.36kb / gzip: 1.25kb
dist/C:/Users/felip/OneDrive/├ürea de Trabalho/smart-finance-hub/assets/useTransactions-BQ3tF6W0.js.gz       4.86kb / gzip: 1.80kb
dist/C:/Users/felip/OneDrive/├ürea de Trabalho/smart-finance-hub/assets/useTransactions-CC0DyzCy.js.gz       3.36kb / gzip: 1.25kb
dist/C:/Users/felip/OneDrive/├ürea de Trabalho/smart-finance-hub/assets/useTransactions-BRtjRYNz.js.gz       3.36kb / gzip: 1.25kb
dist/C:/Users/felip/OneDrive/├ürea de Trabalho/smart-finance-hub/assets/useTransactions-Cc0leyG1.js.gz       4.86kb / gzip: 1.80kb
dist/C:/Users/felip/OneDrive/├ürea de Trabalho/smart-finance-hub/assets/useTransactions-CcDk63lK.js.gz       3.36kb / gzip: 1.25kb
dist/C:/Users/felip/OneDrive/├ürea de Trabalho/smart-finance-hub/assets/useTransactions-CLNOsy1S.js.gz       3.33kb / gzip: 1.24kb
dist/C:/Users/felip/OneDrive/├ürea de Trabalho/smart-finance-hub/assets/useTransactions-Cf6HrSs9.js.gz       6.92kb / gzip: 2.46kb
dist/C:/Users/felip/OneDrive/├ürea de Trabalho/smart-finance-hub/assets/useTransactions-CMMy1t1f.js.gz       4.85kb / gzip: 1.85kb
dist/C:/Users/felip/OneDrive/├ürea de Trabalho/smart-finance-hub/assets/useTransactions-CYZXUZNo.js.gz       3.33kb / gzip: 1.24kb
dist/C:/Users/felip/OneDrive/├ürea de Trabalho/smart-finance-hub/assets/useTransactions-CZZFJKGx.js.gz       3.33kb / gzip: 1.24kb
dist/C:/Users/felip/OneDrive/├ürea de Trabalho/smart-finance-hub/assets/useTransactions-CNiq37jX.js.gz       4.74kb / gzip: 1.80kb
dist/C:/Users/felip/OneDrive/├ürea de Trabalho/smart-finance-hub/assets/useTransactions-CIx0B4U4.js.gz       4.85kb / gzip: 1.85kb
dist/C:/Users/felip/OneDrive/├ürea de Trabalho/smart-finance-hub/assets/useTransactions-Coa6wy59.js.gz       4.74kb / gzip: 1.80kb
dist/C:/Users/felip/OneDrive/├ürea de Trabalho/smart-finance-hub/assets/useTransactions-DH1igWKU.js.gz       3.36kb / gzip: 1.25kb
dist/C:/Users/felip/OneDrive/├ürea de Trabalho/smart-finance-hub/assets/useTransactions-DAKcsWQI.js.gz       4.86kb / gzip: 1.80kb
dist/C:/Users/felip/OneDrive/├ürea de Trabalho/smart-finance-hub/assets/useTransactions-CzgLj0UF.js.gz       4.85kb / gzip: 1.85kb
dist/C:/Users/felip/OneDrive/├ürea de Trabalho/smart-finance-hub/assets/useTransactions-DMFj3cuI.js.gz       3.36kb / gzip: 1.25kb
dist/C:/Users/felip/OneDrive/├ürea de Trabalho/smart-finance-hub/assets/useTransactions-DJppkn9g.js.gz       4.85kb / gzip: 1.85kb
dist/C:/Users/felip/OneDrive/├ürea de Trabalho/smart-finance-hub/assets/useTransactions-DSnorDac.js.gz       4.85kb / gzip: 1.85kb
dist/C:/Users/felip/OneDrive/├ürea de Trabalho/smart-finance-hub/assets/useTransactions-D1FsGXtt.js.gz       6.94kb / gzip: 2.47kb
dist/C:/Users/felip/OneDrive/├ürea de Trabalho/smart-finance-hub/assets/useTransactions-g7yPoymM.js.gz       3.36kb / gzip: 1.25kb
dist/C:/Users/felip/OneDrive/├ürea de Trabalho/smart-finance-hub/assets/useTransactions-DgoC8mJI.js.gz       6.92kb / gzip: 2.46kb
dist/C:/Users/felip/OneDrive/├ürea de Trabalho/smart-finance-hub/assets/useTransactions-DrwvUG3j.js.gz       3.33kb / gzip: 1.24kb
dist/C:/Users/felip/OneDrive/├ürea de Trabalho/smart-finance-hub/assets/useTransactions-n8OpHcgo.js.gz       6.94kb / gzip: 2.47kb
dist/C:/Users/felip/OneDrive/├ürea de Trabalho/smart-finance-hub/assets/useTransactions-zVuYbK_i.js.gz       7.14kb / gzip: 2.52kb
dist/C:/Users/felip/OneDrive/├ürea de Trabalho/smart-finance-hub/assets/useTransactions-DVtRCjWW.js.gz       4.85kb / gzip: 1.85kb
dist/C:/Users/felip/OneDrive/├ürea de Trabalho/smart-finance-hub/assets/useTransactions-CrOgapin.js.gz       4.74kb / gzip: 1.80kb
dist/C:/Users/felip/OneDrive/├ürea de Trabalho/smart-finance-hub/assets/Transactions-B7J55Kfc.js.gz          24.69kb / gzip: 7.07kb
dist/C:/Users/felip/OneDrive/├ürea de Trabalho/smart-finance-hub/assets/vendor-icons-CO2qkw1O.js.gz          17.15kb / gzip: 5.79kb
dist/C:/Users/felip/OneDrive/├ürea de Trabalho/smart-finance-hub/assets/vendor-icons-SLCSWjPS.js.gz          16.95kb / gzip: 5.73kb
dist/C:/Users/felip/OneDrive/├ürea de Trabalho/smart-finance-hub/assets/vendor-data-igFYAA10.js.gz           47.59kb / gzip: 13.46kb
dist/C:/Users/felip/OneDrive/├ürea de Trabalho/smart-finance-hub/assets/vendor-icons-DUXeevxZ.js.gz          23.33kb / gzip: 7.79kb
dist/C:/Users/felip/OneDrive/├ürea de Trabalho/smart-finance-hub/assets/vendor-icons-DCmMhox_.js.gz          24.99kb / gzip: 8.26kb
dist/C:/Users/felip/OneDrive/├ürea de Trabalho/smart-finance-hub/assets/vendor-icons-D0qH8iLK.js.gz          31.82kb / gzip: 11.06kb
dist/C:/Users/felip/OneDrive/├ürea de Trabalho/smart-finance-hub/assets/vendor-icons-BKG0oAv3.js.gz          23.66kb / gzip: 7.90kb
dist/C:/Users/felip/OneDrive/├ürea de Trabalho/smart-finance-hub/assets/vendor-ui-anim-DZmsbNdY.js.gz        30.45kb / gzip: 10.33kb
dist/C:/Users/felip/OneDrive/├ürea de Trabalho/smart-finance-hub/assets/vendor-ui-icons-3FByrqIw.js.gz       24.99kb / gzip: 8.26kb
dist/C:/Users/felip/OneDrive/├ürea de Trabalho/smart-finance-hub/assets/vendor-utils-BIFLX8EZ.js.gz          3.65kb / gzip: 1.54kb
dist/C:/Users/felip/OneDrive/├ürea de Trabalho/smart-finance-hub/assets/vendor-utils-BFG2b5kp.js.gz          3.71kb / gzip: 1.56kb
dist/C:/Users/felip/OneDrive/├ürea de Trabalho/smart-finance-hub/assets/Webhooks-9acG4_xM.js.gz              4.61kb / gzip: 1.85kb
dist/C:/Users/felip/OneDrive/├ürea de Trabalho/smart-finance-hub/assets/Webhooks-1x7z1k4a.js.gz              14.81kb / gzip: 4.36kb
dist/C:/Users/felip/OneDrive/├ürea de Trabalho/smart-finance-hub/assets/vendor-utils-BoqFH7n1.js.gz          3.69kb / gzip: 1.55kb
dist/C:/Users/felip/OneDrive/├ürea de Trabalho/smart-finance-hub/assets/Webhooks-B6qVFehj.js.gz              11.77kb / gzip: 3.52kb
dist/C:/Users/felip/OneDrive/├ürea de Trabalho/smart-finance-hub/assets/Webhooks-BbzyqzMS.js.gz              14.95kb / gzip: 4.29kb
dist/C:/Users/felip/OneDrive/├ürea de Trabalho/smart-finance-hub/assets/Webhooks-B0lIVut8.js.gz              14.73kb / gzip: 4.32kb
dist/C:/Users/felip/OneDrive/├ürea de Trabalho/smart-finance-hub/assets/Webhooks-BefNuX5E.js.gz              14.67kb / gzip: 4.29kb
dist/C:/Users/felip/OneDrive/├ürea de Trabalho/smart-finance-hub/assets/Webhooks-BCL6uKBf.js.gz              14.67kb / gzip: 4.29kb
dist/C:/Users/felip/OneDrive/├ürea de Trabalho/smart-finance-hub/assets/Webhooks-BT_fp_cB.js.gz              14.79kb / gzip: 4.35kb
dist/C:/Users/felip/OneDrive/├ürea de Trabalho/smart-finance-hub/assets/Webhooks-C-JgsMA1.js.gz              4.61kb / gzip: 1.85kb
dist/C:/Users/felip/OneDrive/├ürea de Trabalho/smart-finance-hub/assets/Webhooks-CmZOMsVi.js.gz              4.61kb / gzip: 1.85kb
dist/C:/Users/felip/OneDrive/├ürea de Trabalho/smart-finance-hub/assets/Webhooks-DfbikE7P.js.gz              4.61kb / gzip: 1.85kb
dist/C:/Users/felip/OneDrive/├ürea de Trabalho/smart-finance-hub/assets/Webhooks-C-8jU7UK.js.gz              14.76kb / gzip: 4.33kb
dist/C:/Users/felip/OneDrive/├ürea de Trabalho/smart-finance-hub/assets/Webhooks-ErdWoDsW.js.gz              4.61kb / gzip: 1.85kb
dist/C:/Users/felip/OneDrive/├ürea de Trabalho/smart-finance-hub/assets/Webhooks-DzBb8fi5.js.gz              14.73kb / gzip: 4.32kb
dist/C:/Users/felip/OneDrive/├ürea de Trabalho/smart-finance-hub/assets/Webhooks-kCh6bFDj.js.gz              15.10kb / gzip: 4.29kb
dist/C:/Users/felip/OneDrive/├ürea de Trabalho/smart-finance-hub/index.html.gz                               3.70kb / gzip: 1.39kb
dist/C:/Users/felip/OneDrive/├ürea de Trabalho/smart-finance-hub/sw-custom.js.gz                             4.85kb / gzip: 1.44kb
dist/C:/Users/felip/OneDrive/├ürea de Trabalho/smart-finance-hub/manifest.json.gz                            1.20kb / gzip: 0.34kb
dist/C:/Users/felip/OneDrive/├ürea de Trabalho/smart-finance-hub/assets/vendor-utils-CQ2DUUnE.js.gz          41.05kb / gzip: 14.95kb
dist/C:/Users/felip/OneDrive/├ürea de Trabalho/smart-finance-hub/assets/Webhooks-CdNgwBRR.js.gz              4.61kb / gzip: 1.85kb
dist/C:/Users/felip/OneDrive/├ürea de Trabalho/smart-finance-hub/assets/Webhooks-Lvh5PohL.js.gz              14.79kb / gzip: 4.35kb
dist/C:/Users/felip/OneDrive/├ürea de Trabalho/smart-finance-hub/assets/Webhooks-NRnnG5vI.js.gz              14.79kb / gzip: 4.35kb
dist/C:/Users/felip/OneDrive/├ürea de Trabalho/smart-finance-hub/sw.js.gz                                    63.22kb / gzip: 11.10kb
dist/C:/Users/felip/OneDrive/├ürea de Trabalho/smart-finance-hub/workbox-16bb0a5f.js.gz                      22.17kb / gzip: 7.48kb
dist/C:/Users/felip/OneDrive/├ürea de Trabalho/smart-finance-hub/assets/fileParser-CToRO3nW.js.gz            55.31kb / gzip: 16.24kb
dist/C:/Users/felip/OneDrive/├ürea de Trabalho/smart-finance-hub/assets/fileParser-Diw5ALzD.js.gz            55.31kb / gzip: 16.24kb
dist/C:/Users/felip/OneDrive/├ürea de Trabalho/smart-finance-hub/assets/fileParser-DJbvXBVQ.js.gz            55.05kb / gzip: 16.23kb
dist/C:/Users/felip/OneDrive/├ürea de Trabalho/smart-finance-hub/assets/fileParser-kWgpgJh5.js.gz            55.31kb / gzip: 16.24kb
dist/C:/Users/felip/OneDrive/├ürea de Trabalho/smart-finance-hub/assets/fileParser-VnsJ6DTo.js.gz            55.31kb / gzip: 16.24kb
dist/C:/Users/felip/OneDrive/├ürea de Trabalho/smart-finance-hub/assets/index-B0LGmIWI.css.gz                133.00kb / gzip: 19.64kb
dist/C:/Users/felip/OneDrive/├ürea de Trabalho/smart-finance-hub/assets/index-6Mhi1lKH.js.gz                 88.67kb / gzip: 26.09kb
dist/C:/Users/felip/OneDrive/├ürea de Trabalho/smart-finance-hub/assets/index-1wgwiiLI.css.gz                134.21kb / gzip: 20.14kb
dist/C:/Users/felip/OneDrive/├ürea de Trabalho/smart-finance-hub/assets/index-B32uuS5X.css.gz                125.71kb / gzip: 17.59kb
dist/C:/Users/felip/OneDrive/├ürea de Trabalho/smart-finance-hub/assets/index-BHYL_bc-.js.gz                 87.76kb / gzip: 26.17kb
dist/C:/Users/felip/OneDrive/├ürea de Trabalho/smart-finance-hub/assets/index-BKDz9NL3.css.gz                140.68kb / gzip: 20.64kb
dist/C:/Users/felip/OneDrive/├ürea de Trabalho/smart-finance-hub/assets/index-Bs7v9KUG.css.gz                138.58kb / gzip: 19.45kb
dist/C:/Users/felip/OneDrive/├ürea de Trabalho/smart-finance-hub/assets/index-Bw9nisb5.css.gz                138.98kb / gzip: 20.68kb
dist/C:/Users/felip/OneDrive/├ürea de Trabalho/smart-finance-hub/assets/index-ByoSSgi6.css.gz                135.06kb / gzip: 20.05kb
dist/C:/Users/felip/OneDrive/├ürea de Trabalho/smart-finance-hub/assets/index-BYz_M6m0.css.gz                123.64kb / gzip: 18.87kb
dist/C:/Users/felip/OneDrive/├ürea de Trabalho/smart-finance-hub/assets/index-BvqLmlOw.css.gz                142.96kb / gzip: 19.08kb
dist/C:/Users/felip/OneDrive/├ürea de Trabalho/smart-finance-hub/assets/index-CCrZ_Dm0.css.gz                138.10kb / gzip: 20.30kb
dist/C:/Users/felip/OneDrive/├ürea de Trabalho/smart-finance-hub/assets/index-CDgySzPc.css.gz                138.63kb / gzip: 20.41kb
dist/C:/Users/felip/OneDrive/├ürea de Trabalho/smart-finance-hub/assets/index-CD-1NW66.css.gz                130.79kb / gzip: 18.05kb
dist/C:/Users/felip/OneDrive/├ürea de Trabalho/smart-finance-hub/assets/index-CgWGp9vk.js.gz                 87.96kb / gzip: 26.23kb
dist/C:/Users/felip/OneDrive/├ürea de Trabalho/smart-finance-hub/assets/index-CRVa5Zg3.css.gz                138.10kb / gzip: 20.30kb
dist/C:/Users/felip/OneDrive/├ürea de Trabalho/smart-finance-hub/assets/index-CoiGKBoY.css.gz                138.74kb / gzip: 20.37kb
dist/C:/Users/felip/OneDrive/├ürea de Trabalho/smart-finance-hub/assets/index-CtLd6Clu.css.gz                125.49kb / gzip: 19.24kb
dist/C:/Users/felip/OneDrive/├ürea de Trabalho/smart-finance-hub/assets/index-CUK7nItB.css.gz                139.97kb / gzip: 20.60kb
dist/C:/Users/felip/OneDrive/├ürea de Trabalho/smart-finance-hub/assets/index-CTMJFShP.js.gz                 88.16kb / gzip: 26.21kb
dist/C:/Users/felip/OneDrive/├ürea de Trabalho/smart-finance-hub/assets/index-Cv0cCLpS.css.gz                123.09kb / gzip: 18.74kb
dist/C:/Users/felip/OneDrive/├ürea de Trabalho/smart-finance-hub/assets/index-CZ5J3dKX.js.gz                 87.76kb / gzip: 26.17kb
dist/C:/Users/felip/OneDrive/├ürea de Trabalho/smart-finance-hub/assets/index-DctL59x2.js.gz                 88.05kb / gzip: 26.16kb
dist/C:/Users/felip/OneDrive/├ürea de Trabalho/smart-finance-hub/assets/index-DFDgrUUo.css.gz                100.46kb / gzip: 16.30kb
dist/C:/Users/felip/OneDrive/├ürea de Trabalho/smart-finance-hub/assets/index-DCKD7lS7.css.gz                133.47kb / gzip: 19.69kb
dist/C:/Users/felip/OneDrive/├ürea de Trabalho/smart-finance-hub/assets/index-DjFgihaW.js.gz                 89.13kb / gzip: 26.09kb
dist/C:/Users/felip/OneDrive/├ürea de Trabalho/smart-finance-hub/assets/index-CZNIOSYB.css.gz                131.33kb / gzip: 18.87kb
dist/C:/Users/felip/OneDrive/├ürea de Trabalho/smart-finance-hub/assets/index-DdnM4PwF.css.gz                139.82kb / gzip: 19.26kb
dist/C:/Users/felip/OneDrive/├ürea de Trabalho/smart-finance-hub/assets/index-DFpFEB_a.css.gz                138.70kb / gzip: 18.68kb
dist/C:/Users/felip/OneDrive/├ürea de Trabalho/smart-finance-hub/assets/index-DOscfbqD.css.gz                138.37kb / gzip: 20.38kb
dist/C:/Users/felip/OneDrive/├ürea de Trabalho/smart-finance-hub/assets/index-e8e65qTs.js.gz                 88.05kb / gzip: 26.17kb
dist/C:/Users/felip/OneDrive/├ürea de Trabalho/smart-finance-hub/assets/index-mnh2v_gt.js.gz                 87.79kb / gzip: 26.15kb
dist/C:/Users/felip/OneDrive/├ürea de Trabalho/smart-finance-hub/assets/index-fD6B9Pbx.css.gz                141.51kb / gzip: 19.31kb
dist/C:/Users/felip/OneDrive/├ürea de Trabalho/smart-finance-hub/assets/index-N3v0TWSu.css.gz                138.87kb / gzip: 20.66kb
dist/C:/Users/felip/OneDrive/├ürea de Trabalho/smart-finance-hub/assets/index-gYuC59D_.css.gz                130.85kb / gzip: 18.98kb
dist/C:/Users/felip/OneDrive/├ürea de Trabalho/smart-finance-hub/assets/index-nSU56Sxc.css.gz                139.03kb / gzip: 20.72kb
dist/C:/Users/felip/OneDrive/├ürea de Trabalho/smart-finance-hub/assets/index-PM0bWPiT.css.gz                127.17kb / gzip: 18.00kb
dist/C:/Users/felip/OneDrive/├ürea de Trabalho/smart-finance-hub/assets/index-TyB2Vejr.css.gz                140.62kb / gzip: 20.66kb
dist/C:/Users/felip/OneDrive/├ürea de Trabalho/smart-finance-hub/assets/index-tSLUosfJ.css.gz                140.94kb / gzip: 20.68kb
dist/C:/Users/felip/OneDrive/├ürea de Trabalho/smart-finance-hub/assets/index-_yEmusS7.css.gz                134.46kb / gzip: 20.15kb
dist/C:/Users/felip/OneDrive/├ürea de Trabalho/smart-finance-hub/assets/index-yhM4n6z5.css.gz                125.78kb / gzip: 19.25kb
dist/C:/Users/felip/OneDrive/├ürea de Trabalho/smart-finance-hub/assets/Simulators-4da3Qf1O.js.gz            88.76kb / gzip: 20.20kb
dist/C:/Users/felip/OneDrive/├ürea de Trabalho/smart-finance-hub/assets/Simulators-Bbb_F4ZM.js.gz            90.08kb / gzip: 20.27kb
dist/C:/Users/felip/OneDrive/├ürea de Trabalho/smart-finance-hub/assets/Simulators-BjUTh5wB.js.gz            87.51kb / gzip: 20.28kb
dist/C:/Users/felip/OneDrive/├ürea de Trabalho/smart-finance-hub/assets/Simulators-B6BngyQl.js.gz            87.49kb / gzip: 20.25kb
dist/C:/Users/felip/OneDrive/├ürea de Trabalho/smart-finance-hub/assets/Simulators-BrBjPWXN.js.gz            87.61kb / gzip: 20.33kb
dist/C:/Users/felip/OneDrive/├ürea de Trabalho/smart-finance-hub/assets/Simulators-BKKQODcC.js.gz            87.51kb / gzip: 20.28kb
dist/C:/Users/felip/OneDrive/├ürea de Trabalho/smart-finance-hub/assets/Simulators-BZ7p2aUG.js.gz            87.68kb / gzip: 20.35kb
dist/C:/Users/felip/OneDrive/├ürea de Trabalho/smart-finance-hub/assets/Simulators-Bnpu9pQc.js.gz            87.51kb / gzip: 20.28kb
dist/C:/Users/felip/OneDrive/├ürea de Trabalho/smart-finance-hub/assets/Simulators-BrnHvI-X.js.gz            87.51kb / gzip: 20.28kb
dist/C:/Users/felip/OneDrive/├ürea de Trabalho/smart-finance-hub/assets/Simulators-BsoA4sBB.js.gz            87.51kb / gzip: 20.29kb
dist/C:/Users/felip/OneDrive/├ürea de Trabalho/smart-finance-hub/assets/Simulators-CHkJNn34.js.gz            87.61kb / gzip: 20.33kb
dist/C:/Users/felip/OneDrive/├ürea de Trabalho/smart-finance-hub/assets/Simulators-CgwtIBub.js.gz            87.61kb / gzip: 20.33kb
dist/C:/Users/felip/OneDrive/├ürea de Trabalho/smart-finance-hub/assets/Simulators-BwOxU0lY.js.gz            87.58kb / gzip: 20.25kb
dist/C:/Users/felip/OneDrive/├ürea de Trabalho/smart-finance-hub/assets/Simulators-CMplLrZ2.js.gz            88.42kb / gzip: 20.38kb
dist/C:/Users/felip/OneDrive/├ürea de Trabalho/smart-finance-hub/assets/Simulators-COdD1VHj.js.gz            87.51kb / gzip: 20.28kb
dist/C:/Users/felip/OneDrive/├ürea de Trabalho/smart-finance-hub/assets/Simulators-CMlfnefG.js.gz            87.61kb / gzip: 20.33kb
dist/C:/Users/felip/OneDrive/├ürea de Trabalho/smart-finance-hub/assets/Simulators-Db8y-7Y-.js.gz            87.61kb / gzip: 20.33kb
dist/C:/Users/felip/OneDrive/├ürea de Trabalho/smart-finance-hub/assets/Simulators-CR61Wv6H.js.gz            87.51kb / gzip: 20.28kb
dist/C:/Users/felip/OneDrive/├ürea de Trabalho/smart-finance-hub/assets/Simulators-CGFylTZV.js.gz            87.51kb / gzip: 20.29kb
dist/C:/Users/felip/OneDrive/├ürea de Trabalho/smart-finance-hub/assets/Simulators-DGShLigX.js.gz            87.61kb / gzip: 20.33kb
dist/C:/Users/felip/OneDrive/├ürea de Trabalho/smart-finance-hub/assets/Simulators-CQ1fD59k.js.gz            87.51kb / gzip: 20.29kb
dist/C:/Users/felip/OneDrive/├ürea de Trabalho/smart-finance-hub/assets/Simulators-DkKI-s_i.js.gz            88.53kb / gzip: 20.51kb
dist/C:/Users/felip/OneDrive/├ürea de Trabalho/smart-finance-hub/assets/Simulators-CYTmm6_h.js.gz            87.52kb / gzip: 20.25kb
dist/C:/Users/felip/OneDrive/├ürea de Trabalho/smart-finance-hub/assets/Simulators-DbTdtcpy.js.gz            87.68kb / gzip: 20.35kb
dist/C:/Users/felip/OneDrive/├ürea de Trabalho/smart-finance-hub/assets/Simulators-D5kpy80J.js.gz            87.44kb / gzip: 20.25kb
dist/C:/Users/felip/OneDrive/├ürea de Trabalho/smart-finance-hub/assets/Simulators-DPo6cCPu.js.gz            87.51kb / gzip: 20.28kb
dist/C:/Users/felip/OneDrive/├ürea de Trabalho/smart-finance-hub/assets/Simulators-DPZjo8gC.js.gz            87.61kb / gzip: 20.33kb
dist/C:/Users/felip/OneDrive/├ürea de Trabalho/smart-finance-hub/assets/Simulators-DQoy_1Ej.js.gz            87.51kb / gzip: 20.29kb
dist/C:/Users/felip/OneDrive/├ürea de Trabalho/smart-finance-hub/assets/Simulators-DSHSIcUt.js.gz            87.61kb / gzip: 20.33kb
dist/C:/Users/felip/OneDrive/├ürea de Trabalho/smart-finance-hub/assets/Simulators-DxKehgEd.js.gz            88.30kb / gzip: 20.35kb
dist/C:/Users/felip/OneDrive/├ürea de Trabalho/smart-finance-hub/assets/Simulators-DY7_g4_t.js.gz            87.61kb / gzip: 20.33kb
dist/C:/Users/felip/OneDrive/├ürea de Trabalho/smart-finance-hub/assets/Simulators-DrVoV9Rn.js.gz            87.51kb / gzip: 20.28kb
dist/C:/Users/felip/OneDrive/├ürea de Trabalho/smart-finance-hub/assets/Simulators-DzZl5G1Y.js.gz            87.48kb / gzip: 20.23kb
dist/C:/Users/felip/OneDrive/├ürea de Trabalho/smart-finance-hub/assets/Simulators-IoAzfPDc.js.gz            88.56kb / gzip: 20.51kb
dist/C:/Users/felip/OneDrive/├ürea de Trabalho/smart-finance-hub/assets/Simulators-kgKbsr6c.js.gz            88.42kb / gzip: 20.38kb
dist/C:/Users/felip/OneDrive/├ürea de Trabalho/smart-finance-hub/assets/Simulators-YIGlPA2E.js.gz            91.43kb / gzip: 21.98kb
dist/C:/Users/felip/OneDrive/├ürea de Trabalho/smart-finance-hub/assets/Simulators-LAGNHUTY.js.gz            91.43kb / gzip: 21.99kb
dist/C:/Users/felip/OneDrive/├ürea de Trabalho/smart-finance-hub/assets/Simulators-GQAwc716.js.gz            87.51kb / gzip: 20.29kb
dist/C:/Users/felip/OneDrive/├ürea de Trabalho/smart-finance-hub/assets/Simulators-VgZyih-1.js.gz            87.51kb / gzip: 20.28kb
dist/C:/Users/felip/OneDrive/├ürea de Trabalho/smart-finance-hub/assets/vendor-data-Cp4-pZEj.js.gz           57.45kb / gzip: 18.33kb
dist/C:/Users/felip/OneDrive/├ürea de Trabalho/smart-finance-hub/assets/vendor-utils-BoOTE9nJ.js.gz          44.82kb / gzip: 16.39kb
dist/C:/Users/felip/OneDrive/├ürea de Trabalho/smart-finance-hub/assets/supabase-CDGuCRB-.js.gz              168.97kb / gzip: 44.43kb
dist/C:/Users/felip/OneDrive/├ürea de Trabalho/smart-finance-hub/assets/vendor-anim-CkzbAg69.js.gz           120.09kb / gzip: 38.32kb
dist/C:/Users/felip/OneDrive/├ürea de Trabalho/smart-finance-hub/assets/vendor-anim-vL5x1Fok.js.gz           119.42kb / gzip: 38.06kb
dist/C:/Users/felip/OneDrive/├ürea de Trabalho/smart-finance-hub/assets/vendor-supabase-QeT-7LZZ.js.gz       166.00kb / gzip: 42.03kb
dist/C:/Users/felip/OneDrive/├ürea de Trabalho/smart-finance-hub/assets/vendor-ui-6f6vW0k3.js.gz             145.23kb / gzip: 46.86kb
dist/C:/Users/felip/OneDrive/├ürea de Trabalho/smart-finance-hub/assets/vendor-ui-BwVC777G.js.gz             121.89kb / gzip: 38.88kb
dist/C:/Users/felip/OneDrive/├ürea de Trabalho/smart-finance-hub/assets/vendor-ui-Ce4BY5vs.js.gz             145.23kb / gzip: 46.86kb
dist/C:/Users/felip/OneDrive/├ürea de Trabalho/smart-finance-hub/assets/vendor-ui-BeSk38Yv.js.gz             144.14kb / gzip: 46.31kb
dist/C:/Users/felip/OneDrive/├ürea de Trabalho/smart-finance-hub/assets/vendor-ui-DOnFQ8SP.js.gz             143.41kb / gzip: 46.32kb
dist/C:/Users/felip/OneDrive/├ürea de Trabalho/smart-finance-hub/assets/vendor-ui-CLSqaM38.js.gz             145.29kb / gzip: 46.86kb
dist/C:/Users/felip/OneDrive/├ürea de Trabalho/smart-finance-hub/assets/vendor-ui-DptFfn1m.js.gz             145.29kb / gzip: 46.87kb
dist/C:/Users/felip/OneDrive/├ürea de Trabalho/smart-finance-hub/assets/vendor-ui-DJMGKave.js.gz             145.23kb / gzip: 46.86kb
dist/C:/Users/felip/OneDrive/├ürea de Trabalho/smart-finance-hub/assets/vendor-ui-DghTN-36.js.gz             143.41kb / gzip: 46.32kb
dist/C:/Users/felip/OneDrive/├ürea de Trabalho/smart-finance-hub/assets/index-B73Ow8U6.js.gz                 200.18kb / gzip: 62.43kb
dist/C:/Users/felip/OneDrive/├ürea de Trabalho/smart-finance-hub/assets/index-B3N7np4l.js.gz                 227.12kb / gzip: 63.79kb
dist/C:/Users/felip/OneDrive/├ürea de Trabalho/smart-finance-hub/assets/index-B_1ukpfk.js.gz                 202.92kb / gzip: 54.29kb
dist/C:/Users/felip/OneDrive/├ürea de Trabalho/smart-finance-hub/assets/index-Bz438vjq.js.gz                 200.18kb / gzip: 62.42kb
dist/C:/Users/felip/OneDrive/├ürea de Trabalho/smart-finance-hub/assets/index-D14E7BdH.js.gz                 202.59kb / gzip: 62.97kb
dist/C:/Users/felip/OneDrive/├ürea de Trabalho/smart-finance-hub/assets/index-sTn7G6Qr.js.gz                 227.14kb / gzip: 63.80kb
dist/C:/Users/felip/OneDrive/├ürea de Trabalho/smart-finance-hub/assets/index.es-B9-8sHNg.js.gz              153.12kb / gzip: 50.17kb
dist/C:/Users/felip/OneDrive/├ürea de Trabalho/smart-finance-hub/assets/index.es-akFi_p0V.js.gz              153.05kb / gzip: 50.13kb
dist/C:/Users/felip/OneDrive/├ürea de Trabalho/smart-finance-hub/assets/index.es-BH4-VpVB.js.gz              153.12kb / gzip: 50.17kb
dist/C:/Users/felip/OneDrive/├ürea de Trabalho/smart-finance-hub/assets/index.es-B6J-ozTc.js.gz              155.74kb / gzip: 52.07kb
dist/C:/Users/felip/OneDrive/├ürea de Trabalho/smart-finance-hub/assets/index.es-Bl4-G4mg.js.gz              152.93kb / gzip: 50.08kb
dist/C:/Users/felip/OneDrive/├ürea de Trabalho/smart-finance-hub/assets/index.es-4qcgAM4B.js.gz              155.74kb / gzip: 52.07kb
dist/C:/Users/felip/OneDrive/├ürea de Trabalho/smart-finance-hub/assets/index.es-BOl0ZWzK.js.gz              153.12kb / gzip: 50.17kb
dist/C:/Users/felip/OneDrive/├ürea de Trabalho/smart-finance-hub/assets/index.es-BhHe8Xtl.js.gz              152.93kb / gzip: 50.08kb
dist/C:/Users/felip/OneDrive/├ürea de Trabalho/smart-finance-hub/assets/index.es-BbnwUIud.js.gz              153.12kb / gzip: 50.17kb
dist/C:/Users/felip/OneDrive/├ürea de Trabalho/smart-finance-hub/assets/index.es-CMcEKI_z.js.gz              152.89kb / gzip: 50.06kb
dist/C:/Users/felip/OneDrive/├ürea de Trabalho/smart-finance-hub/assets/index.es-BO8Uebte.js.gz              155.74kb / gzip: 52.07kb
dist/C:/Users/felip/OneDrive/├ürea de Trabalho/smart-finance-hub/assets/index.es-BTeqlemw.js.gz              153.12kb / gzip: 50.17kb
dist/C:/Users/felip/OneDrive/├ürea de Trabalho/smart-finance-hub/assets/index.es-BYt4Jnyt.js.gz              155.74kb / gzip: 52.07kb
dist/C:/Users/felip/OneDrive/├ürea de Trabalho/smart-finance-hub/assets/index.es-BNgxY5s5.js.gz              153.12kb / gzip: 50.17kb
dist/C:/Users/felip/OneDrive/├ürea de Trabalho/smart-finance-hub/assets/index.es-CBDidX88.js.gz              152.89kb / gzip: 50.06kb
dist/C:/Users/felip/OneDrive/├ürea de Trabalho/smart-finance-hub/assets/index.es-DP2TYfIc.js.gz              152.93kb / gzip: 50.04kb
dist/C:/Users/felip/OneDrive/├ürea de Trabalho/smart-finance-hub/assets/index.es-CdadRSJe.js.gz              152.89kb / gzip: 50.06kb
dist/C:/Users/felip/OneDrive/├ürea de Trabalho/smart-finance-hub/assets/index.es-DlINQkF5.js.gz              153.12kb / gzip: 50.17kb
dist/C:/Users/felip/OneDrive/├ürea de Trabalho/smart-finance-hub/assets/index.es-DzaaVnZN.js.gz              152.93kb / gzip: 50.08kb
dist/C:/Users/felip/OneDrive/├ürea de Trabalho/smart-finance-hub/assets/index.es-Dx8TkIiP.js.gz              152.89kb / gzip: 50.06kb
dist/C:/Users/felip/OneDrive/├ürea de Trabalho/smart-finance-hub/assets/index.es-D_v6f2Qz.js.gz              155.74kb / gzip: 52.08kb
dist/C:/Users/felip/OneDrive/├ürea de Trabalho/smart-finance-hub/assets/index.es-EFB0zZen.js.gz              153.12kb / gzip: 50.17kb
dist/C:/Users/felip/OneDrive/├ürea de Trabalho/smart-finance-hub/assets/index.es-CzxL_WoG.js.gz              153.12kb / gzip: 50.17kb
dist/C:/Users/felip/OneDrive/├ürea de Trabalho/smart-finance-hub/assets/index.es-PhLC4sFn.js.gz              155.74kb / gzip: 52.07kb
dist/C:/Users/felip/OneDrive/├ürea de Trabalho/smart-finance-hub/assets/index.es-koNzubh0.js.gz              155.74kb / gzip: 52.08kb
dist/C:/Users/felip/OneDrive/├ürea de Trabalho/smart-finance-hub/assets/vendor-charts-BsTtdUnt.js.gz         275.33kb / gzip: 59.15kb
dist/C:/Users/felip/OneDrive/├ürea de Trabalho/smart-finance-hub/assets/vendor-core-BoFZCHZP.js.gz           170.43kb / gzip: 53.51kb
dist/C:/Users/felip/OneDrive/├ürea de Trabalho/smart-finance-hub/assets/vendor-react-9yjHenK4.js.gz          158.87kb / gzip: 51.84kb
dist/C:/Users/felip/OneDrive/├ürea de Trabalho/smart-finance-hub/assets/vendor-react-CIfh-c49.js.gz          158.78kb / gzip: 51.83kb
dist/C:/Users/felip/OneDrive/├ürea de Trabalho/smart-finance-hub/assets/vendor-react-CqXNdVaD.js.gz          158.78kb / gzip: 51.83kb
dist/C:/Users/felip/OneDrive/├ürea de Trabalho/smart-finance-hub/assets/vendor-react-C6fIoOgn.js.gz          186.39kb / gzip: 58.97kb
dist/C:/Users/felip/OneDrive/├ürea de Trabalho/smart-finance-hub/assets/vendor-react-pAYPSWnF.js.gz          158.87kb / gzip: 51.84kb
dist/C:/Users/felip/OneDrive/├ürea de Trabalho/smart-finance-hub/assets/vendor-V-BaWec1.js.gz                162.03kb / gzip: 52.95kb
dist/C:/Users/felip/OneDrive/├ürea de Trabalho/smart-finance-hub/assets/index-BhK3CnJK.js.gz                 210.75kb / gzip: 65.26kb
dist/C:/Users/felip/OneDrive/├ürea de Trabalho/smart-finance-hub/assets/index-BqMcNAeH.js.gz                 211.24kb / gzip: 65.35kb
dist/C:/Users/felip/OneDrive/├ürea de Trabalho/smart-finance-hub/assets/index-BCz7R62e.js.gz                 235.40kb / gzip: 65.94kb
dist/C:/Users/felip/OneDrive/├ürea de Trabalho/smart-finance-hub/assets/index-B9rCpJBd.js.gz                 281.13kb / gzip: 77.03kb
dist/C:/Users/felip/OneDrive/├ürea de Trabalho/smart-finance-hub/assets/index-BhR1ha18.js.gz                 210.75kb / gzip: 65.26kb
dist/C:/Users/felip/OneDrive/├ürea de Trabalho/smart-finance-hub/assets/index-BrxagorQ.js.gz                 279.39kb / gzip: 76.13kb
dist/C:/Users/felip/OneDrive/├ürea de Trabalho/smart-finance-hub/assets/index-BPQxshbb.js.gz                 210.75kb / gzip: 65.26kb
dist/C:/Users/felip/OneDrive/├ürea de Trabalho/smart-finance-hub/assets/index-C2dCMZUT.js.gz                 210.75kb / gzip: 65.26kb
dist/C:/Users/felip/OneDrive/├ürea de Trabalho/smart-finance-hub/assets/index-C28dni3K.js.gz                 210.75kb / gzip: 65.26kb
dist/C:/Users/felip/OneDrive/├ürea de Trabalho/smart-finance-hub/assets/index-CMNKyt7R.js.gz                 233.26kb / gzip: 65.19kb
dist/C:/Users/felip/OneDrive/├ürea de Trabalho/smart-finance-hub/assets/index-CMcJTLsp.js.gz                 281.86kb / gzip: 77.27kb
dist/C:/Users/felip/OneDrive/├ürea de Trabalho/smart-finance-hub/assets/index-Cnl0kzkc.js.gz                 281.61kb / gzip: 76.87kb
dist/C:/Users/felip/OneDrive/├ürea de Trabalho/smart-finance-hub/assets/index-Cz3Tis8L.js.gz                 210.39kb / gzip: 65.15kb
dist/C:/Users/felip/OneDrive/├ürea de Trabalho/smart-finance-hub/assets/index-CElKeHvF.js.gz                 281.83kb / gzip: 77.26kb
dist/C:/Users/felip/OneDrive/├ürea de Trabalho/smart-finance-hub/assets/index-CVcyQuxs.js.gz                 278.48kb / gzip: 76.30kb
dist/C:/Users/felip/OneDrive/├ürea de Trabalho/smart-finance-hub/assets/index-DQhpV0np.js.gz                 279.18kb / gzip: 76.22kb
dist/C:/Users/felip/OneDrive/├ürea de Trabalho/smart-finance-hub/assets/index-DZa7JTJU.js.gz                 210.75kb / gzip: 65.25kb
dist/C:/Users/felip/OneDrive/├ürea de Trabalho/smart-finance-hub/assets/index-U40qqkz1.js.gz                 210.75kb / gzip: 65.26kb
dist/C:/Users/felip/OneDrive/├ürea de Trabalho/smart-finance-hub/assets/index-SFFhuAtA.js.gz                 228.25kb / gzip: 64.10kb
dist/C:/Users/felip/OneDrive/├ürea de Trabalho/smart-finance-hub/assets/index-B0o5jEqI.js.gz                 354.38kb / gzip: 90.92kb
dist/C:/Users/felip/OneDrive/├ürea de Trabalho/smart-finance-hub/assets/index-CO9myH2r.js.gz                 358.22kb / gzip: 91.98kb
dist/C:/Users/felip/OneDrive/├ürea de Trabalho/smart-finance-hub/assets/index-CxAx9KcS.js.gz                 354.17kb / gzip: 90.92kb
dist/C:/Users/felip/OneDrive/├ürea de Trabalho/smart-finance-hub/assets/index-CZbJ42L_.js.gz                 359.25kb / gzip: 92.41kb
dist/C:/Users/felip/OneDrive/├ürea de Trabalho/smart-finance-hub/assets/index-D9G_LpVb.js.gz                 354.28kb / gzip: 90.93kb
dist/C:/Users/felip/OneDrive/├ürea de Trabalho/smart-finance-hub/assets/index-DGUzoVVR.js.gz                 354.64kb / gzip: 90.93kb
dist/C:/Users/felip/OneDrive/├ürea de Trabalho/smart-finance-hub/assets/index-DURSCa5K.js.gz                 358.21kb / gzip: 91.96kb
dist/C:/Users/felip/OneDrive/├ürea de Trabalho/smart-finance-hub/assets/index-DYPzfisp.js.gz                 320.85kb / gzip: 84.16kb
dist/C:/Users/felip/OneDrive/├ürea de Trabalho/smart-finance-hub/assets/index-DQ2N4Iid.js.gz                 353.65kb / gzip: 90.69kb
dist/C:/Users/felip/OneDrive/├ürea de Trabalho/smart-finance-hub/assets/index-yMpmijax.js.gz                 344.45kb / gzip: 88.59kb
dist/C:/Users/felip/OneDrive/├ürea de Trabalho/smart-finance-hub/assets/vendor-charts-CDCePeAW.js.gz         411.28kb / gzip: 104.64kb
dist/C:/Users/felip/OneDrive/├ürea de Trabalho/smart-finance-hub/assets/vendor-charts-BTJI7Fi_.js.gz         381.65kb / gzip: 98.52kb
dist/C:/Users/felip/OneDrive/├ürea de Trabalho/smart-finance-hub/assets/vendor-charts-d01Qm_Mo.js.gz         384.11kb / gzip: 98.32kb
dist/C:/Users/felip/OneDrive/├ürea de Trabalho/smart-finance-hub/assets/vendor-charts-C26LgR7z.js.gz         411.30kb / gzip: 104.66kb
dist/C:/Users/felip/OneDrive/├ürea de Trabalho/smart-finance-hub/assets/vendor-charts-DSb4eATR.js.gz         411.30kb / gzip: 104.65kb
dist/C:/Users/felip/OneDrive/├ürea de Trabalho/smart-finance-hub/assets/vendor-charts-DbVypZvo.js.gz         411.30kb / gzip: 104.65kb
dist/C:/Users/felip/OneDrive/├ürea de Trabalho/smart-finance-hub/assets/vendor-charts-BnBpueyo.js.gz         411.30kb / gzip: 104.65kb
dist/C:/Users/felip/OneDrive/├ürea de Trabalho/smart-finance-hub/assets/vendor-charts-CxITwX4i.js.gz         411.30kb / gzip: 104.65kb
dist/C:/Users/felip/OneDrive/├ürea de Trabalho/smart-finance-hub/assets/charts-Bsastdh5.js.gz                422.01kb / gzip: 112.24kb
dist/C:/Users/felip/OneDrive/├ürea de Trabalho/smart-finance-hub/assets/charts-C_PGhxaa.js.gz                422.01kb / gzip: 112.24kb
dist/C:/Users/felip/OneDrive/├ürea de Trabalho/smart-finance-hub/assets/charts-DpMH5YrQ.js.gz                422.02kb / gzip: 112.25kb
dist/C:/Users/felip/OneDrive/├ürea de Trabalho/smart-finance-hub/assets/index-BqOJHInh.js.gz                 468.44kb / gzip: 138.73kb
dist/C:/Users/felip/OneDrive/├ürea de Trabalho/smart-finance-hub/assets/index-B1X3k47Z.js.gz                 468.44kb / gzip: 138.72kb
dist/C:/Users/felip/OneDrive/├ürea de Trabalho/smart-finance-hub/assets/index-B__A8ApT.js.gz                 468.40kb / gzip: 138.70kb
dist/C:/Users/felip/OneDrive/├ürea de Trabalho/smart-finance-hub/assets/index-BsJWaLiP.js.gz                 471.01kb / gzip: 139.68kb
dist/C:/Users/felip/OneDrive/├ürea de Trabalho/smart-finance-hub/assets/index-CGWp5JDs.js.gz                 468.44kb / gzip: 138.72kb
dist/C:/Users/felip/OneDrive/├ürea de Trabalho/smart-finance-hub/assets/index-ChgtLKpb.js.gz                 453.24kb / gzip: 134.39kb
dist/C:/Users/felip/OneDrive/├ürea de Trabalho/smart-finance-hub/assets/index-CiRrezBf.js.gz                 468.06kb / gzip: 138.68kb
dist/C:/Users/felip/OneDrive/├ürea de Trabalho/smart-finance-hub/assets/index-B_se7mEq.js.gz                 475.76kb / gzip: 141.87kb
dist/C:/Users/felip/OneDrive/├ürea de Trabalho/smart-finance-hub/assets/index-BzBNbbX8.js.gz                 468.44kb / gzip: 138.73kb
dist/C:/Users/felip/OneDrive/├ürea de Trabalho/smart-finance-hub/assets/index-CTcXSUqh.js.gz                 470.91kb / gzip: 139.57kb
dist/C:/Users/felip/OneDrive/├ürea de Trabalho/smart-finance-hub/assets/index-DpF1GjbK.js.gz                 466.33kb / gzip: 138.07kb
dist/C:/Users/felip/OneDrive/├ürea de Trabalho/smart-finance-hub/assets/index-DNvz-_Ks.js.gz                 455.47kb / gzip: 135.74kb
dist/C:/Users/felip/OneDrive/├ürea de Trabalho/smart-finance-hub/assets/index-DVGV2knG.js.gz                 465.40kb / gzip: 137.67kb
dist/C:/Users/felip/OneDrive/├ürea de Trabalho/smart-finance-hub/assets/index-DWMS0PeL.js.gz                 471.07kb / gzip: 139.61kb
dist/C:/Users/felip/OneDrive/├ürea de Trabalho/smart-finance-hub/assets/index-DV2b0gbE.js.gz                 465.35kb / gzip: 137.76kb
dist/C:/Users/felip/OneDrive/├ürea de Trabalho/smart-finance-hub/assets/index-DX2oliHh.js.gz                 470.95kb / gzip: 139.59kb
dist/C:/Users/felip/OneDrive/├ürea de Trabalho/smart-finance-hub/assets/index-NvHOA6Bn.js.gz                 457.29kb / gzip: 136.32kb
dist/C:/Users/felip/OneDrive/├ürea de Trabalho/smart-finance-hub/assets/index-fhp2rdDx.js.gz                 470.95kb / gzip: 139.59kb
dist/C:/Users/felip/OneDrive/├ürea de Trabalho/smart-finance-hub/assets/index-VPfYEmzm.js.gz                 469.23kb / gzip: 138.62kb
dist/C:/Users/felip/OneDrive/├ürea de Trabalho/smart-finance-hub/assets/vendor-core-DPlMAE8S.js.gz           437.30kb / gzip: 138.71kb
dist/C:/Users/felip/OneDrive/├ürea de Trabalho/smart-finance-hub/assets/vendor-charts-Bi9I5h3w.js.gz         540.84kb / gzip: 146.07kb
dist/C:/Users/felip/OneDrive/├ürea de Trabalho/smart-finance-hub/assets/vendor-pdf-DYgeV-ra.js.gz            527.53kb / gzip: 151.33kb
dist/C:/Users/felip/OneDrive/├ürea de Trabalho/smart-finance-hub/assets/vendor-utils-Bdej3pPA.js.gz          535.25kb / gzip: 144.38kb
dist/C:/Users/felip/OneDrive/├ürea de Trabalho/smart-finance-hub/assets/Reports-BAZUtfYj.js.gz               575.73kb / gzip: 165.44kb
dist/C:/Users/felip/OneDrive/├ürea de Trabalho/smart-finance-hub/assets/Reports-BNCGpiDm.js.gz               576.27kb / gzip: 165.66kb
dist/C:/Users/felip/OneDrive/├ürea de Trabalho/smart-finance-hub/assets/Reports-BQoogQC0.js.gz               576.65kb / gzip: 165.81kb
dist/C:/Users/felip/OneDrive/├ürea de Trabalho/smart-finance-hub/assets/Reports-BPek588W.js.gz               576.65kb / gzip: 165.81kb
dist/C:/Users/felip/OneDrive/├ürea de Trabalho/smart-finance-hub/assets/Reports-BEvxmTBc.js.gz               576.65kb / gzip: 165.81kb
dist/C:/Users/felip/OneDrive/├ürea de Trabalho/smart-finance-hub/assets/Reports-Dp8cw-o0.js.gz               576.65kb / gzip: 165.81kb
dist/C:/Users/felip/OneDrive/├ürea de Trabalho/smart-finance-hub/assets/Reports-Dn78WY35.js.gz               576.65kb / gzip: 165.81kb
dist/C:/Users/felip/OneDrive/├ürea de Trabalho/smart-finance-hub/assets/Reports-CaAidkuE.js.gz               576.65kb / gzip: 165.81kb
dist/C:/Users/felip/OneDrive/├ürea de Trabalho/smart-finance-hub/assets/Reports-_P40XSK1.js.gz               576.65kb / gzip: 165.81kb
dist/C:/Users/felip/OneDrive/├ürea de Trabalho/smart-finance-hub/assets/Reports-CzG02EwD.js.gz               576.65kb / gzip: 165.81kb
dist/C:/Users/felip/OneDrive/├ürea de Trabalho/smart-finance-hub/assets/vendor-pdf-D0kMwJxl.js.gz            567.04kb / gzip: 163.28kb
dist/C:/Users/felip/OneDrive/├ürea de Trabalho/smart-finance-hub/assets/vendor-pdf-D34SCxqX.js.gz            567.04kb / gzip: 163.28kb
dist/C:/Users/felip/OneDrive/├ürea de Trabalho/smart-finance-hub/assets/vendor-pdf-BA3ZSz6g.js.gz            577.05kb / gzip: 168.20kb
dist/C:/Users/felip/OneDrive/├ürea de Trabalho/smart-finance-hub/assets/vendor-pdf-Cn0EkJIq.js.gz            577.05kb / gzip: 168.20kb
dist/C:/Users/felip/OneDrive/├ürea de Trabalho/smart-finance-hub/assets/Reports-sdzVrf6q.js.gz               576.65kb / gzip: 165.82kb
dist/C:/Users/felip/OneDrive/├ürea de Trabalho/smart-finance-hub/assets/vendor-pdf-BdUZoGVh.js.gz            577.05kb / gzip: 168.20kb
dist/C:/Users/felip/OneDrive/├ürea de Trabalho/smart-finance-hub/assets/vendor-pdf-NHKrNfOR.js.gz            567.04kb / gzip: 163.28kb
dist/C:/Users/felip/OneDrive/├ürea de Trabalho/smart-finance-hub/assets/vendor-pdf-np6mu4rN.js.gz            577.12kb / gzip: 168.23kb
dist/C:/Users/felip/OneDrive/├ürea de Trabalho/smart-finance-hub/assets/index-QgOHvv2X.js.gz                 615.85kb / gzip: 176.68kb
dist/C:/Users/felip/OneDrive/├ürea de Trabalho/smart-finance-hub/assets/vendor-others-BmTsIbKk.js.gz         861.70kb / gzip: 270.73kb
dist/C:/Users/felip/OneDrive/├ürea de Trabalho/smart-finance-hub/assets/index-DQBIbYZx.js.gz                 1224.77kb / gzip: 358.21kb
dist/C:/Users/felip/OneDrive/├ürea de Trabalho/smart-finance-hub/assets/index-DOW7wzyJ.js.gz                 1198.12kb / gzip: 351.01kb
dist/C:/Users/felip/OneDrive/├ürea de Trabalho/smart-finance-hub/assets/index-DvDsUp0O.js.gz                 1297.32kb / gzip: 375.46kb
dist/C:/Users/felip/OneDrive/├ürea de Trabalho/smart-finance-hub/assets/index-DkRy9FNW.js.gz                 1340.90kb / gzip: 386.40kb
dist/C:/Users/felip/OneDrive/├ürea de Trabalho/smart-finance-hub/assets/index-DWqGF2eR.js.gz                 1337.03kb / gzip: 384.59kb
dist/C:/Users/felip/OneDrive/├ürea de Trabalho/smart-finance-hub/assets/index-DsiisyTu.js.gz                 1322.83kb / gzip: 381.77kb
dist/C:/Users/felip/OneDrive/├ürea de Trabalho/smart-finance-hub/assets/index-CSFn1iNC.js.gz                 1474.69kb / gzip: 431.37kb



PWA v1.2.0
mode      generateSW
precache  1265 entries (74552.62 KiB)
files generated
  dist/sw.js
  dist/workbox-16bb0a5f.js
